******************************************************************************
                  TI ARM Linker PC v20.2.4                     
******************************************************************************
>> Linked Wed Jun  8 02:56:08 2022

OUTPUT FILE NAME:   <multi_role2_CC26X2R1_LAUNCHXL_tirtos_ccs2.out>
ENTRY POINT SYMBOL: "ResetISR"  address: 00016a11


MEMORY CONFIGURATION

         name            origin    length      used     unused   attr    fill
----------------------  --------  ---------  --------  --------  ----  --------
  FLASH                 00000000   00056000  00022c54  000333ac  R  X
  FLASH_LAST_PAGE       00056000   00002000  00000058  00001fa8  R  X
  RTOS_SRAM             20000000   0000012c  000000e4  00000048  RW X
  SRAM                  20000fdf   00013021  00002f56  000100cb  RW X


SEGMENT ALLOCATION MAP

run origin  load origin   length   init length attrs members
----------  ----------- ---------- ----------- ----- -------
00000000    00000000    0001ec58   0001ec58    r-x
  00000000    00000000    0000003c   0000003c    r-- .resetVecs
  0000003c    0000003c    0001c42c   0001c42c    r-x .text
  0001c468    0001c468    00002008   00002008    r-- .const
  0001e470    0001e470    00000144   00000144    r-- .rodata
  0001e5b8    0001e5b8    000006a0   000006a0    r-- .cinit
00048000    00048000    00004000   00000000    rw-
  00048000    00048000    00004000   00000000    rw- .TI.bound:flashBuf0
00057fa8    00057fa8    00000058   00000058    r--
  00057fa8    00057fa8    00000058   00000058    r-- .ccfg
20000100    20000100    0000000c   00000000    rw-
  20000100    20000100    00000004   00000000    rw- .data:xdcRomConstPtr
  20000104    20000104    00000004   00000000    rw- .data:xdcRomExternFuncPtr
  20000108    20000108    00000004   00000000    rw- .data:xdcRomStatePtr
20000fe0    20000fe0    00002b56   00000000    rw-
  20000fe0    20000fe0    00001957   00000000    rw- .data
  20002938    20002938    000011fe   00000000    rw- .bss
20013c00    20013c00    00000400   00000000    rw-
  20013c00    20013c00    00000400   00000000    rw- .stack


SECTION ALLOCATION MAP

 output                                  attributes/
section   page    origin      length       input sections
--------  ----  ----------  ----------   ----------------
.cinit     0    0001e5b8    000006a0     
                  0001e5b8    00000645     (.cinit..data.load) [load image, compression = lzss]
                  0001ebfd    00000003     --HOLE-- [fill = 0]
                  0001ec00    0000000c     (__TI_handler_table)
                  0001ec0c    00000004     --HOLE-- [fill = 0]
                  0001ec10    00000008     (.cinit..bss.load) [load image, compression = zero_init]
                  0001ec18    00000008     (.cinit..data:xdcRomConstPtr.load) [load image, compression = lzss]
                  0001ec20    00000008     (.cinit..data:xdcRomExternFuncPtr.load) [load image, compression = lzss]
                  0001ec28    00000008     (.cinit..data:xdcRomStatePtr.load) [load image, compression = lzss]
                  0001ec30    00000028     (__TI_cinit_table)

.init_array 
*          0    00000000    00000000     UNINITIALIZED

.ccfg      0    00057fa8    00000058     
                  00057fa8    00000058     ti_devices_config.obj (.ccfg:retain)

.data:xdcRomConstPtr 
*          0    20000100    00000004     UNINITIALIZED
                  20000100    00000004     multi_role_app_pem4f.oem4f (.data:xdcRomConstPtr)

.data:xdcRomExternFuncPtr 
*          0    20000104    00000004     UNINITIALIZED
                  20000104    00000004     multi_role_app_pem4f.oem4f (.data:xdcRomExternFuncPtr)

.data:xdcRomStatePtr 
*          0    20000108    00000004     UNINITIALIZED
                  20000108    00000004     multi_role_app_pem4f.oem4f (.data:xdcRomStatePtr)

.data      0    20000fe0    00001957     UNINITIALIZED
                  20000fe0    00000508     rf_multiMode_cc26x2.a : RFCC26X2_multiMode.c.cc26x2.ccs.o (.data:$O1$$)
                  200014e8    0000032c     multi_role_menu.obj (.data:$O5$$)
                  20001814    000001d4     devinfoservice.obj (.data:$O10$$)
                  200019e8    000001d4     multi_role.obj (.data:$O3$$)
                  20001bbc    00000170     drivers_cc26x2.a : PowerCC26X2.oem4f (.data:PowerCC26X2_module)
                  20001d2c    00000124     simple_gatt_profile.obj (.data:$O12$$)
                  20001e50    0000010c     multi_role_app_pem4f.oem4f (.data:ROM_stateStruct)
                  20001f5c    000000f8     StackWrapper.a : gapbondmgr.o (.data)
                  20002054    000000b0     OneLib.a : gapgattserver.o (.data)
                  20002104    0000009c     icall.obj (.data:$O13$$)
                  200021a0    00000088     ti_ble_config.obj (.data:$O1$$)
                  20002228    00000080     multi_role_app_pem4f.oem4f (.data:ti_sysbios_knl_Task_Module_State_0_readyQ__A)
                  200022a8    00000064     OneLib.a : ll_config.o (.data)
                  2000230c    00000060     nvocmp.obj (.data:$O9$$)
                  2000236c    00000054     ti_radio_config.obj (.data:pOverrides_bleCommon)
                  200023c0    00000050     ti_radio_config.obj (.data:txPowerTable_2400_pa5)
                  20002410    0000004c     multi_role_app_pem4f.oem4f (.data:ti_sysbios_knl_Task_Object__table__V)
                  2000245c    00000048     board_key.obj (.data:$O2$$)
                  200024a4    00000004     OneLib.a : ll_master_end_causes.o (.data)
                  200024a8    00000048     multi_role_app_pem4f.oem4f (.data:ti_sysbios_family_arm_cc26xx_Timer_Object__table__V)
                  200024f0    00000040     OneLib.a : gattservapp.o (.data)
                  20002530    00000040              : sm_pairing.o (.data)
                  20002570    00000040     ble_user_config.obj (.data:eccParams_NISTP256)
                  200025b0    0000003c     icall_user_config.obj (.data:nvintfFncStruct)
                  200025ec    00000038     multi_role_app_pem4f.oem4f (.data:ti_sysbios_gates_GateMutex_Object__table__V)
                  20002624    00000030     multi_role_app_pem4f.oem4f (.data:ti_sysbios_knl_Swi_Module_State_0_readyQ__A)
                  20002654    00000030     multi_role_app_pem4f.oem4f (.data:ti_sysbios_knl_Swi_Object__table__V)
                  20002684    00000024     driverlib.lib : osc.obj (.data:$O17$$)
                  200026a8    00000020     drivers_cc26x2.a : TRNGCC26XX.oem4f (.data:entropyPoolBuffer)
                  200026c8    00000020     multi_role_app_pem4f.oem4f (.data:ti_sysbios_knl_Clock_Object__table__V)
                  200026e8    00000020     multi_role_app_pem4f.oem4f (.data:xdc_runtime_Error_IgnoreBlock)
                  20002708    00000018     multi_role_app_pem4f.oem4f (.data:ti_sysbios_family_arm_m3_Hwi_Object__table__V)
                  20002720    00000014     two_btn_menu.obj (.data:$O6$$)
                  20002734    00000014     StackWrapper.a : osal.o (.data)
                  20002748    00000011     simple_gatt_profile.obj (.data:simpleProfileChar1UserDesp$13)
                  20002759    00000011     simple_gatt_profile.obj (.data:simpleProfileChar2UserDesp$13)
                  2000276a    00000011     simple_gatt_profile.obj (.data:simpleProfileChar3UserDesp$13)
                  2000277b    00000011     simple_gatt_profile.obj (.data:simpleProfileChar4UserDesp$13)
                  2000278c    00000011     simple_gatt_profile.obj (.data:simpleProfileChar5UserDesp$13)
                  2000279d    00000001     OneLib.a : gapgattserver.o (.data)
                  2000279e    00000002              : ll.o (.data)
                  200027a0    00000010              : gattservapp.o (.data)
                  200027b0    00000010              : ll.o (.data)
                  200027c0    00000010              : ll_data.o (.data)
                  200027d0    00000010     icall_user_config.obj (.data:bleAppServiceInfoTable)
                  200027e0    00000010     icall_api_lite.obj (.data)
                  200027f0    00000010     ti_radio_config.obj (.data:pOverrides_ble2Mbps)
                  20002800    00000010     ti_radio_config.obj (.data:pOverrides_bleCoded)
                  20002810    00000010     main.obj (.data:user0Cfg)
                  20002820    0000000c     ti_radio_config.obj (.data:pOverrides_ble1Mbps)
                  2000282c    0000000c     multi_role_app_pem4f.oem4f (.data:ti_sysbios_heaps_HeapCallback_Object__table__V)
                  20002838    00000009     devinfoservice.obj (.data)
                  20002841    00000001     OneLib.a : gapgattserver.o (.data)
                  20002842    00000002              : ll_config.o (.data)
                  20002844    00000008     icall_cc2650.obj (.data:$O15$$)
                  2000284c    00000008     ble_user_config.obj (.data:$O16$$)
                  20002854    00000008     rtsv7M4_T_le_v4SPD16_eabi.lib : _lock.c.obj (.data:$O20$$)
                  2000285c    00000008     OneLib.a : gapgattserver.o (.data)
                  20002864    00000008     rf_multiMode_cc26x2.a : RFCC26X2_multiMode.c.cc26x2.ccs.o (.data:RFCC26XX_schedulerPolicy)
                  2000286c    00000008     drivers_cc26x2.a : PINCC26XX.oem4f (.data)
                  20002874    00000008                      : TRNGCC26XX.oem4f (.data:jobList)
                  2000287c    00000008     multi_role_app_pem4f.oem4f (.data:ti_sysbios_family_arm_m3_Hwi_Module__root__V)
                  20002884    00000008     multi_role_app_pem4f.oem4f (.data:ti_sysbios_gates_GateHwi_Module__root__V)
                  2000288c    00000008     multi_role_app_pem4f.oem4f (.data:ti_sysbios_gates_GateMutexPri_Module__root__V)
                  20002894    00000008     multi_role_app_pem4f.oem4f (.data:ti_sysbios_gates_GateMutex_Module__root__V)
                  2000289c    00000008     multi_role_app_pem4f.oem4f (.data:ti_sysbios_hal_Hwi_Module__root__V)
                  200028a4    00000008     multi_role_app_pem4f.oem4f (.data:ti_sysbios_heaps_HeapCallback_Module__root__V)
                  200028ac    00000008     multi_role_app_pem4f.oem4f (.data:ti_sysbios_heaps_HeapMem_Module__root__V)
                  200028b4    00000008     multi_role_app_pem4f.oem4f (.data:ti_sysbios_knl_Clock_Module__root__V)
                  200028bc    00000008     multi_role_app_pem4f.oem4f (.data:ti_sysbios_knl_Event_Module__root__V)
                  200028c4    00000008     multi_role_app_pem4f.oem4f (.data:ti_sysbios_knl_Mailbox_Module__root__V)
                  200028cc    00000008     multi_role_app_pem4f.oem4f (.data:ti_sysbios_knl_Queue_Module__root__V)
                  200028d4    00000008     multi_role_app_pem4f.oem4f (.data:ti_sysbios_knl_Semaphore_Module__root__V)
                  200028dc    00000008     multi_role_app_pem4f.oem4f (.data:ti_sysbios_knl_Swi_Module__root__V)
                  200028e4    00000008     multi_role_app_pem4f.oem4f (.data:ti_sysbios_knl_Task_Module__root__V)
                  200028ec    00000008     multi_role_app_pem4f.oem4f (.data:xdc_runtime_System_Module_State_0_atexitHandlers__A)
                  200028f4    00000005     simple_gatt_profile.obj (.data)
                  200028f9    00000001     OneLib.a : gapgattserver.o (.data)
                  200028fa    00000002     StackWrapper.a : osal_cbtimer.o (.data)
                  200028fc    00000004     OneLib.a : ll_slave_end_causes.o (.data)
                  20002900    00000004     StackWrapper.a : hal_assert.o (.data)
                  20002904    00000004     ble_user_config_stack.obj (.data)
                  20002908    00000004     rtsv7M4_T_le_v4SPD16_eabi.lib : stkdepth_vars.c.obj (.data)
                  2000290c    00000004     multi_role_app_pem4f.oem4f (.data:ti_sysbios_family_arm_m3_Hwi_Module_State_0_excContext__A)
                  20002910    00000004     multi_role_app_pem4f.oem4f (.data:ti_sysbios_family_arm_m3_Hwi_Module_State_0_excStack__A)
                  20002914    00000004     multi_role_app_pem4f.oem4f (.data:ti_sysbios_knl_Task_Module_State_0_idleTask__A)
                  20002918    00000002     drivers_cc26x2.a : CryptoResourceCC26XX.oem4f (.data)
                  2000291a    00000002                      : PKAResourceCC26XX.oem4f (.data)
                  2000291c    00000002                      : TRNGCC26XX.oem4f (.data)
                  2000291e    00000002     multi_role_app_pem4f.oem4f (.data:ti_sysbios_family_arm_m3_Hwi_Module_State_0_excActive__A)
                  20002920    00000001     OneLib.a : gapgattserver.o (.data)
                  20002921    00000001              : gapgattserver.o (.data)
                  20002922    00000001              : gapgattserver.o (.data)
                  20002923    00000001              : gattservapp.o (.data)
                  20002924    00000001              : gattservapp.o (.data)
                  20002925    00000001              : ll.o (.data)
                  20002926    00000001              : ll_ae.o (.data)
                  20002927    00000001              : ll_data.o (.data)
                  20002928    00000001              : ll_scheduler.o (.data)
                  20002929    00000001              : sm_task.o (.data)
                  2000292a    00000001     StackWrapper.a : gap.o (.data)
                  2000292b    00000001                    : gap.o (.data)
                  2000292c    00000001                    : hal_assert.o (.data)
                  2000292d    00000001     multi_role.obj (.data:argRpaRead)
                  2000292e    00000001     drivers_cc26x2.a : AESCCMCC26XX.oem4f (.data)
                  2000292f    00000001                      : AESCTRCC26XX.oem4f (.data)
                  20002930    00000001                      : AESCTRDRBGXX.oem4f (.data)
                  20002931    00000001                      : AESECBCC26XX.oem4f (.data)
                  20002932    00000001                      : ECDHCC26X2.oem4f (.data)
                  20002933    00000001                      : NVS.oem4f (.data)
                  20002934    00000001                      : UART.oem4f (.data)
                  20002935    00000001     multi_role.obj (.data:periodicUpdateData)
                  20002936    00000001     rf_multiMode_cc26x2.a : rf_patch_cpe_bt5.c.cc26x2.ccs.o (.data)

.bss       0    20002938    000011fe     UNINITIALIZED
                  20002938    00000400     (.common:mrTaskStack)
                  20002d38    00000300     multi_role_app_pem4f.oem4f (.bss:taskStackSection)
                  20003038    000001bc     (.common:uartCC26XXObjects)
                  200031f4    000000d8     (.common:ti_sysbios_family_arm_m3_Hwi_dispatchTable)
                  200032cc    000000a0     OneLib.a : ll_ae.o (.bss)
                  2000336c    00000084     (.common:trngCC26XXObjects)
                  200033f0    00000080     ti_drivers_config.obj (.bss:displayUARTBuffer)
                  20003470    0000007c     (.common:pinHandleTable)
                  200034ec    00000078     StackWrapper.a : osal_cbtimer.o (.bss)
                  20003564    00000070     util.obj (.bss:$O7$$)
                  200035d4    00000058     (.common:aesctrdrbgXXObjects)
                  2000362c    00000050     drivers_cc26x2.a : PINCC26XX.oem4f (.bss:pinSemaphore)
                  2000367c    00000050     (.common:CryptoResourceCC26XX_accessSemaphore)
                  200036cc    00000050     (.common:CryptoResourceCC26XX_operationSemaphore)
                  2000371c    00000050     (.common:PKAResourceCC26XX_accessSemaphore)
                  2000376c    00000050     (.common:PKAResourceCC26XX_operationSemaphore)
                  200037bc    0000003c     StackWrapper.a : osal_snv_wrapper.o (.bss)
                  200037f8    0000003c     drivers_cc26x2.a : PINCC26XX.oem4f (.bss:pinSwi)
                  20003834    00000024     OneLib.a : ll.o (.bss)
                  20003858    00000020              : gattservapp.o (.bss)
                  20003878    00000020     StackWrapper.a : gapbondmgr.o (.bss)
                  20003898    00000020                    : gapbondmgr.o (.bss)
                  200038b8    00000020     drivers_cc26x2.a : PINCC26XX.oem4f (.bss:pinGpioConfigTable)
                  200038d8    00000020     ti_drivers_config.obj (.bss:uartCC26XXRingBuffer0)
                  200038f8    00000020     (.common:ecdhCC26X2Objects)
                  20003918    0000001c     drivers_cc26x2.a : TRNGCC26XX.oem4f (.bss:TRNGCC26XX_hwi)
                  20003934    0000001c                      : TRNGCC26XX.oem4f (.bss:entropyPool)
                  20003950    0000001c                      : PINCC26XX.oem4f (.bss:pinHwi)
                  2000396c    0000001c     (.common:CryptoResourceCC26XX_hwi)
                  20003988    0000001c     (.common:PKAResourceCC26XX_hwi)
                  200039a4    00000018     OneLib.a : gapgattserver.o (.bss)
                  200039bc    00000018              : ll_common.o (.bss)
                  200039d4    00000018     (.common:aesccmCC26XXObjects)
                  200039ec    00000018     (.common:aesctrCC26XXObjects)
                  20003a04    00000018     (.common:aesecbCC26XXObjects)
                  20003a1c    00000014     rf_multiMode_cc26x2.a : RFCC26X2_multiMode.c.cc26x2.ccs.o (.bss:RF_ratSyncCmd)
                  20003a30    00000014     drivers_cc26x2.a : Random.oem4f (.bss:state)
                  20003a44    0000000c     OneLib.a : ll.o (.bss)
                  20003a50    0000000c              : ll.o (.bss)
                  20003a5c    0000000c              : ll_scheduler.o (.bss)
                  20003a68    0000000c     drivers_cc26x2.a : NVSCC26XX.oem4f (.bss)
                  20003a74    0000000c     (.common:displayUartObject)
                  20003a80    00000008     OneLib.a : ll.o (.bss)
                  20003a88    00000008              : ll_ae.o (.bss)
                  20003a90    00000004              : gapgattserver.o (.bss)
                  20003a94    00000004              : gattservapp.o (.bss)
                  20003a98    00000004              : linkdb.o (.bss)
                  20003a9c    00000004              : ll.o (.bss)
                  20003aa0    00000004              : ll.o (.bss)
                  20003aa4    00000004              : ll.o (.bss)
                  20003aa8    00000004              : ll.o (.bss)
                  20003aac    00000004              : ll.o (.bss)
                  20003ab0    00000004              : ll_ae.o (.bss)
                  20003ab4    00000004              : ll_common.o (.bss)
                  20003ab8    00000004              : ll_enc.o (.bss)
                  20003abc    00000004              : ll_privacy.o (.bss)
                  20003ac0    00000004     StackWrapper.a : gapbondmgr.o (.bss)
                  20003ac4    00000004                    : gapbondmgr.o (.bss)
                  20003ac8    00000004                    : osal.o (.bss)
                  20003acc    00000004                    : osal.o (.bss)
                  20003ad0    00000004                    : osal.o (.bss)
                  20003ad4    00000004                    : osal.o (.bss)
                  20003ad8    00000004                    : osal.o (.bss)
                  20003adc    00000004                    : osal.o (.bss)
                  20003ae0    00000004                    : osal_bufmgr.o (.bss)
                  20003ae4    00000004                    : osal_clock.o (.bss)
                  20003ae8    00000004                    : osal_clock.o (.bss)
                  20003aec    00000004                    : osal_timers.o (.bss)
                  20003af0    00000004                    : osal_timers.o (.bss)
                  20003af4    00000004                    : osal_timers.o (.bss)
                  20003af8    00000004     drivers_cc26x2.a : ECDHCC26X2.oem4f (.bss)
                  20003afc    00000004                      : PINCC26XX.oem4f (.bss)
                  20003b00    00000004     (.common:PowerCC26XX_swiKey)
                  20003b04    00000004     (.common:PowerCC26XX_taskKey)
                  20003b08    00000004     (.common:nvsCC26XXObjects)
                  20003b0c    00000004     (.common:tasksEvents)
                  20003b10    00000002     OneLib.a : gapgattserver.o (.bss)
                  20003b12    00000002              : ll.o (.bss)
                  20003b14    00000002              : ll_ae.o (.bss)
                  20003b16    00000002              : ll_slave_end_causes.o (.bss)
                  20003b18    00000002     StackWrapper.a : osal_pwrmgr.o (.bss)
                  20003b1a    00000001     OneLib.a : gapgattserver.o (.bss)
                  20003b1b    00000001              : gattservapp.o (.bss)
                  20003b1c    00000001              : hci_tl.o (.bss)
                  20003b1d    00000001              : hci_tl.o (.bss)
                  20003b1e    00000001              : hci_tl.o (.bss)
                  20003b1f    00000001              : hci_tl.o (.bss)
                  20003b20    00000001              : hci_tl.o (.bss)
                  20003b21    00000001              : hci_tl.o (.bss)
                  20003b22    00000001              : ll.o (.bss)
                  20003b23    00000001              : ll.o (.bss)
                  20003b24    00000001              : ll.o (.bss)
                  20003b25    00000001              : ll.o (.bss)
                  20003b26    00000001              : ll.o (.bss)
                  20003b27    00000001              : ll.o (.bss)
                  20003b28    00000001              : ll_ae.o (.bss)
                  20003b29    00000001              : ll_config.o (.bss)
                  20003b2a    00000001              : ll_config.o (.bss)
                  20003b2b    00000001              : ll_enc.o (.bss)
                  20003b2c    00000001              : ll_isr.o (.bss)
                  20003b2d    00000001              : sm_task.o (.bss)
                  20003b2e    00000001     StackWrapper.a : ble_dispatch_lite.o (.bss)
                  20003b2f    00000001                    : gapbondmgr.o (.bss)
                  20003b30    00000001                    : gapbondmgr.o (.bss)
                  20003b31    00000001                    : hal_assert.o (.bss)
                  20003b32    00000001                    : osal.o (.bss)
                  20003b33    00000001                    : osal_pwrmgr.o (.bss)
                  20003b34    00000001     rf_multiMode_cc26x2.a : RFCC26X2_multiMode.c.cc26x2.ccs.o (.bss)
                  20003b35    00000001     (.common:driverlib_release_0_60278)

.vtable    0    20003b36    00000000     UNINITIALIZED

.vtable_ram 
*          0    20003b36    00000000     UNINITIALIZED

vtable_ram 
*          0    20003b36    00000000     UNINITIALIZED

.sysmem    0    20003b36    00000000     UNINITIALIZED

.nonretenvar 
*          0    20003b36    00000000     UNINITIALIZED

.stack     0    20013c00    00000400     UNINITIALIZED
                  20013c00    00000400     --HOLE--

.bootVecs 
*          0    00000000    00000008     DSECT
                  00000000    00000008     boot.aem4f : boot.oem4f (.bootVecs)

.resetVecs 
*          0    00000000    0000003c     
                  00000000    0000003c     multi_role_app_pem4f.oem4f (.resetVecs)

.vecs      0    20000000    000000d8     NOLOAD SECTION
                  20000000    000000d8     multi_role_app_pem4f.oem4f (.vecs)

xdc.meta   0    00000000    0000010c     COPY SECTION
                  00000000    0000010c     multi_role_app_pem4f.oem4f (xdc.meta)

xdc.noload 
*          0    00000000    00000000     COPY SECTION

.TI.bound:flashBuf0 
*          0    00048000    00004000     UNINITIALIZED
                  00048000    00004000     ti_drivers_config.obj (.TI.bound:flashBuf0)

.text      0    0000003c    0001c42c     
                  0000003c    00000b80     multi_role.obj (.text:multi_role_taskFxn$4)
                  00000bbc    00000b58     StackWrapper.a : gapbondmgr.o (.text)
                  00001714    0000075c     OneLib.a : ll_scheduler.o (.text)
                  00001e70    000006f8              : ll_adv_end_causes.o (.text)
                  00002568    000006e8     multi_role.obj (.text:multi_role_processGapMsg$4)
                  00002c50    00000650     StackWrapper.a : gapbondmgr.o (.text)
                  000032a0    00000644     multi_role.obj (.text:multi_role_processAppMsg$4)
                  000038e4    000004f0     OneLib.a : ll_ae.o (.text)
                  00003dd4    000004b0     rf_multiMode_cc26x2.a : RFCC26X2_multiMode.c.cc26x2.ccs.o (.text:RF_fsmActiveState)
                  00004284    00000488     OneLib.a : ll_slave_end_causes.o (.text)
                  0000470c    00000470              : ll_isr.o (.text)
                  00004b7c    00000450              : ll.o (.text)
                  00004fcc    000003c4              : ble.o (.text)
                  00005390    000003c4              : ll_slave_end_causes.o (.text)
                  00005754    000003bc              : ll_ae.o (.text)
                  00005b10    000003a4              : ll_isr.o (.text)
                  00005eb4    000003a4              : ll_scheduler.o (.text)
                  00006258    00000330              : ll_ae.o (.text)
                  00006588    00000320              : ble.o (.text)
                  000068a8    00000320              : ll.o (.text)
                  00006bc8    000002dc              : ll_master_end_causes.o (.text)
                  00006ea4    000002c8              : ll_isr.o (.text)
                  0000716c    000002c4              : ll_ae.o (.text)
                  00007430    000002c0              : ll_isr.o (.text)
                  000076f0    000002b0     StackWrapper.a : gapbondmgr.o (.text)
                  000079a0    00000298     rf_multiMode_cc26x2.a : RFCC26X2_multiMode.c.cc26x2.ccs.o (.text:RF_open)
                  00007c38    00000274     OneLib.a : ll_ae.o (.text)
                  00007eac    0000025c     nvocmp.obj (.text:NVOCMP_addItem$9)
                  00008108    0000025c     StackWrapper.a : gapbondmgr.o (.text)
                  00008364    00000248     OneLib.a : ll_data.o (.text)
                  000085ac    00000248              : ll_isr.o (.text)
                  000087f4    00000244              : ll_ae.o (.text)
                  00008a38    00000230     drivers_cc26x2.a : ECDHCC26X2.oem4f (.text:ECDHCC26X2_runFSM)
                  00008c68    00000224     OneLib.a : ll_common.o (.text)
                  00008e8c    00000218     nvocmp.obj (.text:NVOCMP_initNv$9)
                  000090a4    00000210     rf_multiMode_cc26x2.a : RFCC26X2_multiMode.c.cc26x2.ccs.o (.text:RF_scheduleCmd)
                  000092b4    00000204     OneLib.a : gattservapp.o (.text)
                  000094b8    00000204              : ll_master_end_causes.o (.text)
                  000096bc    000001f4     drivers_cc26x2.a : PINCC26XX.oem4f (.text:PIN_init)
                  000098b0    000001e8     osal_icall_ble.obj (.text:stack_main)
                  00009a98    000001e0     StackWrapper.a : osal.o (.text)
                  00009c78    000001dc     rf_multiMode_cc26x2.a : RFCC26X2_multiMode.c.cc26x2.ccs.o (.text:RF_dispatchNextCmd)
                  00009e54    000001d8     OneLib.a : ll.o (.text)
                  0000a02c    000001d8              : ll_isr.o (.text)
                  0000a204    000001bc     main.obj (.text:AssertHandler)
                  0000a3c0    000001a8     OneLib.a : ll_scheduler.o (.text)
                  0000a568    00000198     drivers_cc26x2.a : PowerCC26X2.oem4f (.text:Power_sleep)
                  0000a700    00000196     OneLib.a : ll_common.o (.text)
                  0000a896    00000002     ti_drivers_config.obj (.text:Board_initHook)
                  0000a898    00000190     drivers_cc26x2.a : PowerCC26X2_calibrateRCOSC.oem4f (.text:calibrateRcoscHf1)
                  0000aa28    00000190     icall.obj (.text:icall_directAPI)
                  0000abb8    00000190     multi_role.obj (.text:multi_role_processPairState$4)
                  0000ad48    0000018c     drivers_cc26x2.a : PowerCC26X2_calibrateRCOSC.oem4f (.text:runCalibrateFsm)
                  0000aed4    00000188     nvocmp.obj (.text:NVOCMP_compact$9)
                  0000b05c    0000017c     OneLib.a : ll_isr.o (.text)
                  0000b1d8    0000017c              : sm_intpairing.o (.text)
                  0000b354    00000174              : gattservapp.o (.text)
                  0000b4c8    00000174     drivers_cc26x2.a : PowerCC26X2.oem4f (.text:Power_init)
                  0000b63c    0000016c     OneLib.a : ll.o (.text)
                  0000b7a8    0000016c     multi_role.obj (.text:multi_role_doDiscoverDevices)
                  0000b914    00000168     OneLib.a : ll_common.o (.text)
                  0000ba7c    00000164              : ll_ae.o (.text)
                  0000bbe0    00000164     drivers_cc26x2.a : UARTCC26XX.oem4f (.text:UARTCC26XX_open)
                  0000bd44    00000162     StackWrapper.a : osal.o (.text)
                  0000bea6    00000002     ble_user_config.obj (.text:DefaultAssertCback)
                  0000bea8    00000158     driverlib.lib : sys_ctrl.obj (.text:NOROM_SysCtrlStandby)
                  0000c000    00000158     OneLib.a : ll_common.o (.text)
                  0000c158    00000154     rf_multiMode_cc26x2.a : RFCC26X2_multiMode.c.cc26x2.ccs.o (.text:RF_radioOpDoneCb)
                  0000c2ac    00000154     drivers_cc26x2.a : UARTCC26XX.oem4f (.text:UARTCC26XX_hwiIntFxn)
                  0000c400    00000150     OneLib.a : gap_task.o (.text)
                  0000c550    0000014c              : ll_isr.o (.text)
                  0000c69c    00000148     rf_multiMode_cc26x2.a : RFCC26X2_multiMode.c.cc26x2.ccs.o (.text:RF_fsmSetupState)
                  0000c7e4    00000144     OneLib.a : ll_isr.o (.text)
                  0000c928    00000144     StackWrapper.a : gap.o (.text)
                  0000ca6c    00000140     OneLib.a : gattservapp.o (.text)
                  0000cbac    0000013c     drivers_cc26x2.a : AESCCMCC26XX.oem4f (.text:AESCCM_startOperation)
                  0000cce8    0000013c     multi_role.obj (.text:multi_role_processGATTDiscEvent$4)
                  0000ce24    0000013a     drivers_cc26x2.a : UARTCC26XX.oem4f (.text:UARTCC26XX_read)
                  0000cf5e    00000002     display.a : DisplayUart.oem4f (.text:DisplayUartAnsi_init)
                  0000cf60    00000138     drivers_cc26x2.a : ECDHCC26X2.oem4f (.text:ECDH_computeSharedSecret)
                  0000d098    00000138                      : NVSCC26XX.oem4f (.text:NVSCC26XX_write)
                  0000d1d0    00000138     rf_multiMode_cc26x2.a : RFCC26X2_multiMode.c.cc26x2.ccs.o (.text:RF_abortCmd)
                  0000d308    00000138                           : RFCC26X2_multiMode.c.cc26x2.ccs.o (.text:RF_ratSetupChannel)
                  0000d440    00000128     multi_role.obj (.text:multi_role_menuSwitchCb$4)
                  0000d568    00000120     nvocmp.obj (.text:NVOCMP_compactPage$9)
                  0000d688    00000120     OneLib.a : ll_common.o (.text)
                  0000d7a8    00000120              : ll_data.o (.text)
                  0000d8c8    00000120     drivers_cc26x2.a : PowerCC26X2.oem4f (.text:configureXOSCHF)
                  0000d9e8    0000011c     OneLib.a : ll_isr.o (.text)
                  0000db04    00000114              : ll_common.o (.text)
                  0000dc18    00000114              : ll_isr.o (.text)
                  0000dd2c    00000114     drivers_cc26x2.a : PINCC26XX.oem4f (.text:PINCC26XX_setIoCfg)
                  0000de40    0000010c     OneLib.a : gatt_client.o (.text)
                  0000df4c    00000108     drivers_cc26x2.a : AESECBCC26XX.oem4f (.text:AESECB_startOperation)
                  0000e054    00000106     multi_role_app_pem4f.oem4f (.text:xdc_runtime_System_printfExtend__I)
                  0000e15a    00000002     rom_init.obj (.text:MAP_llClearPeriodicAdvSets)
                  0000e15c    00000104     OneLib.a : ll_isr.o (.text)
                  0000e260    00000104     rf_multiMode_cc26x2.a : RFCC26X2_multiMode.c.cc26x2.ccs.o (.text:RF_hwiCpe0Active)
                  0000e364    00000100     nvocmp.obj (.text:NVOCMP_findItem$9)
                  0000e464    000000fe     OneLib.a : ll_scheduler.o (.text)
                  0000e562    00000002     rom_init.obj (.text:MAP_llClearPeriodicScanSets)
                  0000e564    000000fc     OneLib.a : ll_scheduler.o (.text)
                  0000e660    000000fc              : ll_scheduler.o (.text)
                  0000e75c    000000fc     rf_multiMode_cc26x2.a : RFCC26X2_multiMode.c.cc26x2.ccs.o (.text:RF_decodeOverridePointers)
                  0000e858    000000f8     drivers_cc26x2.a : AESCTRCC26XX.oem4f (.text:AESCTR_startOperation)
                  0000e950    000000f8     OneLib.a : ll_isr.o (.text)
                  0000ea48    000000f8              : sm_rsppairing.o (.text)
                  0000eb40    000000f4              : ll_scheduler.o (.text)
                  0000ec34    000000f4     two_btn_menu.obj (.text:tbm_displayItemPage)
                  0000ed28    000000f0     OneLib.a : ll_ae.o (.text)
                  0000ee18    000000f0     rf_multiMode_cc26x2.a : RFCC26X2_multiMode.c.cc26x2.ccs.o (.text:RF_fsmPowerUpState)
                  0000ef08    000000ec     OneLib.a : gap_advertiser.o (.text)
                  0000eff4    000000ec              : ll_common.o (.text)
                  0000f0e0    000000ec     multi_role.obj (.text:multi_role_doSetAdvPhy)
                  0000f1cc    000000e4     OneLib.a : gapgattserver.o (.text)
                  0000f2b0    000000e4              : ll_ae.o (.text)
                  0000f394    000000e4     multi_role.obj (.text:multi_role_doConnUpdate)
                  0000f478    000000e0     StackWrapper.a : osal_timers.o (.text)
                  0000f558    000000e0     drivers_cc26x2.a : UARTCC26XX.oem4f (.text:UARTCC26XX_write)
                  0000f638    000000dc     OneLib.a : ll_ae.o (.text)
                  0000f714    000000d8     driverlib.lib : aes.obj (.text:NOROM_AESWriteToKeyStore)
                  0000f7ec    000000d8                   : setup.obj (.text:NOROM_SetupTrimDevice)
                  0000f8c4    000000d8     rf_multiMode_cc26x2.a : RFCC26X2_multiMode.c.cc26x2.ccs.o (.text:RF_control)
                  0000f99c    000000d8                           : RFCC26X2_multiMode.c.cc26x2.ccs.o (.text:RF_pendCmd)
                  0000fa74    000000d8     driverlib.lib : setup.obj (.text:TrimAfterColdResetWakeupFromShutDown$29)
                  0000fb4c    000000d4     drivers_cc26x2.a : ECDHCC26X2.oem4f (.text:ECDH_generatePublicKey)
                  0000fc20    000000d2     rf_multiMode_cc26x2.a : RFCC26X2_multiMode.c.cc26x2.ccs.o (.text:RF_updatePaConfiguration)
                  0000fcf2    00000002     rom_init.obj (.text:MAP_llDmmDynamicFree)
                  0000fcf4    000000d0     main.obj (.text:main)
                  0000fdc4    000000cc     OneLib.a : hci_event.o (.text)
                  0000fe90    000000cc     rf_multiMode_cc26x2.a : RFCC26X2_multiMode.c.cc26x2.ccs.o (.text:RF_swiHw)
                  0000ff5c    000000cc     StackWrapper.a : osal.o (.text)
                  00010028    000000c8     OneLib.a : gap_scanner.o (.text)
                  000100f0    000000c8              : gapgattserver.o (.text)
                  000101b8    000000c8              : ll_ae.o (.text)
                  00010280    000000c8     dpl_cc26x2.a : PowerCC26X2_tirtos.oem4f (.text:PowerCC26XX_standbyPolicy)
                  00010348    000000c0     nvocmp.obj (.text:NVOCMP_erase$9)
                  00010408    000000c0     OneLib.a : ll.o (.text)
                  000104c8    000000c0     drivers_cc26x2.a : PowerCC26X2.oem4f (.text:Power_releaseDependency)
                  00010588    000000c0     simple_gatt_profile.obj (.text:SimpleProfile_SetParameter)
                  00010648    000000c0     drivers_cc26x2.a : TRNGCC26XX.oem4f (.text:TRNG_getRandom)
                  00010708    000000c0                      : UARTCC26XX.oem4f (.text:UARTCC26XX_initIO)
                  000107c8    000000bc                      : AESCTRDRBGXX.oem4f (.text:AESCTRDRBG_construct)
                  00010884    000000bc                      : AESCTRDRBGXX.oem4f (.text:AESCTRDRBG_getRandomBytes)
                  00010940    000000bc     OneLib.a : ble.o (.text)
                  000109fc    000000bc              : ll_ecc.o (.text)
                  00010ab8    000000bc              : ll_scheduler.o (.text)
                  00010b74    000000bc     rf_multiMode_cc26x2.a : RFCC26X2_multiMode.c.cc26x2.ccs.o (.text:RF_initRadioSetup)
                  00010c30    000000b8     OneLib.a : ll.o (.text)
                  00010ce8    000000b8              : ll_slave_end_causes.o (.text)
                  00010da0    000000b8     drivers_cc26x2.a : PowerCC26X2.oem4f (.text:Power_setDependency)
                  00010e58    000000b8     StackWrapper.a : gapbondmgr.o (.text)
                  00010f10    000000b8     drivers_cc26x2.a : UARTCC26XX.oem4f (.text:UARTCC26XX_initHw)
                  00010fc8    000000b4                      : AESCTRDRBGXX.oem4f (.text:AESCTRDRBG_reseed)
                  0001107c    000000b0     OneLib.a : ll.o (.text)
                  0001112c    000000b0              : ll_enc.o (.text)
                  000111dc    000000b0     devinfoservice.obj (.text:devInfo_ReadAttrCB$10)
                  0001128c    000000ac     display.a : DisplayUart.oem4f (.text:DisplayUartAnsi_clearLines)
                  00011338    000000ac     drivers_cc26x2.a : ECDHCC26X2.oem4f (.text:ECDHCC26X2_hwiFxn)
                  000113e4    000000ac     OneLib.a : ll_ae.o (.text)
                  00011490    000000ac              : ll_scheduler.o (.text)
                  0001153c    000000ac     drivers_cc26x2.a : PINCC26XX.oem4f (.text:PIN_open)
                  000115e8    000000a8     nvocmp.obj (.text:NVOCMP_initNvApi$9)
                  00011690    000000a8     OneLib.a : hci_data.o (.text)
                  00011738    000000a8              : ll.o (.text)
                  000117e0    000000a8              : ll_common.o (.text)
                  00011888    000000a8     StackWrapper.a : gapbondmgr.o (.text)
                  00011930    000000a7     display.a : DisplayUart.oem4f (.text:DisplayUartAnsi_open)
                  000119d7    00000001     --HOLE-- [fill = 0]
                  000119d8    000000a4     OneLib.a : ll_ae.o (.text)
                  00011a7c    000000a4     rf_multiMode_cc26x2.a : RFCC26X2_multiMode.c.cc26x2.ccs.o (.text:RF_ratRestartChannels)
                  00011b20    000000a4     StackWrapper.a : gapbondmgr.o (.text)
                  00011bc4    000000a4                    : osal_cbtimer.o (.text)
                  00011c68    000000a4     multi_role.obj (.text:multi_role_doConnect)
                  00011d0c    000000a0     OneLib.a : gattservapp.o (.text)
                  00011dac    000000a0              : ll_common.o (.text)
                  00011e4c    000000a0              : ll_master_end_causes.o (.text)
                  00011eec    000000a0              : ll_scheduler.o (.text)
                  00011f8c    000000a0     auto_init.aem4f : auto_init.oem4f (.text)
                  0001202c    000000a0     rom_sysbios.aem4f : rom_sysbios.obj (.text:ti_sysbios_knl_Task_setPri__E)
                  000120cc    0000009f     display.a : DisplayUart.oem4f (.text:DisplayUartAnsi_vprintf)
                  0001216b    00000001     --HOLE-- [fill = 0]
                  0001216c    0000009c     nvocmp.obj (.text:NVOCMP_readHeader$9)
                  00012208    0000009c     OneLib.a : ll_common.o (.text)
                  000122a4    0000009c              : ll_ecc.o (.text)
                  00012340    0000009c     drivers_cc26x2.a : TRNGCC26XX.oem4f (.text:TRNG_construct)
                  000123dc    0000009c     rtsv7M4_T_le_v4SPD16_eabi.lib : memcpy_t2.asm.obj (.text)
                  00012478    00000098     OneLib.a : gap_advertiser.o (.text)
                  00012510    00000098              : gattservapp.o (.text)
                  000125a8    00000098              : hci_event.o (.text)
                  00012640    00000098              : ll_ae.o (.text)
                  000126d8    00000098     rf_multiMode_cc26x2.a : RFCC26X2_multiMode.c.cc26x2.ccs.o (.text:RF_calculateDispatchTime)
                  00012770    00000098     drivers_cc26x2.a : TRNGCC26XX.oem4f (.text:TRNGCC26XX_hwiFxn)
                  00012808    00000098     multi_role.obj (.text:multi_role_doAdvertise)
                  000128a0    00000098     multi_role.obj (.text:multi_role_processParamUpdate$4)
                  00012938    00000098     drivers_cc26x2.a : UARTCC26XX.oem4f (.text:writeTxFifoFlush)
                  000129d0    00000096     rtsv7M4_T_le_v4SPD16_eabi.lib : ull_div_t2.asm.obj (.text)
                  00012a66    00000002     rom_init.obj (.text:MAP_llDmmSetThreshold)
                  00012a68    00000094     icall.obj (.text:ICall_setTimer)
                  00012afc    00000094     OneLib.a : gatt_server.o (.text)
                  00012b90    00000094              : ll.o (.text)
                  00012c24    00000094              : ll_common.o (.text)
                  00012cb8    00000094              : ll_scheduler.o (.text)
                  00012d4c    00000092              : gap_task.o (.text)
                  00012dde    00000092     drivers_cc26x2.a : UARTCC26XX.oem4f (.text:UARTCC26XX_writeCancel)
                  00012e70    00000090     OneLib.a : ll.o (.text)
                  00012f00    00000090              : ll_ae.o (.text)
                  00012f90    00000090              : ll_common.o (.text)
                  00013020    00000090     rf_multiMode_cc26x2.a : RFCC26X2_multiMode.c.cc26x2.ccs.o (.text:RF_discardPendCmd)
                  000130b0    00000090                           : RFCC26X2_multiMode.c.cc26x2.ccs.o (.text:RF_getInfo)
                  00013140    00000090     multi_role.obj (.text:multi_role_doGattWrite)
                  000131d0    00000090     osal_icall_ble.obj (.text:osalInitTasks)
                  00013260    00000090     simple_gatt_profile.obj (.text:simpleProfile_WriteAttrCB)
                  000132f0    0000008e     drivers_cc26x2.a : CryptoUtils.oem4f (.text:CryptoUtils_reverseCopyPad)
                  0001337e    00000002     rom_init.obj (.text:MAP_llEndPeriodicScanTask)
                  00013380    0000008c     icall.obj (.text:ICall_heapMalloc)
                  0001340c    0000008c     rom_sysbios.aem4f : rom_sysbios.obj (.text:ti_sysbios_gates_GateMutexPri_enter__E)
                  00013498    0000008a     drivers_cc26x2.a : AESCTRDRBGXX.oem4f (.text:AESCTRDRBGXX_updateState)
                  00013522    00000002     rom_init.obj (.text:MAP_llPeriodicAdv_PostProcess)
                  00013524    00000088     driverlib.lib : osc.obj (.text:NOROM_OSCHF_AttemptToSwitchToXosc)
                  000135ac    00000088     OneLib.a : hci_event.o (.text)
                  00013634    00000088              : ll_isr.o (.text)
                  000136bc    00000088     rf_multiMode_cc26x2.a : RFCC26X2_multiMode.c.cc26x2.ccs.o (.text:RF_cmdDispatchTime)
                  00013744    00000088     StackWrapper.a : osal_cbtimer.o (.text)
                  000137cc    00000088     drivers_cc26x2.a : PowerCC26X2_calibrateRCOSC.oem4f (.text:calibrateRcoscHf2)
                  00013854    00000088                      : PowerCC26X2.oem4f (.text:disableLFClockQualifiers)
                  000138dc    00000088     gattservapp_util.obj (.text:gattServApp_SendNotiInd$12)
                  00013964    00000088     drivers_cc26x2.a : PowerCC26X2_calibrateRCOSC.oem4f (.text:updateSubSecInc)
                  000139ec    00000084     OneLib.a : ll_ae.o (.text)
                  00013a70    00000084     rf_multiMode_cc26x2.a : RFCC26X2_multiMode.c.cc26x2.ccs.o (.text:RF_issueRadioFreeCb)
                  00013af4    00000084                           : RFCC26X2_multiMode.c.cc26x2.ccs.o (.text:RF_verifyGap)
                  00013b78    00000084     drivers_cc26x2.a : UARTCC26XX.oem4f (.text:UARTCC26XX_close)
                  00013bfc    00000080     driverlib.lib : chipinfo.obj (.text:NOROM_ChipInfo_GetChipType)
                  00013c7c    00000080     drivers_cc26x2.a : NVSCC26XX.oem4f (.text:NVSCC26XX_open)
                  00013cfc    00000080     OneLib.a : ll_enc.o (.text)
                  00013d7c    00000080     rom_sysbios.aem4f : rom_sysbios.obj (.text:ti_sysbios_family_arm_cc26xx_Timer_start__E)
                  00013dfc    0000007e     OneLib.a : gap_task.o (.text)
                  00013e7a    00000002     rom_init.obj (.text:MAP_llPeriodicScan_PostProcess)
                  00013e7c    0000007c     nvocmp.obj (.text:NVOCMP_readItemApi$9)
                  00013ef8    0000007c     OneLib.a : ll_common.o (.text)
                  00013f74    0000007c     rf_multiMode_cc26x2.a : RFCC26X2_multiMode.c.cc26x2.ccs.o (.text:RF_ratFreeChannel)
                  00013ff0    0000007c     StackWrapper.a : gapbondmgr.o (.text)
                  0001406c    0000007a     OneLib.a : gattservapp.o (.text)
                  000140e6    0000007a     rtsv7M4_T_le_v4SPD16_eabi.lib : memset_t2.asm.obj (.text)
                  00014160    00000078     icall.obj (.text:ICall_heapInit)
                  000141d8    00000078     nvocmp.obj (.text:NVOCMP_checkItem$9)
                  00014250    00000078     OneLib.a : ll_common.o (.text)
                  000142c8    00000078     StackWrapper.a : osal_cbtimer.o (.text)
                  00014340    00000078     multi_role.obj (.text:multi_role_doConnPhy)
                  000143b8    00000078     rom_sysbios.aem4f : rom_sysbios.obj (.text:ti_sysbios_heaps_HeapMem_allocUnprotected__E)
                  00014430    00000076     OneLib.a : ll_common.o (.text)
                  000144a6    00000076     StackWrapper.a : gap.o (.text)
                  0001451c    00000074     nvocmp.obj (.text:NVOCMP_writeItemApi$9)
                  00014590    00000074     OneLib.a : ll_enc.o (.text)
                  00014604    00000074     drivers_cc26x2.a : PowerCC26X2_calibrateRCOSC.oem4f (.text:PowerCC26X2_auxISR)
                  00014678    00000074     rf_multiMode_cc26x2.a : RFCC26X2_multiMode.c.cc26x2.ccs.o (.text:RF_ratDisableChannel)
                  000146ec    00000074     rom_sysbios.aem4f : rom_sysbios.obj (.text:ti_sysbios_gates_GateMutexPri_leave__E)
                  00014760    00000072     rf_multiMode_cc26x2.a : RFCC26X2_multiMode.c.cc26x2.ccs.o (.text:RF_detachOverrides)
                  000147d2    00000002     rom_init.obj (.text:MAP_llProcessPeriodicScanRxFIFO)
                  000147d4    00000070     drivers_cc26x2.a : AESCCMCC26XX.oem4f (.text:AESCCM_cleanup)
                  00014844    00000070     icall.obj (.text:ICall_heapGetStats)
                  000148b4    00000070     rf_multiMode_cc26x2.a : rfc.c.cc26x2.ccs.o (.text:NOROM_RFCAnaDivTxOverride)
                  00014924    00000070     nvocmp.obj (.text:NVOCMP_eraseNvApi$9)
                  00014994    00000070     OneLib.a : gatt_server.o (.text)
                  00014a04    00000070              : ll_ae.o (.text)
                  00014a74    00000070              : ll_common.o (.text)
                  00014ae4    00000070              : ll_enc.o (.text)
                  00014b54    00000070     rf_multiMode_cc26x2.a : RFCC26X2_multiMode.c.cc26x2.ccs.o (.text:RF_getCurrentTime)
                  00014bc4    00000070     drivers_cc26x2.a : Random.oem4f (.text:Random_seedAutomatic)
                  00014c34    00000070     StackWrapper.a : osal.o (.text)
                  00014ca4    00000070     multi_role.obj (.text:multi_role_doSelectConn)
                  00014d14    0000006e     OneLib.a : gatt_server.o (.text)
                  00014d82    0000006e     rf_multiMode_cc26x2.a : RFCC26X2_multiMode.c.cc26x2.ccs.o (.text:RF_attachOverrides)
                  00014df0    0000006e                           : RFCC26X2_multiMode.c.cc26x2.ccs.o (.text:RF_howToSchedule)
                  00014e5e    00000002     rom_init.obj (.text:MAP_llSetPeriodicSyncInfo)
                  00014e60    0000006d     rom_sysbios.aem4f : rom_sysbios.obj (.text:xdc_runtime_System_formatNum__I)
                  00014ecd    00000001     --HOLE-- [fill = 0]
                  00014ece    00000002     rom_init.obj (.text:MAP_llUpdateCteState)
                  00014ed0    0000006c     nvocmp.obj (.text:NVOCMP_getDstPage$9)
                  00014f3c    0000006c     OneLib.a : ll_isr.o (.text)
                  00014fa8    0000006c              : ll_scheduler.o (.text)
                  00015014    0000006c     rf_multiMode_cc26x2.a : RFCC26X2_multiMode.c.cc26x2.ccs.o (.text:RF_dispatchNextEvent)
                  00015080    0000006c     StackWrapper.a : osal_cbtimer.o (.text)
                  000150ec    00000068     drivers_cc26x2.a : CryptoUtils.oem4f (.text:CryptoUtils_copyPad)
                  00015154    00000068     icall.obj (.text:ICall_send)
                  000151bc    00000068     icall.obj (.text:ICall_sendServiceComplete)
                  00015224    00000068     driverlib.lib : osc.obj (.text:NOROM_OSCHF_SwitchToRcOscTurnOffXosc)
                  0001528c    00000068     OneLib.a : gap_task.o (.text)
                  000152f4    00000068              : gattservapp.o (.text)
                  0001535c    00000068              : ll.o (.text)
                  000153c4    00000068              : ll_ae.o (.text)
                  0001542c    00000068     rf_multiMode_cc26x2.a : RFCC26X2_multiMode.c.cc26x2.ccs.o (.text:RF_hwiHw)
                  00015494    00000068     StackWrapper.a : osal_timers.o (.text)
                  000154fc    00000068     util.obj (.text:Util_convertBytes2Str)
                  00015564    00000068     rtsv7M4_T_le_v4SPD16_eabi.lib : copy_decompress_lzss.c.obj (.text:decompress:lzss:__TI_decompress_lzss)
                  000155cc    00000066     OneLib.a : ll_common.o (.text)
                  00015632    00000066     StackWrapper.a : icall_lite_translation.o (.text)
                  00015698    00000064     drivers_cc26x2.a : AESCCMCC26XX.oem4f (.text:AESCCM_waitForResult)
                  000156fc    00000064                      : AESCTRCC26XX.oem4f (.text:AESCTR_waitForResult)
                  00015760    00000064                      : AESECBCC26XX.oem4f (.text:AESECB_waitForResult)
                  000157c4    00000064     nvocmp.obj (.text:NVOCMP_findSignature$9)
                  00015828    00000064     OneLib.a : gapgattserver.o (.text)
                  0001588c    00000064              : gattservapp.o (.text)
                  000158f0    00000064              : ll_scheduler.o (.text)
                  00015954    00000064     drivers_cc26x2.a : UARTCC26XX.oem4f (.text:UARTCC26XX_control)
                  000159b8    00000064     multi_role.obj (.text:multi_role_doSetScanPhy)
                  00015a1c    00000062     ti_drivers_config.obj (.text:Board_sendExtFlashByte)
                  00015a7e    00000062     gattservapp_util.obj (.text:GATTServApp_ProcessCCCWriteReq)
                  00015ae0    00000062     rf_multiMode_cc26x2.a : RFCC26X2_multiMode.c.cc26x2.ccs.o (.text:RF_syncCb)
                  00015b42    00000062     drivers_cc26x2.a : UARTCC26XX.oem4f (.text:UARTCC26XX_swiIntFxn)
                  00015ba4    00000060                      : AESCCMCC26XX.oem4f (.text:AESCCM_hwiFxn)
                  00015c04    00000060                      : AESCTRCC26XX.oem4f (.text:AESCTR_hwiFxn)
                  00015c64    00000060                      : AESECBCC26XX.oem4f (.text:AESECB_hwiFxn)
                  00015cc4    00000060                      : CryptoResourceCC26XX.oem4f (.text:CryptoResourceCC26XX_constructRTOSObjects)
                  00015d24    00000060     icall.obj (.text:ICall_createRemoteTasksAtRuntime)
                  00015d84    00000060     icall.obj (.text:ICall_enrollService)
                  00015de4    00000060     OneLib.a : ll_common.o (.text)
                  00015e44    00000060              : sm_pairing.o (.text)
                  00015ea4    00000060     drivers_cc26x2.a : PKAResourceCC26XX.oem4f (.text:PKAResourceCC26XX_constructRTOSObjects)
                  00015f04    00000060     rf_multiMode_cc26x2.a : RFCC26X2_multiMode.c.cc26x2.ccs.o (.text:RF_applyRfCorePatch)
                  00015f64    00000060     StackWrapper.a : gapbondmgr.o (.text)
                  00015fc4    00000060     drivers_cc26x2.a : TRNGCC26XX.oem4f (.text:TRNGCC26XX_startTrng)
                  00016024    00000060     multi_role.obj (.text:multi_role_doSetInitPhy)
                  00016084    0000005e     icall.obj (.text:ICall_fetchMsg)
                  000160e2    0000005e     OneLib.a : ll_common.o (.text)
                  00016140    0000005c     display.a : Display.oem4f (.text:Display_doOpen)
                  0001619c    0000005c     icall.obj (.text:ICall_pwrUpdActivityCounter)
                  000161f8    0000005c     nvocmp.obj (.text:NVOCMP_readItem$9)
                  00016254    0000005c     OneLib.a : gap_perilinkmgr.o (.text)
                  000162b0    0000005c              : ll_isr.o (.text)
                  0001630c    0000005c              : ll_scheduler.o (.text)
                  00016368    0000005c              : sm_intpairing.o (.text)
                  000163c4    0000005c              : sm_rsppairing.o (.text)
                  00016420    0000005c     drivers_cc26x2.a : PINCC26XX.oem4f (.text:PIN_remove)
                  0001647c    0000005c     rf_multiMode_cc26x2.a : RFCC26X2_multiMode.c.cc26x2.ccs.o (.text:RF_hwiCpe0PowerFsm)
                  000164d8    0000005c     drivers_cc26x2.a : NVSCC26XX.oem4f (.text:doErase)
                  00016534    0000005c     simple_gatt_profile.obj (.text:simpleProfile_ReadAttrCB)
                  00016590    0000005c     drivers_cc26x2.a : UARTCC26XX.oem4f (.text:startTxFifoEmptyClk)
                  000165ec    0000005c     multi_role_app_pem4f.oem4f (.text:xdc_runtime_Startup_getState__I)
                  00016648    00000058     drivers_cc26x2.a : ECDHCC26X2.oem4f (.text:ECDH_construct)
                  000166a0    00000058     icall.obj (.text:ICall_wait)
                  000166f8    00000058     OneLib.a : ll_ae.o (.text)
                  00016750    00000058              : ll_common.o (.text)
                  000167a8    00000058              : ll_enc.o (.text)
                  00016800    00000058              : ll_isr.o (.text)
                  00016858    00000058              : sm_pairing.o (.text)
                  000168b0    00000058     drivers_cc26x2.a : PowerCC26X2_calibrateRCOSC.oem4f (.text:PowerCC26X2_initiateCalibration)
                  00016908    00000058     StackWrapper.a : sm_ecc.o (.text)
                  00016960    00000058     drivers_cc26x2.a : TRNGCC26XX.oem4f (.text:TRNG_init)
                  000169b8    00000058     util.obj (.text:Util_convertBdAddr2Str)
                  00016a10    00000058     boot.aem4f : boot.oem4f (.text)
                  00016a68    00000058     multi_role.obj (.text:multi_role_enqueueMsg$4)
                  00016ac0    00000058     multi_role.obj (.text:multi_role_updateRPA$4)
                  00016b18    00000058     rom_sysbios.aem4f : rom_sysbios.obj (.text:ti_sysbios_heaps_HeapMem_alloc__E)
                  00016b70    00000056     rf_multiMode_cc26x2.a : RFCC26X2_multiMode.c.cc26x2.ccs.o (.text:RF_defaultSubmitPolicy)
                  00016bc6    00000002     rom_init.obj (.text:MAP_llUpdateExtScanAcceptSyncInfo)
                  00016bc8    00000054     drivers_cc26x2.a : AESCCMCC26XX.oem4f (.text:AESCCM_construct)
                  00016c1c    00000054                      : AESCTRCC26XX.oem4f (.text:AESCTR_construct)
                  00016c70    00000054                      : AESECBCC26XX.oem4f (.text:AESECB_construct)
                  00016cc4    00000054     driverlib.lib : prcm.obj (.text:NOROM_PRCMPowerDomainsAllOff)
                  00016d18    00000054     nvocmp.obj (.text:NVOCMP_doNVCRC$9)
                  00016d6c    00000054     drivers_cc26x2.a : NVSCC26XX.oem4f (.text:NVSCC26XX_init)
                  00016dc0    00000054     OneLib.a : gattservapp.o (.text)
                  00016e14    00000054              : hci_event.o (.text)
                  00016e68    00000054              : ll.o (.text)
                  00016ebc    00000054              : ll_ae.o (.text)
                  00016f10    00000054              : ll_ae.o (.text)
                  00016f64    00000054              : ll_ae.o (.text)
                  00016fb8    00000054     rf_multiMode_cc26x2.a : RFCC26X2_multiMode.c.cc26x2.ccs.o (.text:RF_fsmXOSCState)
                  0001700c    00000054     StackWrapper.a : osal_bufmgr.o (.text)
                  00017060    00000054     drivers_cc26x2.a : StructRingBuf.oem4f (.text:StructRingBuf_put)
                  000170b4    00000054     dpl_cc26x2.a : SwiP_tirtos.oem4f (.text:SwiP_construct)
                  00017108    00000054     rf_multiMode_cc26x2.a : rf_patch_cpe_bt5.c.cc26x2.ccs.o (.text:configureBt5Patch)
                  0001715c    00000052     OneLib.a : gap_centlinkmgr.o (.text)
                  000171ae    00000050     drivers_cc26x2.a : AESCTRDRBGXX.oem4f (.text:AESCTRDRBGXX_addBigendCounter)
                  000171fe    00000002     rom_init.obj (.text:MAP_llUpdatePeriodicAdvChainPacket)
                  00017200    00000050     nvocmp.obj (.text:NVOCMP_compactNvApi$9)
                  00017250    00000050     OneLib.a : gap_perilinkmgr.o (.text)
                  000172a0    00000050              : hci_tl.o (.text)
                  000172f0    00000050              : ll_common.o (.text)
                  00017340    00000050              : ll_enc.o (.text)
                  00017390    00000050     StackWrapper.a : osal.o (.text)
                  000173e0    00000050                    : osal_clock.o (.text)
                  00017430    00000050     drivers_cc26x2.a : TRNGCC26XX.oem4f (.text:TRNGCC26XX_waitForResult)
                  00017480    0000004e     StackWrapper.a : gap.o (.text)
                  000174ce    00000002     rom_init.obj (.text:MAP_rf_patch_mce)
                  000174d0    0000004c     icall.obj (.text:ICall_newTask$18)
                  0001751c    0000004c     driverlib.lib : prcm.obj (.text:NOROM_PRCMPowerDomainsAllOn)
                  00017568    0000004c     nvocmp.obj (.text:NVOCMP_loadApiPtrsMin)
                  000175b4    0000004c     nvocmp.obj (.text:NVOCMP_setItemInactive$9)
                  00017600    0000004c     OneLib.a : ble.o (.text)
                  0001764c    0000004c              : gap_scanner.o (.text)
                  00017698    0000004c              : ll_scheduler.o (.text)
                  000176e4    0000004c              : ll_scheduler.o (.text)
                  00017730    0000004c     rf_multiMode_cc26x2.a : RFCC26X2_multiMode.c.cc26x2.ccs.o (.text:RF_wakeupNotification)
                  0001777c    0000004c     drivers_cc26x2.a : StructRingBuf.oem4f (.text:StructRingBuf_get)
                  000177c8    0000004c                      : UARTCC26XX.oem4f (.text:UARTCC26XX_readCancel)
                  00017814    0000004c     util.obj (.text:Util_constructClock)
                  00017860    0000004c     rtsv7M4_T_le_v4SPD16_eabi.lib : cpy_tbl.c.obj (.text:copy_in)
                  000178ac    0000004c     multi_role.obj (.text:multi_role_doGattRead)
                  000178f8    00000048     ti_drivers_config.obj (.text:Board_wakeUpExtFlash)
                  00017940    00000048     rf_multiMode_cc26x2.a : rfc.c.cc26x2.ccs.o (.text:NOROM_RFCSynthPowerDown)
                  00017988    00000048     nvocmp.obj (.text:NVOCMP_write$9)
                  000179d0    00000048     drivers_cc26x2.a : NVS.oem4f (.text:NVS_open)
                  00017a18    00000048     OneLib.a : att_util.o (.text)
                  00017a60    00000048              : gattservapp.o (.text)
                  00017aa8    00000048              : ll.o (.text)
                  00017af0    00000048              : ll.o (.text)
                  00017b38    00000048              : ll_common.o (.text)
                  00017b80    00000048              : ll_isr.o (.text)
                  00017bc8    00000048              : ll_isr.o (.text)
                  00017c10    00000048     drivers_cc26x2.a : PINCC26XX.oem4f (.text:PIN_setOutputEnable)
                  00017c58    00000048                      : PowerCC26X2_calibrateRCOSC.oem4f (.text:PowerCC26X2_RCOSC_clockFunc)
                  00017ca0    00000048                      : PowerCC26X2.oem4f (.text:PowerCC26XX_switchXOSC_HF)
                  00017ce8    00000048                      : NVSCC26XX.oem4f (.text:disableFlashCache)
                  00017d30    00000048                      : PowerCC26X2.oem4f (.text:switchXOSCHF)
                  00017d78    00000048                      : UARTCC26XX.oem4f (.text:writeFinishedDoCallback)
                  00017dc0    00000046                      : RingBuf.oem4f (.text:RingBuf_put)
                  00017e06    00000002     rom_init.obj (.text:MAP_rf_patch_rfe)
                  00017e08    00000044     drivers_cc26x2.a : ECDHCC26X2.oem4f (.text:ECDHCC26X2_waitForResult)
                  00017e4c    00000044     nvocmp.obj (.text:NVOCMP_getFreeNvApi$9)
                  00017e90    00000044     drivers_cc26x2.a : NVSCC26XX.oem4f (.text:NVSCC26XX_read)
                  00017ed4    00000044     OneLib.a : ll.o (.text)
                  00017f18    00000044              : ll.o (.text)
                  00017f5c    00000044              : ll_ae.o (.text)
                  00017fa0    00000044              : ll_ae.o (.text)
                  00017fe4    00000044              : ll_common.o (.text)
                  00018028    00000044     drivers_cc26x2.a : PINCC26XX.oem4f (.text:PIN_swi)
                  0001806c    00000044     simple_gatt_profile.obj (.text:SimpleProfile_GetParameter)
                  000180b0    00000044     StackWrapper.a : osal.o (.text)
                  000180f4    00000044                    : osal_timers.o (.text)
                  00018138    00000044     drivers_cc26x2.a : UART.oem4f (.text:UART_init)
                  0001817c    00000044     multi_role.obj (.text:multi_role_clearConnListEntry$4)
                  000181c0    00000042     OneLib.a : ll.o (.text)
                  00018202    00000042              : ll_common.o (.text)
                  00018244    00000040     dpl_cc26x2.a : ClockP_tirtos.oem4f (.text:ClockP_construct)
                  00018284    00000040     drivers_cc26x2.a : ECDHCC26X2.oem4f (.text:ECDHCC26X2_convertReturnValue)
                  000182c4    00000040                      : ECDHCC26X2.oem4f (.text:ECDHCC26X2_getPublicKeyResult)
                  00018304    00000040     driverlib.lib : osc.obj (.text:NOROM_OSC_HPOSCRelativeFrequencyOffsetGet)
                  00018344    00000040     OneLib.a : gap_configmgr.o (.text)
                  00018384    00000040              : gattservapp.o (.text)
                  000183c4    00000040              : linkdb.o (.text)
                  00018404    00000040              : ll_common.o (.text)
                  00018444    00000040              : ll_common.o (.text)
                  00018484    00000040              : sm_intpairing.o (.text)
                  000184c4    00000040     drivers_cc26x2.a : PowerCC26X2.oem4f (.text:PowerCC26XX_isStableXOSC_HF)
                  00018504    00000040                      : Random.oem4f (.text:Random_getNumber)
                  00018544    00000040                      : RingBuf.oem4f (.text:RingBuf_get)
                  00018584    00000040     StackWrapper.a : osal.o (.text)
                  000185c4    00000040                    : osal_bufmgr.o (.text)
                  00018604    00000040                    : osal_bufmgr.o (.text)
                  00018644    00000040                    : osal_timers.o (.text)
                  00018684    00000040     drivers_cc26x2.a : TRNGCC26XX.oem4f (.text:TRNGCC26XX_copyToClient)
                  000186c4    00000040                      : UART.oem4f (.text:UART_open)
                  00018704    00000040     rtsv7M4_T_le_v4SPD16_eabi.lib : u_divt2.asm.obj (.text)
                  00018744    00000040     rom_sysbios.aem4f : rom_sysbios.obj (.text:ti_sysbios_family_arm_cc26xx_Timer_setThreshold__I)
                  00018784    00000040                       : rom_sysbios.obj (.text:ti_sysbios_heaps_HeapCallback_Module_startup__E)
                  000187c4    0000003e     dpl_cc26x2.a : HwiP_tirtos.oem4f (.text:HwiP_construct)
                  00018802    0000003e     OneLib.a : ll_common.o (.text)
                  00018840    0000003e              : ll_isr.o (.text)
                  0001887e    0000003e     drivers_cc26x2.a : TRNGCC26XX.oem4f (.text:TRNGCC26XX_serviceJob)
                  000188bc    0000003e     multi_role.obj (.text:multi_role_passcodeCB$4)
                  000188fa    00000002     rf_multiMode_cc26x2.a : rfc.c.cc26x2.ccs.o (.text:NOROM_RFCCpePatchReset)
                  000188fc    0000003c     nvocmp.obj (.text:NVOCMP_disableCache$9)
                  00018938    0000003c     OneLib.a : gap_linkmgr.o (.text)
                  00018974    0000003c              : gattservapp.o (.text)
                  000189b0    0000003c              : gattservapp.o (.text)
                  000189ec    0000003c              : gattservapp.o (.text)
                  00018a28    0000003c              : linkdb.o (.text)
                  00018a64    0000003c              : ll_ae.o (.text)
                  00018aa0    0000003c     drivers_cc26x2.a : PINCC26XX.oem4f (.text:PIN_setOutputValue)
                  00018adc    0000003c     rf_multiMode_cc26x2.a : RFCC26X2_multiMode.c.cc26x2.ccs.o (.text:RF_cmdGet)
                  00018b18    0000003c                           : RFCC26X2_multiMode.c.cc26x2.ccs.o (.text:RF_cmdStoreEvents)
                  00018b54    0000003c     StackWrapper.a : osal.o (.text)
                  00018b90    0000003c                    : osal.o (.text)
                  00018bcc    0000003c                    : osal.o (.text)
                  00018c08    0000003c                    : osal_timers.o (.text)
                  00018c44    0000003c                    : sm_ecc.o (.text)
                  00018c80    0000003c     drivers_cc26x2.a : NVSCC26XX.oem4f (.text:checkEraseRange)
                  00018cbc    0000003c     multi_role.obj (.text:multi_role_createTask)
                  00018cf8    0000003c     rom_sysbios.aem4f : rom_sysbios.obj (.text:ti_sysbios_family_arm_m3_Hwi_construct2__E)
                  00018d34    0000003a     StackWrapper.a : osal.o (.text)
                  00018d6e    00000002     rf_multiMode_cc26x2.a : RFCC26X2_multiMode.c.cc26x2.ccs.o (.text:RF_defaultCallback)
                  00018d70    00000038     board_key.obj (.text:Board_keyCallback$3)
                  00018da8    00000038     ti_drivers_config.obj (.text:Board_shutDownExtFlash)
                  00018de0    00000038     OneLib.a : hci.o (.text)
                  00018e18    00000038              : linkdb.o (.text)
                  00018e50    00000038              : ll_ae.o (.text)
                  00018e88    00000038              : ll_ae.o (.text)
                  00018ec0    00000038              : ll_common.o (.text)
                  00018ef8    00000038              : ll_enc.o (.text)
                  00018f30    00000038              : ll_scheduler.o (.text)
                  00018f68    00000038              : sm_rsppairing.o (.text)
                  00018fa0    00000038     drivers_cc26x2.a : PINCC26XX.oem4f (.text:PIN_setConfig)
                  00018fd8    00000038     rf_multiMode_cc26x2.a : RFCC26X2_multiMode.c.cc26x2.ccs.o (.text:RF_checkCmdFsError)
                  00019010    00000038     StackWrapper.a : osal_timers.o (.text)
                  00019048    00000038     drivers_cc26x2.a : PowerCC26X2.oem4f (.text:notify)
                  00019080    00000038                      : UARTCC26XX.oem4f (.text:readData)
                  000190b8    00000038     two_btn_menu.obj (.text:tbm_findActiveItem)
                  000190f0    00000038     two_btn_menu.obj (.text:tbm_goTo)
                  00019128    00000038     rom_sysbios.aem4f : rom_sysbios.obj (.text:ti_sysbios_family_arm_cc26xx_Timer_getCurrentTick__E)
                  00019160    00000038     drivers_cc26x2.a : UARTCC26XX.oem4f (.text:writeData)
                  00019198    00000036     StackWrapper.a : ble_dispatch_lite.o (.text)
                  000191ce    00000036     rom_sysbios.aem4f : rom_sysbios.obj (.text:ti_sysbios_family_arm_cc26xx_Timer_setNextTick__E)
                  00019204    00000034     gattservapp_util.obj (.text:GATTServApp_InitCharCfg)
                  00019238    00000034     icall.obj (.text:ICall_heapFree)
                  0001926c    00000034     icall.obj (.text:ICall_searchServiceEntity)
                  000192a0    00000034     driverlib.lib : aes.obj (.text:NOROM_AESStartDMAOperation)
                  000192d4    00000034                   : sys_ctrl.obj (.text:NOROM_SysCtrlIdle)
                  00019308    00000034     nvocmp.obj (.text:NVOCMP_verifyCRC$9)
                  0001933c    00000034     OneLib.a : hci.o (.text)
                  00019370    00000034              : hci_tl.o (.text)
                  000193a4    00000034              : ll_ae.o (.text)
                  000193d8    00000034              : ll_scheduler.o (.text)
                  0001940c    00000034              : ll_scheduler.o (.text)
                  00019440    00000034     rf_multiMode_cc26x2.a : RFCC26X2_multiMode.c.cc26x2.ccs.o (.text:RF_powerConstraintRelease)
                  00019474    00000034                           : RFCC26X2_multiMode.c.cc26x2.ccs.o (.text:RF_runDirectImmediateCmd)
                  000194a8    00000034     StackWrapper.a : gapbondmgr.o (.text)
                  000194dc    00000034                    : icall_startup.o (.text)
                  00019510    00000034     multi_role.obj (.text:multi_role_clockHandler$4)
                  00019544    00000034     drivers_cc26x2.a : UARTCC26XX.oem4f (.text:readData2RingBuf)
                  00019578    00000034     rom_sysbios.aem4f : rom_sysbios.obj (.text:ti_sysbios_knl_Swi_setPri__E)
                  000195ac    00000032     multi_role.obj (.text:multi_role_scanCB$4)
                  000195de    00000032     rom_sysbios.aem4f : rom_sysbios.obj (.text:ti_sysbios_gates_GateMutexPri_insertPri__I)
                  00019610    00000030     drivers_cc26x2.a : AESECBCC26XX.oem4f (.text:AESECB_cleanup)
                  00019640    00000030     icall.obj (.text:ICall_dispatch$18)
                  00019670    00000030     icall.obj (.text:ICall_msecs2Ticks$18)
                  000196a0    00000030     icall.obj (.text:ICall_primEntityId2ServiceId$18)
                  000196d0    00000030     icall.obj (.text:ICall_searchTask$18)
                  00019700    00000030     nvocmp.obj (.text:NVOCMP_changePageState$9)
                  00019730    00000030     drivers_cc26x2.a : NVSCC26XX.oem4f (.text:NVSCC26XX_erase)
                  00019760    00000030     OneLib.a : gap_scanner.o (.text)
                  00019790    00000030              : gattservapp.o (.text)
                  000197c0    00000030              : ll_ae.o (.text)
                  000197f0    00000030              : ll_scheduler.o (.text)
                  00019820    00000030     drivers_cc26x2.a : PINCC26XX.oem4f (.text:PINCC26XX_setMux)
                  00019850    00000030                      : PowerCC26X2.oem4f (.text:Power_releaseConstraint)
                  00019880    00000030                      : PowerCC26X2.oem4f (.text:Power_setConstraint)
                  000198b0    00000030     StackWrapper.a : osal_timers.o (.text)
                  000198e0    00000030     drivers_cc26x2.a : TRNGCC26XX.oem4f (.text:TRNGCC26XX_fillEntropyPool)
                  00019910    00000030                      : TRNGCC26XX.oem4f (.text:TRNG_generateKey)
                  00019940    00000030     rf_multiMode_cc26x2.a : rf_patch_cpe_bt5.c.cc26x2.ccs.o (.text:applyBt5Patch)
                  00019970    00000030     multi_role_app_pem4f.oem4f (.text:ti_sysbios_BIOS_atExitFunc__I)
                  000199a0    00000030     multi_role_app_pem4f.oem4f (.text:ti_sysbios_BIOS_startFunc__I)
                  000199d0    00000030     rom_sysbios.aem4f : rom_sysbios.obj (.text:ti_sysbios_family_arm_cc26xx_Timer_initDevice__I)
                  00019a00    00000030     multi_role_app_pem4f.oem4f (.text:ti_sysbios_gates_GateMutexPri_Object__create__S)
                  00019a30    00000030     multi_role_app_pem4f.oem4f (.text:ti_sysbios_gates_GateMutexPri_create)
                  00019a60    00000030     multi_role_app_pem4f.oem4f (.text:ti_sysbios_heaps_HeapCallback_Object__create__S)
                  00019a90    00000030     rom_sysbios.aem4f : rom_sysbios.obj (.text:ti_sysbios_knl_Clock_getTimeout__E)
                  00019ac0    0000002e     icall_cc2650.obj (.text:ICallPlatform_pwrDispenseImpl$19)
                  00019aee    0000002e     icall_cc2650.obj (.text:ICallPlatform_pwrRequireImpl$19)
                  00019b1c    0000002e     OneLib.a : gattservapp.o (.text)
                  00019b4a    00000002     StackWrapper.a : common_rom_init.o (.text)
                  00019b4c    0000002c     icall.obj (.text:ICall_getLocalMsgEntityId)
                  00019b78    0000002c     icall.obj (.text:ICall_msgEnqueue$18)
                  00019ba4    0000002c     drivers_cc26x2.a : NVS.oem4f (.text:NVS_init)
                  00019bd0    0000002c     OneLib.a : gatt_task.o (.text)
                  00019bfc    0000002c              : gattservapp.o (.text)
                  00019c28    0000002c     rf_multiMode_cc26x2.a : RFCC26X2_multiMode.c.cc26x2.ccs.o (.text:RF_executeDirectImmediateCmd)
                  00019c54    0000002c     rom_init.obj (.text:ROM_Init)
                  00019c80    0000002c     dpl_cc26x2.a : SemaphoreP_tirtos.oem4f (.text:SemaphoreP_constructBinary)
                  00019cac    0000002c                  : SemaphoreP_tirtos.oem4f (.text:SemaphoreP_createBinary)
                  00019cd8    0000002c     StackWrapper.a : hal_assert.o (.text)
                  00019d04    0000002c                    : osal_bufmgr.o (.text)
                  00019d30    0000002c     drivers_cc26x2.a : TRNGCC26XX.oem4f (.text:TRNGCC26XX_stopTrng)
                  00019d5c    0000002c     multi_role_app_pem4f.oem4f (.text:ti_sysbios_gates_GateMutexPri_Handle__label__S)
                  00019d88    0000002c     multi_role_app_pem4f.oem4f (.text:ti_sysbios_heaps_HeapCallback_Handle__label__S)
                  00019db4    0000002c     rom_sysbios.aem4f : rom_sysbios.obj (.text:ti_sysbios_knl_Clock_getTicksUntilInterrupt__E)
                  00019de0    0000002a     display.a : DisplayUart.oem4f (.text:DisplayUartAnsi_clear)
                  00019e0a    0000002a               : Display.oem4f (.text:Display_doPrintf)
                  00019e34    0000002a     drivers_cc26x2.a : List.oem4f (.text:List_insert)
                  00019e5e    0000002a     rf_multiMode_cc26x2.a : RFCC26X2_multiMode.c.cc26x2.ccs.o (.text:RF_searchAndReplacePAOverride)
                  00019e88    0000002a     multi_role.obj (.text:multi_role_pairStateCB$4)
                  00019eb2    00000002     StackWrapper.a : hal_assert.o (.text)
                  00019eb4    00000028     drivers_cc26x2.a : AESCTRCC26XX.oem4f (.text:AESCTR_cleanup)
                  00019edc    00000028     rf_multiMode_cc26x2.a : rfc.c.cc26x2.ccs.o (.text:NOROM_RFCOverrideSearch)
                  00019f04    00000028     nvocmp.obj (.text:NVOCMP_setCompactHdr$9)
                  00019f2c    00000028     OneLib.a : gattservapp.o (.text)
                  00019f54    00000028              : ll_common.o (.text)
                  00019f7c    00000028     drivers_cc26x2.a : PowerCC26X2.oem4f (.text:Power_registerNotify)
                  00019fa4    00000028     rf_multiMode_cc26x2.a : RFCC26X2_multiMode.c.cc26x2.ccs.o (.text:RF_calculateDeltaTimeUs)
                  00019fcc    00000028                           : RFCC26X2_multiMode.c.cc26x2.ccs.o (.text:RF_runScheduleCmd)
                  00019ff4    00000028     StackWrapper.a : osal.o (.text)
                  0001a01c    00000028                    : osal_snv_wrapper.o (.text)
                  0001a044    00000028                    : osal_snv_wrapper.o (.text)
                  0001a06c    00000028                    : osal_snv_wrapper.o (.text)
                  0001a094    00000028     drivers_cc26x2.a : PowerCC26X2.oem4f (.text:oscillatorISR)
                  0001a0bc    00000028                      : NVSCC26XX.oem4f (.text:restoreFlashCache)
                  0001a0e4    00000028     two_btn_menu.obj (.text:tbm_setItemStatus)
                  0001a10c    00000026     drivers_cc26x2.a : List.oem4f (.text:List_put)
                  0001a132    00000026                      : List.oem4f (.text:List_putHead)
                  0001a158    00000026                      : List.oem4f (.text:List_remove)
                  0001a17e    00000026     multi_role.obj (.text:multi_role_advCB$4)
                  0001a1a4    00000024     drivers_cc26x2.a : AESCTRDRBGXX.oem4f (.text:AESCTRDRBG_uninstantiate)
                  0001a1c8    00000024     driverlib.lib : osc.obj (.text:NOROM_OSCHF_TurnOnXosc)
                  0001a1ec    00000024     rf_multiMode_cc26x2.a : rfc.c.cc26x2.ccs.o (.text:NOROM_RFCDoorbellSendTo)
                  0001a210    00000024     OneLib.a : gapgattserver.o (.text)
                  0001a234    00000024              : gatt_server.o (.text)
                  0001a258    00000024              : ll_ae.o (.text)
                  0001a27c    00000024     rf_multiMode_cc26x2.a : RFCC26X2_multiMode.c.cc26x2.ccs.o (.text:RF_cmdAlloc)
                  0001a2a0    00000024                           : RFCC26X2_multiMode.c.cc26x2.ccs.o (.text:RF_invokeGlobalCallback)
                  0001a2c4    00000024     StackWrapper.a : ble_dispatch_lite.o (.text)
                  0001a2e8    00000024                    : gapbondmgr.o (.text)
                  0001a30c    00000024                    : osal.o (.text)
                  0001a330    00000024                    : osal.o (.text)
                  0001a354    00000024                    : osal_timers.o (.text)
                  0001a378    00000024                    : osal_timers.o (.text)
                  0001a39c    00000024     drivers_cc26x2.a : PowerCC26X2_calibrateRCOSC.oem4f (.text:getTdcSemaphore)
                  0001a3c0    00000024     rtsv7M4_T_le_v4SPD16_eabi.lib : memcmp.c.obj (.text:memcmp)
[...]
20000fd4  maxNumConns                                                     
20000fd5  aeCurHandle                                                     
20000fd6  aeCurAdvEnableHandle                                            
20000fd7  aeCurConnHandle                                                 
20000fd8  extScanIndex                                                    
20000fd9  extInitIndex                                                    
20000fda  scanState                                                       
20000fdb  lastPrimPhy                                                     
20000fdc  lastScanRsp                                                     
20000fdd  smTaskID                                                        
20000fde  SM_appExpectingKey                                              
200014e8  mrMenuMain                                                      
200014fc  mrMenuConnect                                                   
20001510  mrMenuSelectConn                                                
20001524  mrMenuPerConn                                                   
20001538  mrMenuAdvPhy                                                    
2000154c  mrMenuScanPhy                                                   
20001560  mrMenuInitPhy                                                   
20001574  mrMenuConnPhy                                                   
20001588  mrMenuGattWrite                                                 
2000159c  mrMenuPhy                                                       
200015b0  MRMenu_scanPhy                                                  
2000161c  MRMenu_advPhy                                                   
20001688  MRMenu_connPhy                                                  
2000173c  MRMenu_initPhy                                                  
200019fc  dispHandle                                                      
20001aac  mrTask                                                          
20001bbc  PowerCC26X2_module                                              
20001e50  ROM_stateStruct                                                 
20001e50  ti_sysbios_knl_Clock_Module__state__V                           
20001e7c  ti_sysbios_family_arm_cc26xx_TimestampProvider_Module__state__V 
20001e80  xdc_runtime_Startup_Module__state__V                            
20001e88  xdc_runtime_Registry_Module__state__V                           
20001e90  ti_sysbios_BIOS_Module__state__V                                
20001eb4  ti_sysbios_knl_Swi_Module__state__V                             
20001ed0  ti_sysbios_knl_Task_Module__state__V                            
20001f14  xdc_runtime_Memory_Module__state__V                             
20001f18  xdc_runtime_System_Module__state__V                             
20001f20  ti_sysbios_family_arm_m3_Hwi_Module__state__V                   
20001f54  ti_sysbios_family_arm_cc26xx_Timer_Module__state__V             
20002054  gapAttrTbl                                                      
20002108  ICall_enterCriticalSection                                      
2000210c  ICall_leaveCriticalSection                                      
20002110  ICall_dispatcher                                                
20002124  heapmgrMemFreeTotal                                             
20002130  HEAPMGR_SIZE                                                    
200021a0  pairMode                                                        
200021a1  mitm                                                            
200021a2  ioCap                                                           
200021a3  bonding                                                         
200021a4  secureConnection                                                
200021a5  authenPairingOnly                                               
200021a6  autoSyncWL                                                      
200021a7  eccReGenPolicy                                                  
200021a8  KeySize                                                         
200021a9  removeLRUBond                                                   
200021aa  bondFailAction                                                  
200021ab  KeyDistList                                                     
200021ac  eccDebugKeys                                                    
200021ad  allowDebugKeys                                                  
200021ae  eraseBondWhileInConn                                            
200021b0  pRandomAddress                                                  
200021b4  advData1                                                        
200021bb  advData2                                                        
200021c4  attDeviceName                                                   
200021d9  scanResData1                                                    
200021f0  advParams1                                                      
2000220c  advParams2                                                      
20002228  ti_sysbios_knl_Task_Module_State_0_readyQ__A                    
200022a8  llUserConfig                                                    
2000230e  gAction                                                         
2000230f  NVOCMP_size                                                     
2000233c  NVOCMP_nvHandle                                                 
2000236c  pOverrides_bleCommon                                            
200023c0  txPowerTable_2400_pa5                                           
20002410  ti_sysbios_knl_Task_Object__table__V                            
20002460  appKeyChangeHandler                                             
20002464  hKeyPins                                                        
20002468  keyPinsCfg                                                      
20002474  keyPins                                                         
200024a4  patchedMasterCtrlPktList                                        
200024a8  ti_sysbios_family_arm_cc26xx_Timer_Object__table__V             
200024f0  gattAttrTbl                                                     
20002530  sm_eccKeys_sc_host_debug                                        
20002570  eccParams_NISTP256                                              
200025b0  nvintfFncStruct                                                 
200025ec  ti_sysbios_gates_GateMutex_Object__table__V                     
20002624  ti_sysbios_knl_Swi_Module_State_0_readyQ__A                     
20002654  ti_sysbios_knl_Swi_Object__table__V                             
20002684  _hposcCoeffs                                                    
200026c8  ti_sysbios_knl_Clock_Object__table__V                           
200026e8  xdc_runtime_Error_IgnoreBlock                                   
20002708  ti_sysbios_family_arm_m3_Hwi_Object__table__V                   
20002720  tbmRowItemLast                                                  
2000279d  deviceNameCharProps                                             
2000279e  disconnectImmedConnId                                           
200027a0  gattAttrTbl_gatt_no_service_changed                             
200027b0  rfMode                                                          
200027c0  sizeInfo                                                        
200027d0  bleAppServiceInfoTable                                          
200027e0  pfnBMAlloc                                                      
200027e4  pfnBMFree                                                       
200027e8  pRfErrCb                                                        
200027ec  lastAppOpcodeIdxSent                                            
200027f0  pOverrides_ble2Mbps                                             
20002800  pOverrides_bleCoded                                             
20002810  user0Cfg                                                        
20002820  pOverrides_ble1Mbps                                             
2000282c  ti_sysbios_heaps_HeapCallback_Object__table__V                  
20002841  appearanceCharProps                                             
20002842  llUserConfig_maxPduSize                                         
2000284c  bleUserCfg_maxPduSize                                           
20002850  appAssertCback                                                  
20002854  _lock                                                           
20002858  _unlock                                                         
2000285c  periConnParameters                                              
20002864  RFCC26XX_schedulerPolicy                                        
2000286c  pinUpperBound                                                   
20002870  pinLowerBound                                                   
2000287c  ti_sysbios_family_arm_m3_Hwi_Module__root__V                    
20002884  ti_sysbios_gates_GateHwi_Module__root__V                        
2000288c  ti_sysbios_gates_GateMutexPri_Module__root__V                   
20002894  ti_sysbios_gates_GateMutex_Module__root__V                      
2000289c  ti_sysbios_hal_Hwi_Module__root__V                              
200028a4  ti_sysbios_heaps_HeapCallback_Module__root__V                   
200028ac  ti_sysbios_heaps_HeapMem_Module__root__V                        
200028b4  ti_sysbios_knl_Clock_Module__root__V                            
200028bc  ti_sysbios_knl_Event_Module__root__V                            
200028c4  ti_sysbios_knl_Mailbox_Module__root__V                          
200028cc  ti_sysbios_knl_Queue_Module__root__V                            
200028d4  ti_sysbios_knl_Semaphore_Module__root__V                        
200028dc  ti_sysbios_knl_Swi_Module__root__V                              
200028e4  ti_sysbios_knl_Task_Module__root__V                             
200028ec  xdc_runtime_System_Module_State_0_atexitHandlers__A             
200028f9  periConnParamCharProps                                          
200028fa  baseTaskID                                                      
200028fc  patchedSlaveCtrlPktList                                         
20002900  halAssertCback                                                  
20002904  icallServiceTblPtr                                              
20002908  main_func_sp                                                    
2000290c  ti_sysbios_family_arm_m3_Hwi_Module_State_0_excContext__A       
20002910  ti_sysbios_family_arm_m3_Hwi_Module_State_0_excStack__A         
20002914  ti_sysbios_knl_Task_Module_State_0_idleTask__A                  
20002918  CryptoResourceCC26XX_pollingFlag                                
2000291a  PKAResourceCC26XX_pollingFlag                                   
2000291e  ti_sysbios_family_arm_m3_Hwi_Module_State_0_excActive__A        
20002920  centAddrResCharProps                                            
20002921  centAddrRes                                                     
20002922  resolvablePrivateAddressOnlyCharProps                           
20002923  GATTServApp_gatt_no_service_changed                             
20002925  qosDefaultPriorityConnParameter                                 
20002926  extScanChanMap                                                  
20002927  sizeOfAllExtConnParam                                           
20002928  rfRatHandle                                                     
20002929  smAllowDebugKeysMode                                            
2000292a  gapEndAppTaskID                                                 
2000292b  gapAppTaskID                                                    
2000292c  legacyMode                                                      
2000292d  argRpaRead                                                      
20002935  periodicUpdateData                                              
20002938  mrTaskStack                                                     
20002d38  ti_sysbios_knl_Task_Instance_State_0_stack__A                   
20003038  uartCC26XXObjects                                               
200031f4  ti_sysbios_family_arm_m3_Hwi_dispatchTable                      
200032cc  extScanReportState                                              
2000336c  trngCC26XXObjects                                               
20003470  pinHandleTable                                                  
200034ec  cbTimers                                                        
200035d4  aesctrdrbgXXObjects                                             
2000367c  CryptoResourceCC26XX_accessSemaphore                            
200036cc  CryptoResourceCC26XX_operationSemaphore                         
2000371c  PKAResourceCC26XX_accessSemaphore                               
2000376c  PKAResourceCC26XX_operationSemaphore                            
200037bc  nvFptrs                                                         
20003834  llCteSamples                                                    
20003858  req                                                             
20003878  gapBond_remoteOobData                                           
20003898  gapBond_localOobData                                            
200038f8  ecdhCC26X2Objects                                               
2000396c  CryptoResourceCC26XX_hwi                                        
20003988  PKAResourceCC26XX_hwi                                           
200039a4  deviceName                                                      
200039bc  llCoex                                                          
200039d4  aesccmCC26XXObjects                                             
200039ec  aesctrCC26XXObjects                                             
20003a04  aesecbCC26XXObjects                                             
20003a44  llCteTest                                                       
20003a50  cteAntennaProp                                                  
20003a5c  llTaskList                                                      
20003a74  displayUartObject                                               
20003a80  secondaryAdvChannelMap                                          
20003a88  llRfCmdPreemption                                               
20003a90  ggs_AppCBs                                                      
20003a98  BDAddrPerConnHandle                                             
20003a9c  llCte                                                           
20003aa0  extStackSettings                                                
20003aa4  llConnExtParam                                                  
20003aa8  trngHandle                                                      
20003aac  LSTORecoveryArr                                                 
20003ab0  pNextAdvSet                                                     
20003ab4  llCurrentMappedChan                                             
20003ab8  drbgHandle                                                      
20003abc  pRpaCfg                                                         
20003ac0  gapBond_lruBondList                                             
20003ac4  gapBondStateNodeHead                                            
20003ac8  osal_syncHandle                                                 
20003acc  osal_tickperiod                                                 
20003ad0  osal_max_msecs                                                  
20003ad4  osal_icallMsg_hook                                              
20003ad8  osal_qHead                                                      
20003adc  osal_eventloop_hook                                             
20003ae8  OSAL_timeSeconds                                                
20003aec  timerHead                                                       
20003af4  osal_last_timestamp                                             
20003b00  PowerCC26XX_swiKey                                              
20003b04  PowerCC26XX_taskKey                                             
20003b08  nvsCC26XXObjects                                                
20003b0c  tasksEvents                                                     
20003b10  appearance                                                      
20003b12  maximumPduSize                                                  
20003b14  extScanNumMissed                                                
20003b18  pwrmgr_attribute                                                
20003b1a  resolvablePrivateAddressOnly                                    
20003b1b  GATTServApp_att_delayed_req                                     
20003b1c  hciTaskID                                                       
20003b1d  hciL2capTaskID                                                  
20003b1e  hciGapTaskID                                                    
20003b1f  hciSmpTaskID                                                    
20003b20  hciTestTaskID                                                   
20003b21  hciVsEvtMask                                                    
20003b22  scanReqRpt                                                      
20003b23  secondaryAdvChannelMapPopCount                                  
20003b24  qosDefaultPriorityAdvParameter                                  
20003b25  qosDefaultPriorityScnParameter                                  
20003b26  qosDefaultPriorityInitParameter                                 
20003b27  maxNumCteDataBufs                                               
20003b28  numActiveAdvSets                                                
20003b29  wlSize                                                          
20003b2a  rlSize                                                          
20003b2b  decryptResult                                                   
20003b2c  llUnhandleNextIntFlag                                           
20003b2d  smAuthenPairingOnlyMode                                         
20003b2e  icall_liteTaskId                                                
20003b2f  gapBond_removeLRUBond                                           
20003b30  gapBond_syncRL                                                  
20003b31  assertSubcause                                                  
20003b32  osal_entity                                                     
20003b33  pwrmgr_initialized                                              
20003b35  driverlib_release_0_60278                                       
20003b36  heapStart                                                       
20013c00  __stack                                                         
20013c00  heapEnd                                                         
20014000  __STACK_END                                                     
20014000  __STACK_TOP                                                     
20014000  __UNUSED_SRAM_end__                                             
e000e000  ti_sysbios_family_arm_m3_Hwi_nvic                               
ffffffff  __TI_pprof_out_hndl                                             
ffffffff  __TI_prof_data_size                                             
ffffffff  __TI_prof_data_start                                            
ffffffff  __binit__                                                       
ffffffff  __c_args__                                                      
ffffffff  binit                                                           
UNDEFED   ITM_flush                                                       
UNDEFED   ITM_restore                                                     
UNDEFED   SHT$$INIT_ARRAY$$Base                                           
UNDEFED   SHT$$INIT_ARRAY$$Limit                                          

[3064 symbols]
