******************************************************************************
                  TI ARM Linker PC v20.2.5                     
******************************************************************************
>> Linked Sun May 29 04:25:52 2022

OUTPUT FILE NAME:   <simple_peripheral_CC26X2R1_LAUNCHXL_tirtos_ccs.out>
ENTRY POINT SYMBOL: "ResetISR"  address: 00014221


MEMORY CONFIGURATION

         name            origin    length      used     unused   attr    fill
----------------------  --------  ---------  --------  --------  ----  --------
  FLASH                 00000000   00056000  0002060f  000359f1  R  X
  FLASH_LAST_PAGE       00056000   00002000  00000058  00001fa8  R  X
  RTOS_SRAM             20000000   0000012c  000000e4  00000048  RW X
  SRAM                  20000fdf   00013021  00002e4d  000101d4  RW X


SEGMENT ALLOCATION MAP

run origin  load origin   length   init length attrs members
----------  ----------- ---------- ----------- ----- -------
00000000    00000000    0001c610   0001c610    r-x
  00000000    00000000    0000003c   0000003c    r-- .resetVecs
  0000003c    0000003c    00019b7c   00019b7c    r-x .text
  00019bb8    00019bb8    000022e3   000022e3    r-- .const
  0001be9c    0001be9c    00000144   00000144    r-- .rodata
  0001bfe0    0001bfe0    00000630   00000630    r-- .cinit
00048000    00048000    00004000   00000000    rw-
  00048000    00048000    00004000   00000000    rw- .TI.bound:flashBuf0
00057fa8    00057fa8    00000058   00000058    r--
  00057fa8    00057fa8    00000058   00000058    r-- .ccfg
20000100    20000100    0000000c   00000000    rw-
  20000100    20000100    00000004   00000000    rw- .data:xdcRomConstPtr
  20000104    20000104    00000004   00000000    rw- .data:xdcRomExternFuncPtr
  20000108    20000108    00000004   00000000    rw- .data:xdcRomStatePtr
20000fe0    20000fe0    00002a4d   00000000    rw-
  20000fe0    20000fe0    00001631   00000000    rw- .data
  20002618    20002618    00001415   00000000    rw- .bss
20013c00    20013c00    00000400   00000000    rw-
  20013c00    20013c00    00000400   00000000    rw- .stack


SECTION ALLOCATION MAP

 output                                  attributes/
section   page    origin      length       input sections
--------  ----  ----------  ----------   ----------------
.cinit     0    0001bfe0    00000630     
                  0001bfe0    000005dc     (.cinit..data.load) [load image, compression = lzss]
                  0001c5bc    0000000c     (__TI_handler_table)
                  0001c5c8    00000008     (.cinit..bss.load) [load image, compression = zero_init]
                  0001c5d0    00000008     (.cinit..data:xdcRomConstPtr.load) [load image, compression = lzss]
                  0001c5d8    00000008     (.cinit..data:xdcRomExternFuncPtr.load) [load image, compression = lzss]
                  0001c5e0    00000008     (.cinit..data:xdcRomStatePtr.load) [load image, compression = lzss]
                  0001c5e8    00000028     (__TI_cinit_table)

.init_array 
*          0    00000000    00000000     UNINITIALIZED

.ccfg      0    00057fa8    00000058     
                  00057fa8    00000058     ti_devices_config.obj (.ccfg:retain)

.data:xdcRomConstPtr 
*          0    20000100    00000004     UNINITIALIZED
                  20000100    00000004     simple_peripheral_app_pem4f.oem4f (.data:xdcRomConstPtr)

.data:xdcRomExternFuncPtr 
*          0    20000104    00000004     UNINITIALIZED
                  20000104    00000004     simple_peripheral_app_pem4f.oem4f (.data:xdcRomExternFuncPtr)

.data:xdcRomStatePtr 
*          0    20000108    00000004     UNINITIALIZED
                  20000108    00000004     simple_peripheral_app_pem4f.oem4f (.data:xdcRomStatePtr)

.data      0    20000fe0    00001631     UNINITIALIZED
                  20000fe0    00000508     rf_multiMode_cc26x2.a : RFCC26X2_multiMode.c.cc26x2.ccs.o (.data:$O1$$)
                  200014e8    000001d4     devinfoservice.obj (.data:$O14$$)
                  200016bc    000001a8     simple_peripheral.obj (.data:$O4$$)
                  20001864    00000170     drivers_cc26x2.a : PowerCC26X2.oem4f (.data:PowerCC26X2_module)
                  200019d4    00000124     simple_gatt_profile.obj (.data:$O16$$)
                  20001af8    0000010c     simple_peripheral_app_pem4f.oem4f (.data:ROM_stateStruct)
                  20001c04    000000f8     StackWrapper.a : gapbondmgr.o (.data)
                  20001cfc    000000b0     OneLib.a : gapgattserver.o (.data)
                  20001dac    0000009c     icall.obj (.data:$O17$$)
                  20001e48    00000094     ti_ble_config.obj (.data:$O1$$)
                  20001edc    0000007c     ti_drivers_config.obj (.data:gpioPinConfigs)
                  20001f58    00000064     OneLib.a : ll_config.o (.data)
                  20001fbc    00000060     ti_radio_config.obj (.data:$O2$$)
                  2000201c    00000060     nvocmp.obj (.data:$O9$$)
                  2000207c    00000054     ti_radio_config.obj (.data:pOverrides_bleCommon)
                  200020d0    0000004c     simple_peripheral_app_pem4f.oem4f (.data:ti_sysbios_knl_Task_Object__table__V)
                  2000211c    00000048     board_key.obj (.data:$O3$$)
                  20002164    00000004     OneLib.a : ll_slave_end_causes.o (.data)
                  20002168    00000048     simple_peripheral_app_pem4f.oem4f (.data:ti_sysbios_family_arm_cc26xx_Timer_Object__table__V)
                  200021b0    00000040     OneLib.a : gattservapp.o (.data)
                  200021f0    00000040              : sm_pairing.o (.data)
                  20002230    0000003c     icall_user_config.obj (.data:nvintfFncStruct)
                  2000226c    00000038     simple_peripheral_app_pem4f.oem4f (.data:ti_sysbios_gates_GateMutex_Object__table__V)
                  200022a4    00000030     simple_peripheral_app_pem4f.oem4f (.data:ti_sysbios_knl_Swi_Module_State_0_readyQ__A)
                  200022d4    00000030     simple_peripheral_app_pem4f.oem4f (.data:ti_sysbios_knl_Swi_Object__table__V)
                  20002304    00000030     simple_peripheral_app_pem4f.oem4f (.data:ti_sysbios_knl_Task_Module_State_0_readyQ__A)
                  20002334    00000024     driverlib.lib : osc.obj (.data:$O23$$)
                  20002358    00000024     ble_user_config.obj (.data:eccParams_NISTP256)
                  2000237c    00000024     ti_radio_config.obj (.data:pOverrides_ble2Mbps)
                  200023a0    00000020     drivers_cc26x2.a : TRNGCC26XX.oem4f (.data:entropyPoolBuffer)
                  200023c0    00000020     simple_peripheral_app_pem4f.oem4f (.data:ti_sysbios_knl_Clock_Object__table__V)
                  200023e0    00000020     simple_peripheral_app_pem4f.oem4f (.data:xdc_runtime_Error_IgnoreBlock)
                  20002400    00000018     ti_radio_config.obj (.data:pOverrides_ble1Mbps)
                  20002418    00000018     simple_peripheral_app_pem4f.oem4f (.data:ti_sysbios_family_arm_m3_Hwi_Object__table__V)
                  20002430    00000014     two_btn_menu.obj (.data:$O6$$)
                  20002444    00000014     StackWrapper.a : osal.o (.data)
                  20002458    00000011     simple_gatt_profile.obj (.data:simpleProfileChar1UserDesp$19)
                  20002469    00000011     simple_gatt_profile.obj (.data:simpleProfileChar2UserDesp$19)
                  2000247a    00000011     simple_gatt_profile.obj (.data:simpleProfileChar3UserDesp$19)
                  2000248b    00000011     simple_gatt_profile.obj (.data:simpleProfileChar4UserDesp$19)
                  2000249c    00000011     simple_gatt_profile.obj (.data:simpleProfileChar5UserDesp$19)
                  200024ad    00000001     OneLib.a : gapgattserver.o (.data)
                  200024ae    00000002              : ll.o (.data)
                  200024b0    00000010              : gattservapp.o (.data)
                  200024c0    00000010              : ll_data.o (.data)
                  200024d0    00000010     icall_user_config.obj (.data:bleAppServiceInfoTable)
                  200024e0    00000010     ti_radio_config.obj (.data:pOverrides_bleCoded)
                  200024f0    00000010     main.obj (.data:user0Cfg)
                  20002500    0000000c     simple_peripheral_app_pem4f.oem4f (.data:ti_sysbios_heaps_HeapCallback_Object__table__V)
                  2000250c    00000009     devinfoservice.obj (.data)
                  20002515    00000001     OneLib.a : gapgattserver.o (.data)
                  20002516    00000002              : ll_config.o (.data)
                  20002518    00000009     drivers_cc26x2.a : PINCC26XX.oem4f (.data)
                  20002521    00000001     OneLib.a : gapgattserver.o (.data)
                  20002522    00000002     StackWrapper.a : osal_cbtimer.o (.data)
                  20002524    00000008     icall_cc2650.obj (.data:$O19$$)
                  2000252c    00000008     ble_user_config.obj (.data:$O20$$)
                  20002534    00000008     icall_api_lite.obj (.data:$O21$$)
                  2000253c    00000008     rtsv7M4_T_le_v4SPD16_eabi.lib : _lock.c.obj (.data:$O26$$)
                  20002544    00000008     OneLib.a : gapgattserver.o (.data)
                  2000254c    00000008     rf_multiMode_cc26x2.a : RFCC26X2_multiMode.c.cc26x2.ccs.o (.data:RFCC26XX_schedulerPolicy)
                  20002554    00000008     icall_api_lite.obj (.data)
                  2000255c    00000008     drivers_cc26x2.a : TRNGCC26XX.oem4f (.data:jobList)
                  20002564    00000008     simple_peripheral_app_pem4f.oem4f (.data:ti_sysbios_family_arm_m3_Hwi_Module__root__V)
                  2000256c    00000008     simple_peripheral_app_pem4f.oem4f (.data:ti_sysbios_gates_GateHwi_Module__root__V)
                  20002574    00000008     simple_peripheral_app_pem4f.oem4f (.data:ti_sysbios_gates_GateMutexPri_Module__root__V)
                  2000257c    00000008     simple_peripheral_app_pem4f.oem4f (.data:ti_sysbios_gates_GateMutex_Module__root__V)
                  20002584    00000008     simple_peripheral_app_pem4f.oem4f (.data:ti_sysbios_hal_Hwi_Module__root__V)
                  2000258c    00000008     simple_peripheral_app_pem4f.oem4f (.data:ti_sysbios_heaps_HeapCallback_Module__root__V)
                  20002594    00000008     simple_peripheral_app_pem4f.oem4f (.data:ti_sysbios_heaps_HeapMem_Module__root__V)
                  2000259c    00000008     simple_peripheral_app_pem4f.oem4f (.data:ti_sysbios_knl_Clock_Module__root__V)
                  200025a4    00000008     simple_peripheral_app_pem4f.oem4f (.data:ti_sysbios_knl_Event_Module__root__V)
                  200025ac    00000008     simple_peripheral_app_pem4f.oem4f (.data:ti_sysbios_knl_Mailbox_Module__root__V)
                  200025b4    00000008     simple_peripheral_app_pem4f.oem4f (.data:ti_sysbios_knl_Queue_Module__root__V)
                  200025bc    00000008     simple_peripheral_app_pem4f.oem4f (.data:ti_sysbios_knl_Semaphore_Module__root__V)
                  200025c4    00000008     simple_peripheral_app_pem4f.oem4f (.data:ti_sysbios_knl_Swi_Module__root__V)
                  200025cc    00000008     simple_peripheral_app_pem4f.oem4f (.data:ti_sysbios_knl_Task_Module__root__V)
                  200025d4    00000005     simple_gatt_profile.obj (.data)
                  200025d9    00000002     drivers_cc26x2.a : CryptoResourceCC26XX.oem4f (.data)
                  200025db    00000001     OneLib.a : gapgattserver.o (.data)
                  200025dc    00000004     StackWrapper.a : hal_assert.o (.data)
                  200025e0    00000004     ble_user_config_stack.obj (.data)
                  200025e4    00000004     rtsv7M4_T_le_v4SPD16_eabi.lib : stkdepth_vars.c.obj (.data)
                  200025e8    00000004     simple_peripheral_app_pem4f.oem4f (.data:ti_sysbios_family_arm_m3_Hwi_Module_State_0_excContext__A)
                  200025ec    00000004     simple_peripheral_app_pem4f.oem4f (.data:ti_sysbios_family_arm_m3_Hwi_Module_State_0_excStack__A)
                  200025f0    00000004     simple_peripheral_app_pem4f.oem4f (.data:ti_sysbios_knl_Task_Module_State_0_idleTask__A)
                  200025f4    00000002     drivers_cc26x2.a : PKAResourceCC26XX.oem4f (.data)
                  200025f6    00000002                      : TRNGCC26XX.oem4f (.data)
                  200025f8    00000002     simple_peripheral_app_pem4f.oem4f (.data:ti_sysbios_family_arm_m3_Hwi_Module_State_0_excActive__A)
                  200025fa    00000001     OneLib.a : gapgattserver.o (.data)
                  200025fb    00000001              : gapgattserver.o (.data)
                  200025fc    00000001              : gattservapp.o (.data)
                  200025fd    00000001              : gattservapp.o (.data)
                  200025fe    00000001              : ll.o (.data)
                  200025ff    00000001              : ll_ae.o (.data)
                  20002600    00000001              : ll_data.o (.data)
                  20002601    00000001              : ll_scheduler.o (.data)
                  20002602    00000001              : sm_task.o (.data)
                  20002603    00000001     StackWrapper.a : gap.o (.data)
                  20002604    00000001                    : gap.o (.data)
                  20002605    00000001                    : hal_assert.o (.data)
                  20002606    00000001     simple_peripheral.obj (.data:argPeriodic)
                  20002607    00000001     simple_peripheral.obj (.data:argRpaRead)
                  20002608    00000001     drivers_cc26x2.a : AESCCMCC26XX.oem4f (.data)
                  20002609    00000001                      : AESCTRCC26XX.oem4f (.data)
                  2000260a    00000001                      : AESCTRDRBGXX.oem4f (.data)
                  2000260b    00000001                      : AESECBCC26XX.oem4f (.data)
                  2000260c    00000001                      : ECDHCC26X2.oem4f (.data)
                  2000260d    00000001                      : GPIOCC26XX.oem4f (.data)
                  2000260e    00000001                      : NVS.oem4f (.data)
                  2000260f    00000001                      : UART.oem4f (.data)
                  20002610    00000001     rf_multiMode_cc26x2.a : rf_patch_cpe_bt5.c.cc26x2.ccs.o (.data)

.bss       0    20002618    00001415     UNINITIALIZED
                  20002618    00000400     (.common:spTaskStack)
                  20002a18    00000300     simple_peripheral_app_pem4f.oem4f (.bss:taskStackSection)
                  20002d18    000001ac     (.common:uartCC26XXObjects)
                  20002ec4    00000004     OneLib.a : gapgattserver.o (.bss)
                  20002ec8    00000100              : ll.o (.bss)
                  20002fc8    000000d8     (.common:ti_sysbios_family_arm_m3_Hwi_dispatchTable)
                  200030a0    00000084     (.common:trngCC26XXObjects)
                  20003124    00000080     ti_drivers_config.obj (.bss:displayUARTBuffer)
                  200031a4    0000007c     (.common:gpioCallbackFunctions)
                  20003220    0000007c     (.common:gpioUserArgs)
                  2000329c    0000007c     (.common:pinHandleTable)
                  20003318    00000078     StackWrapper.a : osal_cbtimer.o (.bss)
                  20003390    00000070     util.obj (.bss:$O7$$)
                  20003400    00000064     simple_peripheral_menu.obj (.bss:$O5$$)
                  20003464    00000058     (.common:aesctrdrbgXXObjects)
                  200034bc    00000050     drivers_cc26x2.a : PINCC26XX.oem4f (.bss:pinSemaphore)
                  2000350c    00000050     (.common:CryptoResourceCC26XX_accessSemaphore)
                  2000355c    00000050     (.common:CryptoResourceCC26XX_operationSemaphore)
                  200035ac    00000050     (.common:PKAResourceCC26XX_accessSemaphore)
                  200035fc    00000050     (.common:PKAResourceCC26XX_operationSemaphore)
                  2000364c    00000044     (.common:aesctrCC26XXObjects)
                  20003690    0000003c     StackWrapper.a : osal_snv_wrapper.o (.bss)
                  200036cc    0000003c     drivers_cc26x2.a : PINCC26XX.oem4f (.bss:pinSwi)
                  20003708    00000028     (.common:aesecbCC26XXObjects)
                  20003730    00000024     OneLib.a : ll.o (.bss)
                  20003754    00000020              : gattservapp.o (.bss)
                  20003774    00000020     StackWrapper.a : gapbondmgr.o (.bss)
                  20003794    00000020                    : gapbondmgr.o (.bss)
                  200037b4    00000020     drivers_cc26x2.a : PINCC26XX.oem4f (.bss:pinGpioConfigTable)
                  200037d4    00000020     ti_drivers_config.obj (.bss:uartCC26XXRingBuffer0)
                  200037f4    00000020     (.common:ecdhCC26X2Objects)
                  20003814    0000001c     drivers_cc26x2.a : TRNGCC26XX.oem4f (.bss:TRNGCC26XX_hwi)
                  20003830    0000001c                      : TRNGCC26XX.oem4f (.bss:entropyPool)
                  2000384c    0000001c                      : GPIOCC26XX.oem4f (.bss:gpioHwi)
                  20003868    0000001c                      : PINCC26XX.oem4f (.bss:pinHwi)
                  20003884    0000001c     (.common:CryptoResourceCC26XX_hwi)
                  200038a0    0000001c     (.common:PKAResourceCC26XX_hwi)
                  200038bc    00000018     OneLib.a : gapgattserver.o (.bss)
                  200038d4    00000018              : ll_common.o (.bss)
                  200038ec    00000018     (.common:aesccmCC26XXObjects)
                  20003904    00000014     rf_multiMode_cc26x2.a : RFCC26X2_multiMode.c.cc26x2.ccs.o (.bss:RF_ratSyncCmd)
                  20003918    00000014     drivers_cc26x2.a : Random.oem4f (.bss:state)
                  2000392c    00000010     OneLib.a : ll.o (.bss)
                  2000393c    0000000c              : ll.o (.bss)
                  20003948    0000000c              : ll.o (.bss)
                  20003954    0000000c              : ll_scheduler.o (.bss)
                  20003960    0000000c     drivers_cc26x2.a : NVSCC26XX.oem4f (.bss)
                  2000396c    0000000c     (.common:displayUartObject)
                  20003978    00000008     OneLib.a : ll.o (.bss)
                  20003980    00000008              : ll.o (.bss)
                  20003988    00000008              : ll_ae.o (.bss)
                  20003990    00000004              : gattservapp.o (.bss)
                  20003994    00000004              : linkdb.o (.bss)
                  20003998    00000004              : ll.o (.bss)
                  2000399c    00000004              : ll.o (.bss)
                  200039a0    00000004              : ll.o (.bss)
                  200039a4    00000004              : ll.o (.bss)
                  200039a8    00000004              : ll.o (.bss)
                  200039ac    00000004              : ll_ae.o (.bss)
                  200039b0    00000004              : ll_common.o (.bss)
                  200039b4    00000004              : ll_enc.o (.bss)
                  200039b8    00000004              : ll_privacy.o (.bss)
                  200039bc    00000004     StackWrapper.a : gapbondmgr.o (.bss)
                  200039c0    00000004                    : gapbondmgr.o (.bss)
                  200039c4    00000004                    : osal.o (.bss)
                  200039c8    00000004                    : osal.o (.bss)
                  200039cc    00000004                    : osal.o (.bss)
                  200039d0    00000004                    : osal.o (.bss)
                  200039d4    00000004                    : osal.o (.bss)
                  200039d8    00000004                    : osal.o (.bss)
                  200039dc    00000004                    : osal_bufmgr.o (.bss)
                  200039e0    00000004                    : osal_clock.o (.bss)
                  200039e4    00000004                    : osal_clock.o (.bss)
                  200039e8    00000004                    : osal_timers.o (.bss)
                  200039ec    00000004                    : osal_timers.o (.bss)
                  200039f0    00000004                    : osal_timers.o (.bss)
                  200039f4    00000004     drivers_cc26x2.a : ECDHCC26X2.oem4f (.bss)
                  200039f8    00000004                      : PINCC26XX.oem4f (.bss)
                  200039fc    00000004     (.common:PowerCC26XX_swiKey)
                  20003a00    00000004     (.common:PowerCC26XX_taskKey)
                  20003a04    00000004     (.common:nvsCC26XXObjects)
                  20003a08    00000004     (.common:tasksEvents)
                  20003a0c    00000002     OneLib.a : gapgattserver.o (.bss)
                  20003a0e    00000002              : ll.o (.bss)
                  20003a10    00000002              : ll_slave_end_causes.o (.bss)
                  20003a12    00000002     StackWrapper.a : osal_pwrmgr.o (.bss)
                  20003a14    00000001     OneLib.a : gapgattserver.o (.bss)
                  20003a15    00000001              : gattservapp.o (.bss)
                  20003a16    00000001              : hci_tl.o (.bss)
                  20003a17    00000001              : hci_tl.o (.bss)
                  20003a18    00000001              : hci_tl.o (.bss)
                  20003a19    00000001              : hci_tl.o (.bss)
                  20003a1a    00000001              : hci_tl.o (.bss)
                  20003a1b    00000001              : hci_tl.o (.bss)
                  20003a1c    00000001              : ll.o (.bss)
                  20003a1d    00000001              : ll.o (.bss)
                  20003a1e    00000001              : ll.o (.bss)
                  20003a1f    00000001              : ll.o (.bss)
                  20003a20    00000001              : ll_ae.o (.bss)
                  20003a21    00000001              : ll_config.o (.bss)
                  20003a22    00000001              : ll_config.o (.bss)
                  20003a23    00000001              : ll_enc.o (.bss)
                  20003a24    00000001              : ll_isr.o (.bss)
                  20003a25    00000001              : sm_task.o (.bss)
                  20003a26    00000001     StackWrapper.a : ble_dispatch_lite.o (.bss)
                  20003a27    00000001                    : gapbondmgr.o (.bss)
                  20003a28    00000001                    : gapbondmgr.o (.bss)
                  20003a29    00000001                    : hal_assert.o (.bss)
                  20003a2a    00000001                    : osal.o (.bss)
                  20003a2b    00000001                    : osal_pwrmgr.o (.bss)
                  20003a2c    00000001     rf_multiMode_cc26x2.a : RFCC26X2_multiMode.c.cc26x2.ccs.o (.bss)

.vtable    0    20003a2d    00000000     UNINITIALIZED

.vtable_ram 
*          0    20003a2d    00000000     UNINITIALIZED

vtable_ram 
*          0    20003a2d    00000000     UNINITIALIZED

.sysmem    0    20003a2d    00000000     UNINITIALIZED

.nonretenvar 
*          0    20003a2d    00000000     UNINITIALIZED

.stack     0    20013c00    00000400     UNINITIALIZED
                  20013c00    00000400     --HOLE--

.bootVecs 
*          0    00000000    00000008     DSECT
                  00000000    00000008     boot.aem4f : boot.oem4f (.bootVecs)

.resetVecs 
*          0    00000000    0000003c     
                  00000000    0000003c     simple_peripheral_app_pem4f.oem4f (.resetVecs)

.vecs      0    20000000    000000d8     NOLOAD SECTION
                  20000000    000000d8     simple_peripheral_app_pem4f.oem4f (.vecs)

xdc.meta   0    00000000    0000012b     COPY SECTION
                  00000000    0000012b     simple_peripheral_app_pem4f.oem4f (xdc.meta)

xdc.noload 
*          0    00000000    00000000     COPY SECTION

.TI.bound:flashBuf0 
*          0    00048000    00004000     UNINITIALIZED
                  00048000    00004000     ti_drivers_config.obj (.TI.bound:flashBuf0)

.text      0    0000003c    00019b7c     
                  0000003c    00000e10     simple_peripheral.obj (.text:SimplePeripheral_taskFxn$5)
                  00000e4c    00000b60     StackWrapper.a : gapbondmgr.o (.text)
                  000019ac    000006f8     OneLib.a : ll_adv_end_causes.o (.text)
                  000020a4    00000658     StackWrapper.a : gapbondmgr.o (.text)
                  000026fc    00000528     simple_peripheral.obj (.text:SimplePeripheral_processGapMessage$5)
                  00002c24    000004f0     OneLib.a : ll_ae.o (.text)
                  00003114    000004c0     rf_multiMode_cc26x2.a : RFCC26X2_multiMode.c.cc26x2.ccs.o (.text:RF_fsmActiveState)
                  000035d4    00000488     OneLib.a : ll_slave_end_causes.o (.text)
                  00003a5c    00000470              : ll_isr.o (.text)
                  00003ecc    00000448              : ll.o (.text)
                  00004314    000003c8              : ble.o (.text)
                  000046dc    000003c8              : ll_scheduler.o (.text)
                  00004aa4    000003c4              : ll_slave_end_causes.o (.text)
                  00004e68    00000348              : ll_ae.o (.text)
                  000051b0    00000334              : ll_scheduler.o (.text)
                  000054e4    00000330              : ll_ae.o (.text)
                  00005814    00000320              : ll.o (.text)
                  00005b34    000002d4              : ll_isr.o (.text)
                  00005e08    00000298     rf_multiMode_cc26x2.a : RFCC26X2_multiMode.c.cc26x2.ccs.o (.text:RF_open)
                  000060a0    00000298     StackWrapper.a : gapbondmgr.o (.text)
                  00006338    00000274     OneLib.a : ll_ae.o (.text)
                  000065ac    00000268              : ll_isr.o (.text)
                  00006814    0000025c     nvocmp.obj (.text:NVOCMP_addItem$10)
                  00006a70    0000025c     OneLib.a : ll_common.o (.text)
                  00006ccc    0000025c     StackWrapper.a : gapbondmgr.o (.text)
                  00006f28    00000248     OneLib.a : ll_data.o (.text)
                  00007170    0000022c     drivers_cc26x2.a : ECDHCC26X2.oem4f (.text:ECDHCC26X2_runFSM)
                  0000739c    0000021c     nvocmp.obj (.text:NVOCMP_initNv$10)
                  000075b8    00000218     drivers_cc26x2.a : PINCC26XX.oem4f (.text:PIN_init)
                  000077d0    00000210     rf_multiMode_cc26x2.a : RFCC26X2_multiMode.c.cc26x2.ccs.o (.text:RF_scheduleCmd)
                  000079e0    00000204     OneLib.a : gattservapp.o (.text)
                  00007be4    000001f8     osal_icall_ble.obj (.text:stack_main)
                  00007ddc    000001e8     OneLib.a : ll.o (.text)
                  00007fc4    000001e0     StackWrapper.a : osal.o (.text)
                  000081a4    000001dc     rf_multiMode_cc26x2.a : RFCC26X2_multiMode.c.cc26x2.ccs.o (.text:RF_dispatchNextCmd)
                  00008380    000001bc     main.obj (.text:AssertHandler)
                  0000853c    000001a8     OneLib.a : ll_scheduler.o (.text)
                  000086e4    00000198     drivers_cc26x2.a : PowerCC26X2.oem4f (.text:Power_sleep)
                  0000887c    00000196     OneLib.a : ll_common.o (.text)
                  00008a12    00000002     ti_drivers_config.obj (.text:Board_initHook)
                  00008a14    00000190     drivers_cc26x2.a : PowerCC26X2_calibrateRCOSC.oem4f (.text:calibrateRcoscHf1)
                  00008ba4    0000018c                      : PowerCC26X2_calibrateRCOSC.oem4f (.text:runCalibrateFsm)
                  00008d30    00000188     nvocmp.obj (.text:NVOCMP_compact$10)
                  00008eb8    00000184     simple_peripheral.obj (.text:SimplePeripheral_doAutoConnect)
                  0000903c    00000184     icall.obj (.text:icall_directAPI)
                  000091c0    00000180     OneLib.a : ll_ae.o (.text)
                  00009340    0000017c              : ll_isr.o (.text)
                  000094bc    00000178              : ll_scheduler.o (.text)
                  00009634    00000174              : gattservapp.o (.text)
                  000097a8    0000016c     drivers_cc26x2.a : PowerCC26X2.oem4f (.text:Power_init)
                  00009914    00000168     OneLib.a : ll_common.o (.text)
                  00009a7c    00000164     drivers_cc26x2.a : AESCTRCC26XX.oem4f (.text:AESCTR_processData)
                  00009be0    00000162     StackWrapper.a : osal.o (.text)
                  00009d42    00000002     ble_user_config.obj (.text:DefaultAssertCback)
                  00009d44    00000160     OneLib.a : ll_ae.o (.text)
                  00009ea4    00000158     driverlib.lib : sys_ctrl.obj (.text:NOROM_SysCtrlStandby)
                  00009ffc    00000158     OneLib.a : ll_common.o (.text)
                  0000a154    00000154     rf_multiMode_cc26x2.a : RFCC26X2_multiMode.c.cc26x2.ccs.o (.text:RF_radioOpDoneCb)
                  0000a2a8    00000154     drivers_cc26x2.a : UARTCC26XX.oem4f (.text:UARTCC26XX_hwiIntFxn)
                  0000a3fc    00000150     OneLib.a : gap_task.o (.text)
                  0000a54c    00000150              : ll_ae.o (.text)
                  0000a69c    0000014c              : ll_isr.o (.text)
                  0000a7e8    00000148     drivers_cc26x2.a : AESECBCC26XX.oem4f (.text:AESECB_addDataInternal)
                  0000a930    00000144     rf_multiMode_cc26x2.a : RFCC26X2_multiMode.c.cc26x2.ccs.o (.text:RF_fsmSetupState)
                  0000aa74    00000144     StackWrapper.a : gap.o (.text)
                  0000abb8    00000140     OneLib.a : gattservapp.o (.text)
                  0000acf8    00000140     drivers_cc26x2.a : UARTCC26XX.oem4f (.text:UARTCC26XX_open)
                  0000ae38    0000013c                      : AESCCMCC26XX.oem4f (.text:AESCCM_startOperation)
                  0000af74    0000013a                      : UARTCC26XX.oem4f (.text:UARTCC26XX_read)
                  0000b0ae    00000002     display_cc26x2.a : DisplayUart.oem4f (.text:DisplayUartAnsi_init)
                  0000b0b0    00000138     drivers_cc26x2.a : ECDHCC26X2.oem4f (.text:ECDH_computeSharedSecret)
                  0000b1e8    00000138                      : NVSCC26XX.oem4f (.text:NVSCC26XX_write)
                  0000b320    00000138     rf_multiMode_cc26x2.a : RFCC26X2_multiMode.c.cc26x2.ccs.o (.text:RF_abortCmd)
                  0000b458    00000138                           : RFCC26X2_multiMode.c.cc26x2.ccs.o (.text:RF_ratSetupChannel)
                  0000b590    00000130     nvocmp.obj (.text:NVOCMP_compactPage$10)
                  0000b6c0    00000120     OneLib.a : ll_common.o (.text)
                  0000b7e0    00000120              : ll_data.o (.text)
                  0000b900    00000120     rf_multiMode_cc26x2.a : RFCC26X2_multiMode.c.cc26x2.ccs.o (.text:RF_close)
                  0000ba20    00000120     drivers_cc26x2.a : PowerCC26X2.oem4f (.text:configureXOSCHF)
                  0000bb40    0000011c     OneLib.a : ll_isr.o (.text)
                  0000bc5c    00000114              : ll_common.o (.text)
                  0000bd70    00000114     drivers_cc26x2.a : PINCC26XX.oem4f (.text:PINCC26XX_setIoCfg)
                  0000be84    0000010c     OneLib.a : gatt_client.o (.text)
                  0000bf90    00000106     simple_peripheral_app_pem4f.oem4f (.text:xdc_runtime_System_printfExtend__I)
                  0000c096    00000002     rom_init.obj (.text:MAP_HCI_CteRequestFailedEvent)
                  0000c098    00000104     rf_multiMode_cc26x2.a : RFCC26X2_multiMode.c.cc26x2.ccs.o (.text:RF_hwiCpe0Active)
                  0000c19c    00000104     simple_peripheral.obj (.text:SimplePeripheral_doSetConnPhy)
                  0000c2a0    00000100     nvocmp.obj (.text:NVOCMP_findItem$10)
                  0000c3a0    000000fe     OneLib.a : ll_scheduler.o (.text)
                  0000c49e    00000002     rom_init.obj (.text:MAP_llClearPeriodicAdvSets)
                  0000c4a0    000000fc     OneLib.a : ll_scheduler.o (.text)
                  0000c59c    000000fc     driverlib.lib : setup.obj (.text:TrimAfterColdResetWakeupFromShutDown$31)
                  0000c698    000000f8                   : setup.obj (.text:NOROM_SetupTrimDevice)
                  0000c790    000000f8     OneLib.a : sm_rsppairing.o (.text)
                  0000c888    000000f8     rf_multiMode_cc26x2.a : RFCC26X2_multiMode.c.cc26x2.ccs.o (.text:RF_decodeOverridePointers)
                  0000c980    000000f4     OneLib.a : ll_scheduler.o (.text)
                  0000ca74    000000f4     two_btn_menu.obj (.text:tbm_displayItemPage)
                  0000cb68    000000f0     OneLib.a : ll_ae.o (.text)
                  0000cc58    000000f0     rf_multiMode_cc26x2.a : RFCC26X2_multiMode.c.cc26x2.ccs.o (.text:RF_fsmPowerUpState)
                  0000cd48    000000ec     OneLib.a : gap_advertiser.o (.text)
                  0000ce34    000000e8     drivers_cc26x2.a : GPIOCC26XX.oem4f (.text:GPIO_init)
                  0000cf1c    000000e4     OneLib.a : gapgattserver.o (.text)
                  0000d000    000000e4              : ll_ae.o (.text)
                  0000d0e4    000000e0     rf_multiMode_cc26x2.a : RFCC26X2_multiMode.c.cc26x2.ccs.o (.text:RF_control)
                  0000d1c4    000000e0     StackWrapper.a : osal_timers.o (.text)
                  0000d2a4    000000e0     drivers_cc26x2.a : UARTCC26XX.oem4f (.text:UARTCC26XX_write)
                  0000d384    000000dc     driverlib.lib : aes.obj (.text:NOROM_AESWriteToKeyStore)
                  0000d460    000000dc     OneLib.a : ll_ae.o (.text)
                  0000d53c    000000d8     rf_multiMode_cc26x2.a : RFCC26X2_multiMode.c.cc26x2.ccs.o (.text:RF_pendCmd)
                  0000d614    000000d8     simple_peripheral.obj (.text:SimplePeripheral_menuSwitchCb$5)
                  0000d6ec    000000d4     drivers_cc26x2.a : ECDHCC26X2.oem4f (.text:ECDH_generatePublicKey)
                  0000d7c0    000000d2     rf_multiMode_cc26x2.a : RFCC26X2_multiMode.c.cc26x2.ccs.o (.text:RF_updatePaConfiguration)
                  0000d892    00000002     rom_init.obj (.text:MAP_llClearPeriodicScanSets)
                  0000d894    000000d0     simple_peripheral.obj (.text:SimplePeripheral_processParamUpdate$5)
                  0000d964    000000cc     OneLib.a : hci_event.o (.text)
                  0000da30    000000cc     rf_multiMode_cc26x2.a : RFCC26X2_multiMode.c.cc26x2.ccs.o (.text:RF_swiHw)
                  0000dafc    000000cc     StackWrapper.a : osal.o (.text)
                  0000dbc8    000000cc     main.obj (.text:main)
                  0000dc94    000000c8     OneLib.a : gap_scanner.o (.text)
                  0000dd5c    000000c8              : gapgattserver.o (.text)
                  0000de24    000000c8              : ll.o (.text)
                  0000deec    000000c8              : ll_ae.o (.text)
                  0000dfb4    000000c8     dpl_cc26x2.a : PowerCC26X2_tirtos.oem4f (.text:PowerCC26XX_standbyPolicy)
                  0000e07c    000000c4     drivers_cc26x2.a : AESCTRDRBGXX.oem4f (.text:AESCTRDRBG_getRandomBytes)
                  0000e140    000000c0     nvocmp.obj (.text:NVOCMP_erase$10)
                  0000e200    000000c0     OneLib.a : ll.o (.text)
                  0000e2c0    000000c0              : ll_isr.o (.text)
                  0000e380    000000c0     drivers_cc26x2.a : PowerCC26X2.oem4f (.text:Power_releaseDependency)
                  0000e440    000000c0     simple_gatt_profile.obj (.text:SimpleProfile_SetParameter)
                  0000e500    000000c0     drivers_cc26x2.a : TRNGCC26XX.oem4f (.text:TRNG_getRandom)
                  0000e5c0    000000bc                      : AESCTRDRBGXX.oem4f (.text:AESCTRDRBG_construct)
                  0000e67c    000000bc     OneLib.a : ble.o (.text)
                  0000e738    000000bc              : ll_ecc.o (.text)
                  0000e7f4    000000bc              : ll_scheduler.o (.text)
                  0000e8b0    000000bc     rf_multiMode_cc26x2.a : RFCC26X2_multiMode.c.cc26x2.ccs.o (.text:RF_initRadioSetup)
                  0000e96c    000000b8     OneLib.a : ll.o (.text)
                  0000ea24    000000b8              : ll_slave_end_causes.o (.text)
                  0000eadc    000000b8     drivers_cc26x2.a : PowerCC26X2.oem4f (.text:Power_setDependency)
                  0000eb94    000000b8     StackWrapper.a : gapbondmgr.o (.text)
                  0000ec4c    000000b8     drivers_cc26x2.a : UARTCC26XX.oem4f (.text:UARTCC26XX_initHw)
                  0000ed04    000000b4                      : AESCTRDRBGXX.oem4f (.text:AESCTRDRBG_reseed)
                  0000edb8    000000b0     OneLib.a : ll_enc.o (.text)
                  0000ee68    000000b0     devinfoservice.obj (.text:devInfo_ReadAttrCB$16)
                  0000ef18    000000ac     display_cc26x2.a : DisplayUart.oem4f (.text:DisplayUartAnsi_clearLines)
                  0000efc4    000000ac     drivers_cc26x2.a : ECDHCC26X2.oem4f (.text:ECDHCC26X2_hwiFxn)
                  0000f070    000000ac     nvocmp.obj (.text:NVOCMP_initNvApi$10)
                  0000f11c    000000ac     OneLib.a : ll_ae.o (.text)
                  0000f1c8    000000ac     drivers_cc26x2.a : PINCC26XX.oem4f (.text:PIN_open)
                  0000f274    000000a8     OneLib.a : hci_data.o (.text)
                  0000f31c    000000a8              : ll.o (.text)
                  0000f3c4    000000a8              : ll_common.o (.text)
                  0000f46c    000000a8     StackWrapper.a : gapbondmgr.o (.text)
                  0000f514    000000a7     display_cc26x2.a : DisplayUart.oem4f (.text:DisplayUartAnsi_open)
                  0000f5bb    00000001     --HOLE-- [fill = 0]
                  0000f5bc    000000a4     OneLib.a : ll_ae.o (.text)
                  0000f660    000000a4     rf_multiMode_cc26x2.a : RFCC26X2_multiMode.c.cc26x2.ccs.o (.text:RF_ratRestartChannels)
                  0000f704    000000a4     StackWrapper.a : gapbondmgr.o (.text)
                  0000f7a8    000000a4                    : osal_cbtimer.o (.text)
                  0000f84c    000000a0     OneLib.a : gattservapp.o (.text)
                  0000f8ec    000000a0              : ll_common.o (.text)
                  0000f98c    000000a0              : ll_scheduler.o (.text)
                  0000fa2c    000000a0     rf_multiMode_cc26x2.a : RFCC26X2_multiMode.c.cc26x2.ccs.o (.text:RF_cmdDispatchTime)
                  0000facc    000000a0     auto_init.aem4f : auto_init.oem4f (.text)
                  0000fb6c    000000a0     rom_sysbios.aem4f : rom_sysbios.obj (.text:ti_sysbios_knl_Task_setPri__E)
                  0000fc0c    0000009f     display_cc26x2.a : DisplayUart.oem4f (.text:DisplayUartAnsi_vprintf)
                  0000fcab    00000001     --HOLE-- [fill = 0]
                  0000fcac    0000009c     nvocmp.obj (.text:NVOCMP_readHeader$10)
                  0000fd48    0000009c     OneLib.a : ll_common.o (.text)
                  0000fde4    0000009c              : ll_ecc.o (.text)
                  0000fe80    0000009c     drivers_cc26x2.a : TRNGCC26XX.oem4f (.text:TRNG_construct)
                  0000ff1c    0000009c     rtsv7M4_T_le_v4SPD16_eabi.lib : memcpy_t2.asm.obj (.text)
                  0000ffb8    00000098     OneLib.a : gap_advertiser.o (.text)
                  00010050    00000098              : gattservapp.o (.text)
                  000100e8    00000098              : hci_event.o (.text)
                  00010180    00000098     rf_multiMode_cc26x2.a : RFCC26X2_multiMode.c.cc26x2.ccs.o (.text:RF_calculateDispatchTime)
                  00010218    00000098     drivers_cc26x2.a : TRNGCC26XX.oem4f (.text:TRNGCC26XX_hwiFxn)
                  000102b0    00000096     rtsv7M4_T_le_v4SPD16_eabi.lib : ull_div_t2.asm.obj (.text)
                  00010346    00000002     rom_init.obj (.text:MAP_llDmmDynamicFree)
                  00010348    00000094     icall.obj (.text:ICall_setTimer)
                  000103dc    00000094     OneLib.a : gatt_server.o (.text)
                  00010470    00000094              : ll.o (.text)
                  00010504    00000094              : ll_common.o (.text)
                  00010598    00000094              : ll_scheduler.o (.text)
                  0001062c    00000092              : gap_task.o (.text)
                  000106be    00000092     drivers_cc26x2.a : UARTCC26XX.oem4f (.text:UARTCC26XX_writeCancel)
                  00010750    00000090     OneLib.a : ll.o (.text)
                  000107e0    00000090              : ll_ae.o (.text)
                  00010870    00000090     rf_multiMode_cc26x2.a : RFCC26X2_multiMode.c.cc26x2.ccs.o (.text:RF_discardPendCmd)
                  00010900    00000090                           : RFCC26X2_multiMode.c.cc26x2.ccs.o (.text:RF_getInfo)
                  00010990    00000090     osal_icall_ble.obj (.text:osalInitTasks)
                  00010a20    00000090     simple_gatt_profile.obj (.text:simpleProfile_WriteAttrCB)
                  00010ab0    0000008e     drivers_cc26x2.a : CryptoUtils.oem4f (.text:CryptoUtils_reverseCopyPad)
                  00010b3e    00000002     rom_init.obj (.text:MAP_llDmmSetThreshold)
                  00010b40    0000008c     icall.obj (.text:ICall_heapMalloc)
                  00010bcc    0000008c     rom_sysbios.aem4f : rom_sysbios.obj (.text:ti_sysbios_gates_GateMutexPri_enter__E)
                  00010c58    0000008a     drivers_cc26x2.a : AESCTRDRBGXX.oem4f (.text:AESCTRDRBGXX_updateState)
                  00010ce2    00000088                      : AESCTRCC26XX.oem4f (.text:AESCTR_startOneStepOperation)
                  00010d6a    00000002     rom_init.obj (.text:MAP_llMaster_TaskEnd)
                  00010d6c    00000088     driverlib.lib : osc.obj (.text:NOROM_OSCHF_AttemptToSwitchToXosc)
                  00010df4    00000088     OneLib.a : ll_isr.o (.text)
                  00010e7c    00000088     StackWrapper.a : osal_cbtimer.o (.text)
                  00010f04    00000088     drivers_cc26x2.a : PowerCC26X2_calibrateRCOSC.oem4f (.text:calibrateRcoscHf2)
                  00010f8c    00000088                      : PowerCC26X2.oem4f (.text:disableLFClockQualifiers)
                  00011014    00000088     gattservapp_util.obj (.text:gattServApp_SendNotiInd$18)
                  0001109c    00000088     drivers_cc26x2.a : PowerCC26X2_calibrateRCOSC.oem4f (.text:updateSubSecInc)
                  00011124    00000084     OneLib.a : ll_ae.o (.text)
                  000111a8    00000084     rf_multiMode_cc26x2.a : RFCC26X2_multiMode.c.cc26x2.ccs.o (.text:RF_issueRadioFreeCb)
                  0001122c    00000084                           : RFCC26X2_multiMode.c.cc26x2.ccs.o (.text:RF_verifyGap)
                  000112b0    00000084     simple_peripheral.obj (.text:SimplePeripheral_updatePHYStat$5)
                  00011334    00000084     drivers_cc26x2.a : UARTCC26XX.oem4f (.text:UARTCC26XX_close)
                  000113b8    00000084                      : UARTCC26XX.oem4f (.text:writeTxFifoFlush)
                  0001143c    00000080     driverlib.lib : chipinfo.obj (.text:NOROM_ChipInfo_GetChipType)
                  000114bc    00000080     drivers_cc26x2.a : NVSCC26XX.oem4f (.text:NVSCC26XX_open)
                  0001153c    00000080     OneLib.a : ll_enc.o (.text)
                  000115bc    00000080     rom_sysbios.aem4f : rom_sysbios.obj (.text:ti_sysbios_family_arm_cc26xx_Timer_start__E)
                  0001163c    0000007e     OneLib.a : gap_task.o (.text)
                  000116ba    00000002     rom_init.obj (.text:MAP_llPeriodicAdv_PostProcess)
                  000116bc    0000007c     drivers_cc26x2.a : AESCTRCC26XX.oem4f (.text:AESCTR_hwiFxn)
                  00011738    0000007c     nvocmp.obj (.text:NVOCMP_readItemApi$10)
                  000117b4    0000007c     OneLib.a : ll_common.o (.text)
                  00011830    0000007c     rf_multiMode_cc26x2.a : RFCC26X2_multiMode.c.cc26x2.ccs.o (.text:RF_ratFreeChannel)
                  000118ac    0000007c     StackWrapper.a : gapbondmgr.o (.text)
                  00011928    0000007a     OneLib.a : gattservapp.o (.text)
                  000119a2    0000007a     rtsv7M4_T_le_v4SPD16_eabi.lib : memset_t2.asm.obj (.text)
                  00011a1c    00000078     icall.obj (.text:ICall_heapInit)
                  00011a94    00000078     nvocmp.obj (.text:NVOCMP_checkItem$10)
                  00011b0c    00000078     OneLib.a : ll_common.o (.text)
                  00011b84    00000078     StackWrapper.a : osal_cbtimer.o (.text)
                  00011bfc    00000078     rom_sysbios.aem4f : rom_sysbios.obj (.text:ti_sysbios_heaps_HeapMem_allocUnprotected__E)
                  00011c74    00000076     OneLib.a : ll_common.o (.text)
                  00011cea    00000076     StackWrapper.a : gap.o (.text)
                  00011d60    00000074     nvocmp.obj (.text:NVOCMP_writeItemApi$10)
                  00011dd4    00000074     OneLib.a : ll_enc.o (.text)
                  00011e48    00000074     drivers_cc26x2.a : PowerCC26X2_calibrateRCOSC.oem4f (.text:PowerCC26X2_auxISR)
                  00011ebc    00000074     rf_multiMode_cc26x2.a : RFCC26X2_multiMode.c.cc26x2.ccs.o (.text:RF_ratDisableChannel)
                  00011f30    00000074     rom_sysbios.aem4f : rom_sysbios.obj (.text:ti_sysbios_gates_GateMutexPri_leave__E)
                  00011fa4    00000072     rf_multiMode_cc26x2.a : RFCC26X2_multiMode.c.cc26x2.ccs.o (.text:RF_detachOverrides)
                  00012016    00000002     rom_init.obj (.text:MAP_llProcessPeriodicScanRxFIFO)
                  00012018    00000070     drivers_cc26x2.a : AESCCMCC26XX.oem4f (.text:AESCCM_cleanup)
                  00012088    00000070     icall.obj (.text:ICall_heapGetStats)
                  000120f8    00000070     rf_multiMode_cc26x2.a : rfc.c.cc26x2.ccs.o (.text:NOROM_RFCAnaDivTxOverride)
                  00012168    00000070     nvocmp.obj (.text:NVOCMP_eraseNvApi$10)
                  000121d8    00000070     OneLib.a : gatt_server.o (.text)
                  00012248    00000070              : ll_ae.o (.text)
                  000122b8    00000070              : ll_common.o (.text)
                  00012328    00000070              : ll_enc.o (.text)
                  00012398    00000070     rf_multiMode_cc26x2.a : RFCC26X2_multiMode.c.cc26x2.ccs.o (.text:RF_getCurrentTime)
                  00012408    00000070     drivers_cc26x2.a : Random.oem4f (.text:Random_seedAutomatic)
                  00012478    00000070     StackWrapper.a : osal.o (.text)
                  000124e8    0000006e     OneLib.a : gatt_server.o (.text)
                  00012556    0000006e     rf_multiMode_cc26x2.a : RFCC26X2_multiMode.c.cc26x2.ccs.o (.text:RF_attachOverrides)
                  000125c4    0000006e                           : RFCC26X2_multiMode.c.cc26x2.ccs.o (.text:RF_howToSchedule)
                  00012632    00000002     rom_init.obj (.text:MAP_llSetPeriodicSyncInfo)
                  00012634    0000006d     rom_sysbios.aem4f : rom_sysbios.obj (.text:xdc_runtime_System_formatNum__I)
                  000126a1    00000001     --HOLE-- [fill = 0]
                  000126a2    00000002     rom_init.obj (.text:MAP_llTerminatePeriodicScan)
                  000126a4    0000006c     drivers_cc26x2.a : AESCTRCC26XX.oem4f (.text:AESCTR_construct)
                  00012710    0000006c                      : AESECBCC26XX.oem4f (.text:AESECB_construct)
                  0001277c    0000006c                      : AESECBCC26XX.oem4f (.text:AESECB_hwiFxn)
                  000127e8    0000006c                      : GPIOCC26XX.oem4f (.text:GPIO_setConfig)
                  00012854    0000006c     nvocmp.obj (.text:NVOCMP_getDstPage$10)
                  000128c0    0000006c     OneLib.a : ll_isr.o (.text)
                  0001292c    0000006c     rf_multiMode_cc26x2.a : RFCC26X2_multiMode.c.cc26x2.ccs.o (.text:RF_dispatchNextEvent)
                  00012998    0000006c     simple_peripheral.obj (.text:SimplePeripheral_clearConnListEntry$5)
                  00012a04    0000006c     StackWrapper.a : osal_cbtimer.o (.text)
                  00012a70    0000006c     drivers_cc26x2.a : UARTCC26XX.oem4f (.text:UARTCC26XX_initIO)
                  00012adc    00000068                      : AESECBCC26XX.oem4f (.text:AESECB_waitForResult)
                  00012b44    00000068                      : CryptoUtils.oem4f (.text:CryptoUtils_copyPad)
                  00012bac    00000068     icall.obj (.text:ICall_enrollService)
                  00012c14    00000068     icall.obj (.text:ICall_send)
                  00012c7c    00000068     icall.obj (.text:ICall_sendServiceComplete)
                  00012ce4    00000068     driverlib.lib : osc.obj (.text:NOROM_OSCHF_SwitchToRcOscTurnOffXosc)
                  00012d4c    00000068     OneLib.a : gap_task.o (.text)
                  00012db4    00000068              : gattservapp.o (.text)
                  00012e1c    00000068              : ll.o (.text)
                  00012e84    00000068              : ll_ae.o (.text)
                  00012eec    00000068     rf_multiMode_cc26x2.a : RFCC26X2_multiMode.c.cc26x2.ccs.o (.text:RF_hwiHw)
                  00012f54    00000068     StackWrapper.a : osal_timers.o (.text)
                  00012fbc    00000068     rtsv7M4_T_le_v4SPD16_eabi.lib : copy_decompress_lzss.c.obj (.text:decompress:lzss:__TI_decompress_lzss)
                  00013024    00000066     OneLib.a : ll_common.o (.text)
                  0001308a    00000066     StackWrapper.a : icall_lite_translation.o (.text)
                  000130f0    00000064     drivers_cc26x2.a : AESCCMCC26XX.oem4f (.text:AESCCM_waitForResult)
                  00013154    00000064     nvocmp.obj (.text:NVOCMP_findSignature$10)
                  000131b8    00000064     OneLib.a : gapgattserver.o (.text)
                  0001321c    00000064              : gattservapp.o (.text)
                  00013280    00000064              : ll_isr.o (.text)
                  000132e4    00000064              : ll_scheduler.o (.text)
                  00013348    00000064     drivers_cc26x2.a : UARTCC26XX.oem4f (.text:UARTCC26XX_control)
                  000133ac    00000064     rf_multiMode_cc26x2.a : rf_patch_mce_bt5.c.cc26x2.ccs.o (.text:rf_patch_mce_bt5)
                  00013410    00000062     gattservapp_util.obj (.text:GATTServApp_ProcessCCCWriteReq)
                  00013472    00000062     rf_multiMode_cc26x2.a : RFCC26X2_multiMode.c.cc26x2.ccs.o (.text:RF_syncCb)
                  000134d4    00000062     drivers_cc26x2.a : UARTCC26XX.oem4f (.text:UARTCC26XX_swiIntFxn)
                  00013536    00000002     rom_init.obj (.text:MAP_llUpdateCteState)
                  00013538    00000060     drivers_cc26x2.a : AESCCMCC26XX.oem4f (.text:AESCCM_hwiFxn)
                  00013598    00000060                      : CryptoResourceCC26XX.oem4f (.text:CryptoResourceCC26XX_constructRTOSObjects)
                  000135f8    00000060     icall.obj (.text:ICall_createRemoteTasksAtRuntime)
                  00013658    00000060     OneLib.a : ll_common.o (.text)
                  000136b8    00000060              : sm_pairing.o (.text)
                  00013718    00000060     drivers_cc26x2.a : PKAResourceCC26XX.oem4f (.text:PKAResourceCC26XX_constructRTOSObjects)
                  00013778    00000060     rf_multiMode_cc26x2.a : RFCC26X2_multiMode.c.cc26x2.ccs.o (.text:RF_applyRfCorePatch)
                  000137d8    00000060     StackWrapper.a : gapbondmgr.o (.text)
                  00013838    00000060     drivers_cc26x2.a : TRNGCC26XX.oem4f (.text:TRNGCC26XX_startTrng)
                  00013898    0000005e     icall.obj (.text:ICall_fetchMsg)
                  000138f6    0000005e     OneLib.a : ll_common.o (.text)
                  00013954    0000005c     display_cc26x2.a : Display.oem4f (.text:Display_doOpen)
                  000139b0    0000005c     icall.obj (.text:ICall_pwrUpdActivityCounter)
                  00013a0c    0000005c     nvocmp.obj (.text:NVOCMP_readItem$10)
                  00013a68    0000005c     OneLib.a : gap_perilinkmgr.o (.text)
                  00013ac4    0000005c              : ll_scheduler.o (.text)
                  00013b20    0000005c              : sm_intpairing.o (.text)
                  00013b7c    0000005c              : sm_rsppairing.o (.text)
                  00013bd8    0000005c     rf_multiMode_cc26x2.a : RFCC26X2_multiMode.c.cc26x2.ccs.o (.text:RF_hwiCpe0PowerFsm)
                  00013c34    0000005c     simple_peripheral.obj (.text:SimplePeripheral_updateRPA$5)
                  00013c90    0000005c     drivers_cc26x2.a : NVSCC26XX.oem4f (.text:doErase)
                  00013cec    0000005c     simple_gatt_profile.obj (.text:simpleProfile_ReadAttrCB)
                  00013d48    0000005c     drivers_cc26x2.a : UARTCC26XX.oem4f (.text:startTxFifoEmptyClk)
                  00013da4    0000005c     simple_peripheral_app_pem4f.oem4f (.text:xdc_runtime_Startup_getState__I)
                  00013e00    00000058     drivers_cc26x2.a : ECDHCC26X2.oem4f (.text:ECDH_construct)
                  00013e58    00000058     icall.obj (.text:ICall_wait)
                  00013eb0    00000058     OneLib.a : ll_ae.o (.text)
                  00013f08    00000058              : ll_common.o (.text)
                  00013f60    00000058              : ll_enc.o (.text)
                  00013fb8    00000058              : ll_isr.o (.text)
                  00014010    00000058              : sm_pairing.o (.text)
                  00014068    00000058     drivers_cc26x2.a : PowerCC26X2_calibrateRCOSC.oem4f (.text:PowerCC26X2_initiateCalibration)
                  000140c0    00000058     simple_peripheral.obj (.text:SimplePeripheral_enqueueMsg$5)
                  00014118    00000058     StackWrapper.a : sm_ecc.o (.text)
                  00014170    00000058     drivers_cc26x2.a : TRNGCC26XX.oem4f (.text:TRNG_init)
                  000141c8    00000058     util.obj (.text:Util_convertBdAddr2Str)
                  00014220    00000058     boot.aem4f : boot.oem4f (.text)
                  00014278    00000058     rom_sysbios.aem4f : rom_sysbios.obj (.text:ti_sysbios_heaps_HeapMem_alloc__E)
                  000142d0    00000056     ti_drivers_config.obj (.text:Board_sendExtFlashByte)
                  00014326    00000056     rf_multiMode_cc26x2.a : RFCC26X2_multiMode.c.cc26x2.ccs.o (.text:RF_defaultSubmitPolicy)
                  0001437c    00000054     drivers_cc26x2.a : AESCCMCC26XX.oem4f (.text:AESCCM_construct)
                  000143d0    00000054     ti_drivers_config.obj (.text:Board_shutDownExtFlash)
                  00014424    00000054     driverlib.lib : prcm.obj (.text:NOROM_PRCMPowerDomainsAllOff)
                  00014478    00000054     nvocmp.obj (.text:NVOCMP_doNVCRC$10)
                  000144cc    00000054     drivers_cc26x2.a : NVSCC26XX.oem4f (.text:NVSCC26XX_init)
                  00014520    00000054     OneLib.a : gattservapp.o (.text)
                  00014574    00000054              : hci_event.o (.text)
                  000145c8    00000054              : ll.o (.text)
                  0001461c    00000054              : ll_ae.o (.text)
                  00014670    00000054              : ll_ae.o (.text)
                  000146c4    00000054              : ll_ae.o (.text)
                  00014718    00000054     rf_multiMode_cc26x2.a : RFCC26X2_multiMode.c.cc26x2.ccs.o (.text:RF_fsmXOSCState)
                  0001476c    00000054     StackWrapper.a : osal_bufmgr.o (.text)
                  000147c0    00000054     drivers_cc26x2.a : StructRingBuf.oem4f (.text:StructRingBuf_put)
                  00014814    00000054     dpl_cc26x2.a : SwiP_tirtos.oem4f (.text:SwiP_construct)
                  00014868    00000054     rf_multiMode_cc26x2.a : rf_patch_cpe_bt5.c.cc26x2.ccs.o (.text:configureBt5Patch)
                  000148bc    00000052     OneLib.a : gap_centlinkmgr.o (.text)
                  0001490e    00000050     drivers_cc26x2.a : AESCTRDRBGXX.oem4f (.text:AESCTRDRBGXX_addBigendCounter)
                  0001495e    00000002     rom_init.obj (.text:MAP_llUpdatePeriodicAdvChainPacket)
                  00014960    00000050     drivers_cc26x2.a : GPIOCC26XX.oem4f (.text:GPIO_hwiIntFxn)
                  000149b0    00000050     nvocmp.obj (.text:NVOCMP_compactNvApi$10)
                  00014a00    00000050     OneLib.a : gap_perilinkmgr.o (.text)
                  00014a50    00000050              : hci_tl.o (.text)
                  00014aa0    00000050              : ll_common.o (.text)
                  00014af0    00000050              : ll_enc.o (.text)
                  00014b40    00000050     StackWrapper.a : osal.o (.text)
                  00014b90    00000050                    : osal_clock.o (.text)
                  00014be0    00000050     drivers_cc26x2.a : TRNGCC26XX.oem4f (.text:TRNGCC26XX_waitForResult)
                  00014c30    0000004e     StackWrapper.a : gap.o (.text)
                  00014c7e    00000002     rf_multiMode_cc26x2.a : rfc.c.cc26x2.ccs.o (.text:NOROM_RFCCpePatchReset)
                  00014c80    0000004c     icall.obj (.text:ICall_newTask$23)
                  00014ccc    0000004c     driverlib.lib : prcm.obj (.text:NOROM_PRCMPowerDomainsAllOn)
                  00014d18    0000004c     nvocmp.obj (.text:NVOCMP_loadApiPtrsMin)
                  00014d64    0000004c     nvocmp.obj (.text:NVOCMP_setItemInactive$10)
                  00014db0    0000004c     OneLib.a : ble.o (.text)
                  00014dfc    0000004c              : gap_scanner.o (.text)
                  00014e48    0000004c              : ll_scheduler.o (.text)
                  00014e94    0000004c              : ll_scheduler.o (.text)
                  00014ee0    0000004c     rf_multiMode_cc26x2.a : RFCC26X2_multiMode.c.cc26x2.ccs.o (.text:RF_wakeupNotification)
                  00014f2c    0000004c     drivers_cc26x2.a : StructRingBuf.oem4f (.text:StructRingBuf_get)
                  00014f78    0000004c                      : UARTCC26XX.oem4f (.text:UARTCC26XX_readCancel)
                  00014fc4    0000004c     util.obj (.text:Util_constructClock)
                  00015010    0000004c     rtsv7M4_T_le_v4SPD16_eabi.lib : cpy_tbl.c.obj (.text:copy_in)
                  0001505c    00000048     rf_multiMode_cc26x2.a : rfc.c.cc26x2.ccs.o (.text:NOROM_RFCSynthPowerDown)
                  000150a4    00000048     nvocmp.obj (.text:NVOCMP_write$10)
                  000150ec    00000048     drivers_cc26x2.a : NVS.oem4f (.text:NVS_open)
                  00015134    00000048     OneLib.a : att_util.o (.text)
                  0001517c    00000048              : gattservapp.o (.text)
                  000151c4    00000048              : ll.o (.text)
                  0001520c    00000048              : ll.o (.text)
                  00015254    00000048              : ll_common.o (.text)
                  0001529c    00000048     drivers_cc26x2.a : PowerCC26X2_calibrateRCOSC.oem4f (.text:PowerCC26X2_RCOSC_clockFunc)
                  000152e4    00000048                      : PowerCC26X2.oem4f (.text:PowerCC26XX_switchXOSC_HF)
                  0001532c    00000048                      : NVSCC26XX.oem4f (.text:disableFlashCache)
                  00015374    00000048                      : PowerCC26X2.oem4f (.text:switchXOSCHF)
                  000153bc    00000048                      : UARTCC26XX.oem4f (.text:writeFinishedDoCallback)
                  00015404    00000046                      : RingBuf.oem4f (.text:RingBuf_put)
                  0001544a    00000002     OneLib.a : ll.o (.text)
                  0001544c    00000044     drivers_cc26x2.a : ECDHCC26X2.oem4f (.text:ECDHCC26X2_waitForResult)
                  00015490    00000044     nvocmp.obj (.text:NVOCMP_getFreeNvApi$10)
                  000154d4    00000044     drivers_cc26x2.a : NVSCC26XX.oem4f (.text:NVSCC26XX_read)
                  00015518    00000044     OneLib.a : ll.o (.text)
                  0001555c    00000044              : ll.o (.text)
                  000155a0    00000044              : ll_ae.o (.text)
                  000155e4    00000044              : ll_ae.o (.text)
                  00015628    00000044              : ll_common.o (.text)
                  0001566c    00000044     drivers_cc26x2.a : PINCC26XX.oem4f (.text:PIN_swi)
                  000156b0    00000044     simple_peripheral.obj (.text:SimplePeripheral_doSelectConn)
                  000156f4    00000044     simple_gatt_profile.obj (.text:SimpleProfile_GetParameter)
                  00015738    00000044     StackWrapper.a : osal.o (.text)
                  0001577c    00000044                    : osal_timers.o (.text)
                  000157c0    00000044     drivers_cc26x2.a : UART.oem4f (.text:UART_init)
                  00015804    00000042     OneLib.a : ll.o (.text)
                  00015846    00000042              : ll_common.o (.text)
                  00015888    00000040     dpl_cc26x2.a : ClockP_tirtos.oem4f (.text:ClockP_construct)
                  000158c8    00000040     drivers_cc26x2.a : ECDHCC26X2.oem4f (.text:ECDHCC26X2_convertReturnValue)
                  00015908    00000040                      : ECDHCC26X2.oem4f (.text:ECDHCC26X2_getPublicKeyResult)
                  00015948    00000040     driverlib.lib : osc.obj (.text:NOROM_OSC_HPOSCRelativeFrequencyOffsetGet)
                  00015988    00000040     OneLib.a : gap_configmgr.o (.text)
                  000159c8    00000040              : gattservapp.o (.text)
                  00015a08    00000040              : linkdb.o (.text)
                  00015a48    00000040              : ll_common.o (.text)
                  00015a88    00000040              : ll_common.o (.text)
                  00015ac8    00000040              : sm_intpairing.o (.text)
                  00015b08    00000040     drivers_cc26x2.a : PowerCC26X2.oem4f (.text:PowerCC26XX_isStableXOSC_HF)
                  00015b48    00000040     rf_multiMode_cc26x2.a : RFCC26X2_multiMode.c.cc26x2.ccs.o (.text:RF_updatePowerupDuration)
                  00015b88    00000040     drivers_cc26x2.a : Random.oem4f (.text:Random_getNumber)
                  00015bc8    00000040                      : RingBuf.oem4f (.text:RingBuf_get)
                  00015c08    00000040     StackWrapper.a : osal.o (.text)
                  00015c48    00000040                    : osal_bufmgr.o (.text)
                  00015c88    00000040                    : osal_bufmgr.o (.text)
                  00015cc8    00000040                    : osal_timers.o (.text)
                  00015d08    00000040     drivers_cc26x2.a : TRNGCC26XX.oem4f (.text:TRNGCC26XX_copyToClient)
                  00015d48    00000040                      : UART.oem4f (.text:UART_open)
                  00015d88    00000040     rtsv7M4_T_le_v4SPD16_eabi.lib : u_divt2.asm.obj (.text)
                  00015dc8    00000040     rom_sysbios.aem4f : rom_sysbios.obj (.text:ti_sysbios_family_arm_cc26xx_Timer_setThreshold__I)
                  00015e08    00000040                       : rom_sysbios.obj (.text:ti_sysbios_heaps_HeapCallback_Module_startup__E)
                  00015e48    0000003e     drivers_cc26x2.a : AESECBCC26XX.oem4f (.text:AESECB_startOperation)
                  00015e86    0000003e                      : CryptoUtils.oem4f (.text:CryptoUtils_buffersMatch)
                  00015ec4    0000003e     dpl_cc26x2.a : HwiP_tirtos.oem4f (.text:HwiP_construct)
                  00015f02    0000003e     OneLib.a : ll_common.o (.text)
                  00015f40    0000003e     simple_peripheral.obj (.text:SimplePeripheral_passcodeCb$5)
                  00015f7e    0000003e     drivers_cc26x2.a : TRNGCC26XX.oem4f (.text:TRNGCC26XX_serviceJob)
                  00015fbc    0000003c     driverlib.lib : osc.obj (.text:InternCapArrayAdjustWithBaseline7001F$33)
                  00015ff8    0000003c     nvocmp.obj (.text:NVOCMP_disableCache$10)
                  00016034    0000003c     OneLib.a : gap_linkmgr.o (.text)
                  00016070    0000003c              : gattservapp.o (.text)
                  000160ac    0000003c              : gattservapp.o (.text)
                  000160e8    0000003c              : gattservapp.o (.text)
                  00016124    0000003c              : linkdb.o (.text)
                  00016160    0000003c              : ll_ae.o (.text)
                  0001619c    0000003c     rf_multiMode_cc26x2.a : RFCC26X2_multiMode.c.cc26x2.ccs.o (.text:RF_cmdGet)
                  000161d8    0000003c                           : RFCC26X2_multiMode.c.cc26x2.ccs.o (.text:RF_cmdStoreEvents)
                  00016214    0000003c     simple_peripheral.obj (.text:SimplePeripheral_createTask)
                  00016250    0000003c     simple_peripheral.obj (.text:SimplePeripheral_stopAutoPhyChange$5)
                  0001628c    0000003c     StackWrapper.a : osal.o (.text)
                  000162c8    0000003c                    : osal.o (.text)
                  00016304    0000003c                    : osal.o (.text)
                  00016340    0000003c                    : osal_timers.o (.text)
                  0001637c    0000003c                    : sm_ecc.o (.text)
                  000163b8    0000003c     drivers_cc26x2.a : UARTCC26XX.oem4f (.text:UARTCC26XX_finalizeIO)
                  000163f4    0000003c                      : NVSCC26XX.oem4f (.text:checkEraseRange)
                  00016430    0000003c     rom_sysbios.aem4f : rom_sysbios.obj (.text:ti_sysbios_family_arm_m3_Hwi_construct2__E)
                  0001646c    0000003a     StackWrapper.a : osal.o (.text)
                  000164a6    00000002     OneLib.a : ll.o (.text)
                  000164a8    00000038     drivers_cc26x2.a : AESCTRCC26XX.oem4f (.text:AESCTR_cleanup)
                  000164e0    00000038     board_key.obj (.text:Board_keyCallback$3)
                  00016518    00000038     OneLib.a : hci.o (.text)
                  00016550    00000038              : linkdb.o (.text)
                  00016588    00000038              : ll_ae.o (.text)
                  000165c0    00000038              : ll_ae.o (.text)
                  000165f8    00000038              : ll_common.o (.text)
                  00016630    00000038              : ll_enc.o (.text)
                  00016668    00000038              : ll_scheduler.o (.text)
                  000166a0    00000038              : sm_rsppairing.o (.text)
                  000166d8    00000038     drivers_cc26x2.a : PINCC26XX.oem4f (.text:PIN_setConfig)
                  00016710    00000038     rf_multiMode_cc26x2.a : RFCC26X2_multiMode.c.cc26x2.ccs.o (.text:RF_checkCmdFsError)
                  00016748    00000038     simple_peripheral.obj (.text:SimplePeripheral_setPhy$5)
                  00016780    00000038     StackWrapper.a : osal_timers.o (.text)
                  000167b8    00000038     drivers_cc26x2.a : PowerCC26X2.oem4f (.text:notify)
                  000167f0    00000038                      : UARTCC26XX.oem4f (.text:readData)
                  00016828    00000038     two_btn_menu.obj (.text:tbm_goTo)
                  00016860    00000038     rom_sysbios.aem4f : rom_sysbios.obj (.text:ti_sysbios_family_arm_cc26xx_Timer_getCurrentTick__E)
                  00016898    00000038     drivers_cc26x2.a : UARTCC26XX.oem4f (.text:writeData)
                  000168d0    00000036     StackWrapper.a : ble_dispatch_lite.o (.text)
                  00016906    00000002     rf_multiMode_cc26x2.a : RFCC26X2_multiMode.c.cc26x2.ccs.o (.text:RF_defaultCallback)
                  00016908    00000034     drivers_cc26x2.a : AESECBCC26XX.oem4f (.text:AESECB_cleanup)
                  0001693c    00000034     gattservapp_util.obj (.text:GATTServApp_InitCharCfg)
                  00016970    00000034     icall.obj (.text:ICall_heapFree)
                  000169a4    00000034     icall.obj (.text:ICall_searchServiceEntity)
                  000169d8    00000034     driverlib.lib : aes.obj (.text:NOROM_AESStartDMAOperation)
                  00016a0c    00000034                   : sys_ctrl.obj (.text:NOROM_SysCtrlIdle)
                  00016a40    00000034     nvocmp.obj (.text:NVOCMP_verifyCRC$10)
                  00016a74    00000034     OneLib.a : hci.o (.text)
                  00016aa8    00000034              : hci_tl.o (.text)
                  00016adc    00000034              : ll_ae.o (.text)
                  00016b10    00000034              : ll_scheduler.o (.text)
                  00016b44    00000034              : ll_scheduler.o (.text)
                  00016b78    00000034     rf_multiMode_cc26x2.a : RFCC26X2_multiMode.c.cc26x2.ccs.o (.text:RF_powerConstraintRelease)
                  00016bac    00000034                           : RFCC26X2_multiMode.c.cc26x2.ccs.o (.text:RF_runDirectImmediateCmd)
                  00016be0    00000034     simple_peripheral.obj (.text:SimplePeripheral_clockHandler$5)
                  00016c14    00000034     driverlib.lib : osc.obj (.text:SpecialCapArrayWorkaroundEnabledAndNeeded$33)
                  00016c48    00000034     StackWrapper.a : gapbondmgr.o (.text)
                  00016c7c    00000034                    : icall_startup.o (.text)
                  00016cb0    00000034     drivers_cc26x2.a : UARTCC26XX.oem4f (.text:readData2RingBuf)
                  00016ce4    00000034     two_btn_menu.obj (.text:tbm_findActiveItem)
                  00016d18    00000034     rom_sysbios.aem4f : rom_sysbios.obj (.text:ti_sysbios_knl_Swi_setPri__E)
                  00016d4c    00000032     icall.obj (.text:ICall_fetchServiceMsg)
                  00016d7e    00000032     rom_sysbios.aem4f : rom_sysbios.obj (.text:ti_sysbios_family_arm_cc26xx_Timer_setNextTick__E)
                  00016db0    00000032                       : rom_sysbios.obj (.text:ti_sysbios_gates_GateMutexPri_insertPri__I)
                  00016de2    00000002     StackWrapper.a : common_rom_init.o (.text)
                  00016de4    00000030     ti_drivers_config.obj (.text:Board_wakeUpExtFlash)
                  00016e14    00000030     icall.obj (.text:ICall_dispatch$23)
                  00016e44    00000030     icall.obj (.text:ICall_msecs2Ticks$23)
                  00016e74    00000030     icall.obj (.text:ICall_primEntityId2ServiceId$23)
                  00016ea4    00000030     icall.obj (.text:ICall_searchTask$23)
                  00016ed4    00000030     nvocmp.obj (.text:NVOCMP_changePageState$10)
                  00016f04    00000030     drivers_cc26x2.a : NVSCC26XX.oem4f (.text:NVSCC26XX_erase)
                  00016f34    00000030     OneLib.a : gattservapp.o (.text)
                  00016f64    00000030              : ll_scheduler.o (.text)
                  00016f94    00000030     drivers_cc26x2.a : PowerCC26X2.oem4f (.text:Power_releaseConstraint)
                  00016fc4    00000030                      : PowerCC26X2.oem4f (.text:Power_setConstraint)
                  00016ff4    00000030     StackWrapper.a : osal_timers.o (.text)
                  00017024    00000030     drivers_cc26x2.a : TRNGCC26XX.oem4f (.text:TRNGCC26XX_fillEntropyPool)
                  00017054    00000030                      : TRNGCC26XX.oem4f (.text:TRNG_generateKey)
                  00017084    00000030     rf_multiMode_cc26x2.a : rf_patch_cpe_bt5.c.cc26x2.ccs.o (.text:applyBt5Patch)
                  000170b4    00000030     simple_peripheral_app_pem4f.oem4f (.text:ti_sysbios_BIOS_atExitFunc__I)
                  000170e4    00000030     simple_peripheral_app_pem4f.oem4f (.text:ti_sysbios_BIOS_startFunc__I)
                  00017114    00000030     rom_sysbios.aem4f : rom_sysbios.obj (.text:ti_sysbios_family_arm_cc26xx_Timer_initDevice__I)
                  00017144    00000030     simple_peripheral_app_pem4f.oem4f (.text:ti_sysbios_gates_GateMutexPri_Object__create__S)
                  00017174    00000030     simple_peripheral_app_pem4f.oem4f (.text:ti_sysbios_gates_GateMutexPri_create)
                  000171a4    00000030     simple_peripheral_app_pem4f.oem4f (.text:ti_sysbios_heaps_HeapCallback_Object__create__S)
                  000171d4    00000030     rom_sysbios.aem4f : rom_sysbios.obj (.text:ti_sysbios_knl_Clock_getTimeout__E)
                  00017204    0000002e     icall_cc2650.obj (.text:ICallPlatform_pwrDispenseImpl$24)
                  00017232    0000002e     icall_cc2650.obj (.text:ICallPlatform_pwrRequireImpl$24)
                  00017260    0000002e     OneLib.a : gattservapp.o (.text)
                  0001728e    0000002e     rf_multiMode_cc26x2.a : RFCC26X2_multiMode.c.cc26x2.ccs.o (.text:RF_queueEnd)
                  000172bc    0000002c     drivers_cc26x2.a : GPIO.oem4f (.text:GPIO_resetConfig)
                  000172e8    0000002c     icall.obj (.text:ICall_getLocalMsgEntityId)
                  00017314    0000002c     icall.obj (.text:ICall_msgEnqueue$23)
                  00017340    0000002c     drivers_cc26x2.a : NVS.oem4f (.text:NVS_init)
                  0001736c    0000002c     OneLib.a : gatt_task.o (.text)
                  00017398    0000002c              : gattservapp.o (.text)
                  000173c4    0000002c     rf_multiMode_cc26x2.a : RFCC26X2_multiMode.c.cc26x2.ccs.o (.text:RF_executeDirectImmediateCmd)
                  000173f0    0000002c     rom_init.obj (.text:ROM_Init)
                  0001741c    0000002c     dpl_cc26x2.a : SemaphoreP_tirtos.oem4f (.text:SemaphoreP_constructBinary)
                  00017448    0000002c                  : SemaphoreP_tirtos.oem4f (.text:SemaphoreP_createBinary)
                  00017474    0000002c     StackWrapper.a : hal_assert.o (.text)
                  000174a0    0000002c                    : osal_bufmgr.o (.text)
                  000174cc    0000002c     drivers_cc26x2.a : TRNGCC26XX.oem4f (.text:TRNGCC26XX_stopTrng)
                  000174f8    0000002c     simple_peripheral_app_pem4f.oem4f (.text:ti_sysbios_gates_GateMutexPri_Handle__label__S)
                  00017524    0000002c     simple_peripheral_app_pem4f.oem4f (.text:ti_sysbios_heaps_HeapCallback_Handle__label__S)
                  00017550    0000002c     rom_sysbios.aem4f : rom_sysbios.obj (.text:ti_sysbios_knl_Clock_getTicksUntilInterrupt__E)
                  0001757c    0000002a     display_cc26x2.a : DisplayUart.oem4f (.text:DisplayUartAnsi_clear)
                  000175a6    0000002a                      : Display.oem4f (.text:Display_doPrintf)
                  000175d0    0000002a     drivers_cc26x2.a : List.oem4f (.text:List_insert)
                  000175fa    0000002a     rf_multiMode_cc26x2.a : RFCC26X2_multiMode.c.cc26x2.ccs.o (.text:RF_searchAndReplacePAOverride)
                  00017624    0000002a     simple_peripheral.obj (.text:SimplePeripheral_pairStateCb$5)
                  0001764e    00000002     StackWrapper.a : hal_assert.o (.text)
                  00017650    00000028     drivers_cc26x2.a : GPIOCC26XX.oem4f (.text:GPIO_setMux)
                  00017678    00000028     rf_multiMode_cc26x2.a : rfc.c.cc26x2.ccs.o (.text:NOROM_RFCOverrideSearch)
                  000176a0    00000028     nvocmp.obj (.text:NVOCMP_setCompactHdr$10)
                  000176c8    00000028     OneLib.a : gattservapp.o (.text)
                  000176f0    00000028              : ll_common.o (.text)
                  00017718    00000028     drivers_cc26x2.a : PowerCC26X2.oem4f (.text:Power_registerNotify)
                  00017740    00000028     rf_multiMode_cc26x2.a : RFCC26X2_multiMode.c.cc26x2.ccs.o (.text:RF_calculateDeltaTimeUs)
                  00017768    00000028                           : RFCC26X2_multiMode.c.cc26x2.ccs.o (.text:RF_runScheduleCmd)
                  00017790    00000028     StackWrapper.a : osal.o (.text)
                  000177b8    00000028                    : osal_snv_wrapper.o (.text)
                  000177e0    00000028                    : osal_snv_wrapper.o (.text)
                  00017808    00000028                    : osal_snv_wrapper.o (.text)
                  00017830    00000028     drivers_cc26x2.a : PowerCC26X2.oem4f (.text:oscillatorISR)
                  00017858    00000028                      : NVSCC26XX.oem4f (.text:restoreFlashCache)
                  00017880    00000028     two_btn_menu.obj (.text:tbm_setItemStatus)
                  000178a8    00000026     drivers_cc26x2.a : AESCTRCC26XX.oem4f (.text:AESCTR_setOperationInProgress)
                  000178ce    00000026     icall.obj (.text:ICall_sendServiceMsg)
                  000178f4    00000026     drivers_cc26x2.a : List.oem4f (.text:List_put)
                  0001791a    00000026                      : List.oem4f (.text:List_putHead)
                  00017940    00000026                      : List.oem4f (.text:List_remove)
                  00017966    00000026     simple_peripheral.obj (.text:SimplePeripheral_advCallback$5)
                  0001798c    00000024     drivers_cc26x2.a : AESCTRDRBGXX.oem4f (.text:AESCTRDRBG_uninstantiate)
                  000179b0    00000024     ti_drivers_config.obj (.text:Board_init)
                  000179d4    00000024     driverlib.lib : osc.obj (.text:NOROM_OSCHF_TurnOnXosc)
                  000179f8    00000024     rf_multiMode_cc26x2.a : rfc.c.cc26x2.ccs.o (.text:NOROM_RFCDoorbellSendTo)
                  00017a1c    00000024     OneLib.a : gapgattserver.o (.text)
                  00017a40    00000024              : gatt_server.o (.text)
                  00017a64    00000024     rf_multiMode_cc26x2.a : RFCC26X2_multiMode.c.cc26x2.ccs.o (.text:RF_cmdAlloc)
                  00017a88    00000024                           : RFCC26X2_multiMode.c.cc26x2.ccs.o (.text:RF_invokeGlobalCallback)
                  00017aac    00000024     StackWrapper.a : ble_dispatch_lite.o (.text)
                  00017ad0    00000024                    : gapbondmgr.o (.text)
                  00017af4    00000024                    : osal.o (.text)
                  00017b18    00000024                    : osal.o (.text)
                  00017b3c    00000024                    : osal_timers.o (.text)
                  00017b60    00000024                    : osal_timers.o (.text)
                  00017b84    00000024     drivers_cc26x2.a : PowerCC26X2_calibrateRCOSC.oem4f (.text:getTdcSemaphore)
                  00017ba8    00000024     rtsv7M4_T_le_v4SPD16_eabi.lib : memcmp.c.obj (.text:memcmp)
                  00017bcc    00000024     simple_peripheral_app_pem4f.oem4f (.text:ti_sysbios_BIOS_registerRTSLock__I)
                  00017bf0    00000024     simple_peripheral_app_pem4f.oem4f (.text:ti_sysbios_BIOS_removeRTSLock__I)
                  00017c14    00000024     rom_sysbios.aem4f : rom_sysbios.obj (.text:ti_sysbios_family_arm_cc26xx_Timer_getMaxTicks__E)
                  00017c38    00000024     simple_peripheral_app_pem4f.oem4f (.text:ti_sysbios_gates_GateMutexPri_Object__delete__S)
                  00017c5c    00000024     simple_peripheral_app_pem4f.oem4f (.text:ti_sysbios_heaps_HeapCallback_Object__delete__S)
[...]
20000fca  curTxPowerVal                                                   
20000fcb  maxTxPwrForDTM                                                  
20000fcc  onePktPerEvt                                                    
20000fcd  numComplPkts                                                    
20000fce  numComplPktsLimit                                               
20000fcf  numComplPktsFlush                                               
20000fd0  fastTxRespTime                                                  
20000fd1  slOverride                                                      
20000fd2  rxFifoFlowCtrl                                                  
20000fd3  numTxDataBufs                                                   
20000fd4  maxNumConns                                                     
20000fd5  aeCurHandle                                                     
20000fd6  aeCurAdvEnableHandle                                            
20000fd7  aeCurConnHandle                                                 
20000fd8  extScanIndex                                                    
20000fd9  extInitIndex                                                    
20000fda  scanState                                                       
20000fdb  lastPrimPhy                                                     
20000fdc  lastScanRsp                                                     
20000fdd  smTaskID                                                        
20000fde  SM_appExpectingKey                                              
200016bd  autoConnect                                                     
200016c4  dispHandle                                                      
20001754  spTask                                                          
20001864  PowerCC26X2_module                                              
20001af8  ROM_stateStruct                                                 
20001af8  ti_sysbios_knl_Clock_Module__state__V                           
20001b24  ti_sysbios_family_arm_cc26xx_TimestampProvider_Module__state__V 
20001b28  xdc_runtime_Startup_Module__state__V                            
20001b30  xdc_runtime_Registry_Module__state__V                           
20001b38  ti_sysbios_BIOS_Module__state__V                                
20001b5c  ti_sysbios_knl_Swi_Module__state__V                             
20001b78  ti_sysbios_knl_Task_Module__state__V                            
20001bbc  xdc_runtime_Memory_Module__state__V                             
20001bc0  xdc_runtime_System_Module__state__V                             
20001bc8  ti_sysbios_family_arm_m3_Hwi_Module__state__V                   
20001bfc  ti_sysbios_family_arm_cc26xx_Timer_Module__state__V             
20001cfc  gapAttrTbl                                                      
20001db0  ICall_enterCriticalSection                                      
20001db4  ICall_leaveCriticalSection                                      
20001db8  ICall_dispatcher                                                
20001dcc  heapmgrMemFreeTotal                                             
20001dd8  HEAPMGR_SIZE                                                    
20001e48  pairMode                                                        
20001e49  mitm                                                            
20001e4a  ioCap                                                           
20001e4b  bonding                                                         
20001e4c  secureConnection                                                
20001e4d  authenPairingOnly                                               
20001e4e  autoSyncWL                                                      
20001e4f  eccReGenPolicy                                                  
20001e50  KeySize                                                         
20001e51  removeLRUBond                                                   
20001e52  KeyDistList                                                     
20001e53  eccDebugKeys                                                    
20001e54  allowDebugKeys                                                  
20001e55  eraseBondWhileInConn                                            
20001e58  pRandomAddress                                                  
20001e5c  advData1                                                        
20001e67  advData2                                                        
20001e72  attDeviceName                                                   
20001e88  advParams1                                                      
20001ea4  scanResData1                                                    
20001ec0  advParams2                                                      
20001edc  gpioPinConfigs                                                  
20001f58  llUserConfig                                                    
20001fbc  RF_modeBle                                                      
20001fcc  txPowerTable_2400_pa5                                           
2000201e  gAction                                                         
2000201f  NVOCMP_size                                                     
2000204c  NVOCMP_nvHandle                                                 
2000207c  pOverrides_bleCommon                                            
200020d0  ti_sysbios_knl_Task_Object__table__V                            
20002120  appKeyChangeHandler                                             
20002124  hKeyPins                                                        
20002128  keyPinsCfg                                                      
20002134  keyPins                                                         
20002164  patchedSlaveCtrlPktList                                         
20002168  ti_sysbios_family_arm_cc26xx_Timer_Object__table__V             
200021b0  gattAttrTbl                                                     
200021f0  sm_eccKeys_sc_host_debug                                        
20002230  nvintfFncStruct                                                 
2000226c  ti_sysbios_gates_GateMutex_Object__table__V                     
200022a4  ti_sysbios_knl_Swi_Module_State_0_readyQ__A                     
200022d4  ti_sysbios_knl_Swi_Object__table__V                             
20002304  ti_sysbios_knl_Task_Module_State_0_readyQ__A                    
20002334  _hposcCoeffs                                                    
20002358  eccParams_NISTP256                                              
2000237c  pOverrides_ble2Mbps                                             
200023c0  ti_sysbios_knl_Clock_Object__table__V                           
200023e0  xdc_runtime_Error_IgnoreBlock                                   
20002400  pOverrides_ble1Mbps                                             
20002418  ti_sysbios_family_arm_m3_Hwi_Object__table__V                   
20002430  tbmRowItemLast                                                  
200024ad  deviceNameCharProps                                             
200024ae  disconnectImmedConnId                                           
200024b0  gattAttrTbl_gatt_no_service_changed                             
200024c0  sizeInfo                                                        
200024d0  bleAppServiceInfoTable                                          
200024e0  pOverrides_bleCoded                                             
200024f0  user0Cfg                                                        
20002500  ti_sysbios_heaps_HeapCallback_Object__table__V                  
20002515  appearanceCharProps                                             
20002516  llUserConfig_maxPduSize                                         
20002518  pinUpperBound                                                   
2000251c  pinLowerBound                                                   
20002521  periConnParamCharProps                                          
20002522  baseTaskID                                                      
2000252c  bleUserCfg_maxPduSize                                           
20002530  appAssertCback                                                  
20002534  pfnBMFree                                                       
20002538  lastAppOpcodeIdxSent                                            
2000253c  _lock                                                           
20002540  _unlock                                                         
20002544  periConnParameters                                              
2000254c  RFCC26XX_schedulerPolicy                                        
20002554  pfnBMAlloc                                                      
20002558  pRfErrCb                                                        
20002564  ti_sysbios_family_arm_m3_Hwi_Module__root__V                    
2000256c  ti_sysbios_gates_GateHwi_Module__root__V                        
20002574  ti_sysbios_gates_GateMutexPri_Module__root__V                   
2000257c  ti_sysbios_gates_GateMutex_Module__root__V                      
20002584  ti_sysbios_hal_Hwi_Module__root__V                              
2000258c  ti_sysbios_heaps_HeapCallback_Module__root__V                   
20002594  ti_sysbios_heaps_HeapMem_Module__root__V                        
2000259c  ti_sysbios_knl_Clock_Module__root__V                            
200025a4  ti_sysbios_knl_Event_Module__root__V                            
200025ac  ti_sysbios_knl_Mailbox_Module__root__V                          
200025b4  ti_sysbios_knl_Queue_Module__root__V                            
200025bc  ti_sysbios_knl_Semaphore_Module__root__V                        
200025c4  ti_sysbios_knl_Swi_Module__root__V                              
200025cc  ti_sysbios_knl_Task_Module__root__V                             
200025d9  CryptoResourceCC26XX_pollingFlag                                
200025db  centAddrResCharProps                                            
200025dc  halAssertCback                                                  
200025e0  icallServiceTblPtr                                              
200025e4  main_func_sp                                                    
200025e8  ti_sysbios_family_arm_m3_Hwi_Module_State_0_excContext__A       
200025ec  ti_sysbios_family_arm_m3_Hwi_Module_State_0_excStack__A         
200025f0  ti_sysbios_knl_Task_Module_State_0_idleTask__A                  
200025f4  PKAResourceCC26XX_pollingFlag                                   
200025f8  ti_sysbios_family_arm_m3_Hwi_Module_State_0_excActive__A        
200025fa  centAddrRes                                                     
200025fb  resolvablePrivateAddressOnlyCharProps                           
200025fc  GATTServApp_gatt_no_service_changed                             
200025fe  qosDefaultPriorityConnParameter                                 
200025ff  extScanChanMap                                                  
20002600  sizeOfAllExtConnParam                                           
20002601  rfRatHandle                                                     
20002602  smAllowDebugKeysMode                                            
20002603  gapEndAppTaskID                                                 
20002604  gapAppTaskID                                                    
20002605  legacyMode                                                      
20002606  argPeriodic                                                     
20002607  argRpaRead                                                      
20002618  spTaskStack                                                     
20002a18  ti_sysbios_knl_Task_Instance_State_0_stack__A                   
20002d18  uartCC26XXObjects                                               
20002ec4  ggs_AppCBs                                                      
20002ec8  rfObject                                                        
20002fc8  ti_sysbios_family_arm_m3_Hwi_dispatchTable                      
200030a0  trngCC26XXObjects                                               
200031a4  gpioCallbackFunctions                                           
20003220  gpioUserArgs                                                    
2000329c  pinHandleTable                                                  
20003318  cbTimers                                                        
20003400  spMenuMain                                                      
20003414  spMenuSelectConn                                                
20003428  spMenuPerConn                                                   
2000343c  spMenuConnPhy                                                   
20003450  spMenuAutoConnect                                               
20003464  aesctrdrbgXXObjects                                             
2000350c  CryptoResourceCC26XX_accessSemaphore                            
2000355c  CryptoResourceCC26XX_operationSemaphore                         
200035ac  PKAResourceCC26XX_accessSemaphore                               
200035fc  PKAResourceCC26XX_operationSemaphore                            
2000364c  aesctrCC26XXObjects                                             
20003690  nvFptrs                                                         
20003708  aesecbCC26XXObjects                                             
20003730  llCteSamples                                                    
20003754  req                                                             
20003774  gapBond_remoteOobData                                           
20003794  gapBond_localOobData                                            
200037f4  ecdhCC26X2Objects                                               
20003884  CryptoResourceCC26XX_hwi                                        
200038a0  PKAResourceCC26XX_hwi                                           
200038bc  deviceName                                                      
200038d4  llCoex                                                          
200038ec  aesccmCC26XXObjects                                             
2000392c  rfMode                                                          
2000393c  llCteTest                                                       
20003948  cteAntennaProp                                                  
20003954  llTaskList                                                      
2000396c  displayUartObject                                               
20003978  defaultChannelMap                                               
20003980  secondaryAdvChannelMap                                          
20003988  llRfCmdPreemption                                               
20003994  BDAddrPerConnHandle                                             
20003998  llCte                                                           
2000399c  llConnExtParam                                                  
200039a0  extStackSettings                                                
200039a4  trngHandle                                                      
200039a8  LSTORecoveryArr                                                 
200039ac  pNextAdvSet                                                     
200039b0  llCurrentMappedChan                                             
200039b4  drbgHandle                                                      
200039b8  pRpaCfg                                                         
200039bc  gapBond_lruBondList                                             
200039c0  gapBondStateNodeHead                                            
200039c4  osal_syncHandle                                                 
200039c8  osal_tickperiod                                                 
200039cc  osal_max_msecs                                                  
200039d0  osal_icallMsg_hook                                              
200039d4  osal_qHead                                                      
200039d8  osal_eventloop_hook                                             
200039e4  OSAL_timeSeconds                                                
200039e8  timerHead                                                       
200039f0  osal_last_timestamp                                             
200039fc  PowerCC26XX_swiKey                                              
20003a00  PowerCC26XX_taskKey                                             
20003a04  nvsCC26XXObjects                                                
20003a08  tasksEvents                                                     
20003a0c  appearance                                                      
20003a0e  maximumPduSize                                                  
20003a12  pwrmgr_attribute                                                
20003a14  resolvablePrivateAddressOnly                                    
20003a15  GATTServApp_att_delayed_req                                     
20003a16  hciTaskID                                                       
20003a17  hciL2capTaskID                                                  
20003a18  hciGapTaskID                                                    
20003a19  hciSmpTaskID                                                    
20003a1a  hciTestTaskID                                                   
20003a1b  hciVsEvtMask                                                    
20003a1c  scanReqRpt                                                      
20003a1d  secondaryAdvChannelMapPopCount                                  
20003a1e  qosDefaultPriorityAdvParameter                                  
20003a1f  maxNumCteDataBufs                                               
20003a20  numActiveAdvSets                                                
20003a21  wlSize                                                          
20003a22  rlSize                                                          
20003a23  decryptResult                                                   
20003a24  llUnhandleNextIntFlag                                           
20003a25  smAuthenPairingOnlyMode                                         
20003a26  icall_liteTaskId                                                
20003a27  gapBond_removeLRUBond                                           
20003a28  gapBond_syncRL                                                  
20003a29  assertSubcause                                                  
20003a2a  osal_entity                                                     
20003a2b  pwrmgr_initialized                                              
20003a2d  heapStart                                                       
20013c00  __stack                                                         
20013c00  heapEnd                                                         
20014000  __STACK_END                                                     
20014000  __STACK_TOP                                                     
20014000  __UNUSED_SRAM_end__                                             
e000e000  ti_sysbios_family_arm_m3_Hwi_nvic                               
ffffffff  __TI_pprof_out_hndl                                             
ffffffff  __TI_prof_data_size                                             
ffffffff  __TI_prof_data_start                                            
ffffffff  __binit__                                                       
ffffffff  __c_args__                                                      
ffffffff  binit                                                           
UNDEFED   ITM_flush                                                       
UNDEFED   ITM_restore                                                     
UNDEFED   SHT$$INIT_ARRAY$$Base                                           
UNDEFED   SHT$$INIT_ARRAY$$Limit                                          

[3041 symbols]
