******************************************************************************
                  TI ARM Linker PC v20.2.4                     
******************************************************************************
>> Linked Wed Apr 20 12:25:46 2022

OUTPUT FILE NAME:   <multi_role_CC26X2R1_LAUNCHXL_tirtos_ccs.out>
ENTRY POINT SYMBOL: "ResetISR"  address: 000168f9


MEMORY CONFIGURATION

         name            origin    length      used     unused   attr    fill
----------------------  --------  ---------  --------  --------  ----  --------
  FLASH                 00000000   00056000  00022b34  000334cc  R  X
  FLASH_LAST_PAGE       00056000   00002000  00000058  00001fa8  R  X
  RTOS_SRAM             20000000   0000012c  000000e4  00000048  RW X
  SRAM                  20000fdf   00013021  00002f4e  000100d3  RW X


SEGMENT ALLOCATION MAP

run origin  load origin   length   init length attrs members
----------  ----------- ---------- ----------- ----- -------
00000000    00000000    0001eb38   0001eb38    r-x
  00000000    00000000    0000003c   0000003c    r-- .resetVecs
  0000003c    0000003c    0001c314   0001c314    r-x .text
  0001c350    0001c350    00002008   00002008    r-- .const
  0001e358    0001e358    00000144   00000144    r-- .rodata
  0001e4a0    0001e4a0    00000698   00000698    r-- .cinit
00048000    00048000    00004000   00000000    rw-
  00048000    00048000    00004000   00000000    rw- .TI.bound:flashBuf0
00057fa8    00057fa8    00000058   00000058    r--
  00057fa8    00057fa8    00000058   00000058    r-- .ccfg
20000100    20000100    0000000c   00000000    rw-
  20000100    20000100    00000004   00000000    rw- .data:xdcRomConstPtr
  20000104    20000104    00000004   00000000    rw- .data:xdcRomExternFuncPtr
  20000108    20000108    00000004   00000000    rw- .data:xdcRomStatePtr
20000fe0    20000fe0    00002b4e   00000000    rw-
  20000fe0    20000fe0    0000194b   00000000    rw- .data
  20002930    20002930    000011fe   00000000    rw- .bss
20013c00    20013c00    00000400   00000000    rw-
  20013c00    20013c00    00000400   00000000    rw- .stack


SECTION ALLOCATION MAP

 output                                  attributes/
section   page    origin      length       input sections
--------  ----  ----------  ----------   ----------------
.cinit     0    0001e4a0    00000698     
                  0001e4a0    0000063e     (.cinit..data.load) [load image, compression = lzss]
                  0001eade    00000002     --HOLE-- [fill = 0]
                  0001eae0    0000000c     (__TI_handler_table)
                  0001eaec    00000004     --HOLE-- [fill = 0]
                  0001eaf0    00000008     (.cinit..bss.load) [load image, compression = zero_init]
                  0001eaf8    00000008     (.cinit..data:xdcRomConstPtr.load) [load image, compression = lzss]
                  0001eb00    00000008     (.cinit..data:xdcRomExternFuncPtr.load) [load image, compression = lzss]
                  0001eb08    00000008     (.cinit..data:xdcRomStatePtr.load) [load image, compression = lzss]
                  0001eb10    00000028     (__TI_cinit_table)

.init_array 
*          0    00000000    00000000     UNINITIALIZED

.ccfg      0    00057fa8    00000058     
                  00057fa8    00000058     ti_devices_config.obj (.ccfg:retain)

.data:xdcRomConstPtr 
*          0    20000100    00000004     UNINITIALIZED
                  20000100    00000004     multi_role_app_pem4f.oem4f (.data:xdcRomConstPtr)

.data:xdcRomExternFuncPtr 
*          0    20000104    00000004     UNINITIALIZED
                  20000104    00000004     multi_role_app_pem4f.oem4f (.data:xdcRomExternFuncPtr)

.data:xdcRomStatePtr 
*          0    20000108    00000004     UNINITIALIZED
                  20000108    00000004     multi_role_app_pem4f.oem4f (.data:xdcRomStatePtr)

.data      0    20000fe0    0000194b     UNINITIALIZED
                  20000fe0    00000508     rf_multiMode_cc26x2.a : RFCC26X2_multiMode.c.cc26x2.ccs.o (.data:$O1$$)
                  200014e8    0000032c     multi_role_menu.obj (.data:$O5$$)
                  20001814    000001d4     devinfoservice.obj (.data:$O10$$)
                  200019e8    000001c8     multi_role.obj (.data:$O3$$)
                  20001bb0    00000170     drivers_cc26x2.a : PowerCC26X2.oem4f (.data:PowerCC26X2_module)
                  20001d20    00000124     simple_gatt_profile.obj (.data:$O12$$)
                  20001e44    0000010c     multi_role_app_pem4f.oem4f (.data:ROM_stateStruct)
                  20001f50    000000f8     StackWrapper.a : gapbondmgr.o (.data)
                  20002048    000000b0     OneLib.a : gapgattserver.o (.data)
                  200020f8    0000009c     icall.obj (.data:$O13$$)
                  20002194    00000088     ti_ble_config.obj (.data:$O1$$)
                  2000221c    00000080     multi_role_app_pem4f.oem4f (.data:ti_sysbios_knl_Task_Module_State_0_readyQ__A)
                  2000229c    00000064     OneLib.a : ll_config.o (.data)
                  20002300    00000060     nvocmp.obj (.data:$O9$$)
                  20002360    00000054     ti_radio_config.obj (.data:pOverrides_bleCommon)
                  200023b4    00000050     ti_radio_config.obj (.data:txPowerTable_2400_pa5)
                  20002404    0000004c     multi_role_app_pem4f.oem4f (.data:ti_sysbios_knl_Task_Object__table__V)
                  20002450    00000048     board_key.obj (.data:$O2$$)
                  20002498    00000048     multi_role_app_pem4f.oem4f (.data:ti_sysbios_family_arm_cc26xx_Timer_Object__table__V)
                  200024e0    00000040     OneLib.a : gattservapp.o (.data)
                  20002520    00000040              : sm_pairing.o (.data)
                  20002560    00000040     ble_user_config.obj (.data:eccParams_NISTP256)
                  200025a0    0000003c     icall_user_config.obj (.data:nvintfFncStruct)
                  200025dc    00000038     multi_role_app_pem4f.oem4f (.data:ti_sysbios_gates_GateMutex_Object__table__V)
                  20002614    00000030     multi_role_app_pem4f.oem4f (.data:ti_sysbios_knl_Swi_Module_State_0_readyQ__A)
                  20002644    00000030     multi_role_app_pem4f.oem4f (.data:ti_sysbios_knl_Swi_Object__table__V)
                  20002674    00000024     driverlib.lib : osc.obj (.data:$O17$$)
                  20002698    00000020     drivers_cc26x2.a : TRNGCC26XX.oem4f (.data:entropyPoolBuffer)
                  200026b8    00000020     multi_role_app_pem4f.oem4f (.data:ti_sysbios_knl_Clock_Object__table__V)
                  200026d8    00000020     multi_role_app_pem4f.oem4f (.data:xdc_runtime_Error_IgnoreBlock)
                  200026f8    00000018     multi_role_app_pem4f.oem4f (.data:ti_sysbios_family_arm_m3_Hwi_Object__table__V)
                  20002710    00000014     two_btn_menu.obj (.data:$O6$$)
                  20002724    00000014     StackWrapper.a : osal.o (.data)
                  20002738    00000011     simple_gatt_profile.obj (.data:simpleProfileChar1UserDesp$13)
                  20002749    00000011     simple_gatt_profile.obj (.data:simpleProfileChar2UserDesp$13)
                  2000275a    00000011     simple_gatt_profile.obj (.data:simpleProfileChar3UserDesp$13)
                  2000276b    00000011     simple_gatt_profile.obj (.data:simpleProfileChar4UserDesp$13)
                  2000277c    00000011     simple_gatt_profile.obj (.data:simpleProfileChar5UserDesp$13)
                  2000278d    00000001     OneLib.a : gapgattserver.o (.data)
                  2000278e    00000002              : ll.o (.data)
                  20002790    00000010              : gattservapp.o (.data)
                  200027a0    00000010              : ll.o (.data)
                  200027b0    00000010              : ll_data.o (.data)
                  200027c0    00000010     icall_user_config.obj (.data:bleAppServiceInfoTable)
                  200027d0    00000010     icall_api_lite.obj (.data)
                  200027e0    00000010     ti_radio_config.obj (.data:pOverrides_ble2Mbps)
                  200027f0    00000010     ti_radio_config.obj (.data:pOverrides_bleCoded)
                  20002800    00000010     main.obj (.data:user0Cfg)
                  20002810    0000000c     ti_radio_config.obj (.data:pOverrides_ble1Mbps)
                  2000281c    0000000c     multi_role_app_pem4f.oem4f (.data:ti_sysbios_heaps_HeapCallback_Object__table__V)
                  20002828    00000009     devinfoservice.obj (.data)
                  20002831    00000001     OneLib.a : gapgattserver.o (.data)
                  20002832    00000002              : ll_config.o (.data)
                  20002834    00000008     icall_cc2650.obj (.data:$O15$$)
                  2000283c    00000008     ble_user_config.obj (.data:$O16$$)
                  20002844    00000008     rtsv7M4_T_le_v4SPD16_eabi.lib : _lock.c.obj (.data:$O20$$)
                  2000284c    00000008     OneLib.a : gapgattserver.o (.data)
                  20002854    00000008     rf_multiMode_cc26x2.a : RFCC26X2_multiMode.c.cc26x2.ccs.o (.data:RFCC26XX_schedulerPolicy)
                  2000285c    00000008     drivers_cc26x2.a : PINCC26XX.oem4f (.data)
                  20002864    00000008                      : TRNGCC26XX.oem4f (.data:jobList)
                  2000286c    00000008     multi_role_app_pem4f.oem4f (.data:ti_sysbios_family_arm_m3_Hwi_Module__root__V)
                  20002874    00000008     multi_role_app_pem4f.oem4f (.data:ti_sysbios_gates_GateHwi_Module__root__V)
                  2000287c    00000008     multi_role_app_pem4f.oem4f (.data:ti_sysbios_gates_GateMutexPri_Module__root__V)
                  20002884    00000008     multi_role_app_pem4f.oem4f (.data:ti_sysbios_gates_GateMutex_Module__root__V)
                  2000288c    00000008     multi_role_app_pem4f.oem4f (.data:ti_sysbios_hal_Hwi_Module__root__V)
                  20002894    00000008     multi_role_app_pem4f.oem4f (.data:ti_sysbios_heaps_HeapCallback_Module__root__V)
                  2000289c    00000008     multi_role_app_pem4f.oem4f (.data:ti_sysbios_heaps_HeapMem_Module__root__V)
                  200028a4    00000008     multi_role_app_pem4f.oem4f (.data:ti_sysbios_knl_Clock_Module__root__V)
                  200028ac    00000008     multi_role_app_pem4f.oem4f (.data:ti_sysbios_knl_Event_Module__root__V)
                  200028b4    00000008     multi_role_app_pem4f.oem4f (.data:ti_sysbios_knl_Mailbox_Module__root__V)
                  200028bc    00000008     multi_role_app_pem4f.oem4f (.data:ti_sysbios_knl_Queue_Module__root__V)
                  200028c4    00000008     multi_role_app_pem4f.oem4f (.data:ti_sysbios_knl_Semaphore_Module__root__V)
                  200028cc    00000008     multi_role_app_pem4f.oem4f (.data:ti_sysbios_knl_Swi_Module__root__V)
                  200028d4    00000008     multi_role_app_pem4f.oem4f (.data:ti_sysbios_knl_Task_Module__root__V)
                  200028dc    00000008     multi_role_app_pem4f.oem4f (.data:xdc_runtime_System_Module_State_0_atexitHandlers__A)
                  200028e4    00000005     simple_gatt_profile.obj (.data)
                  200028e9    00000001     OneLib.a : gapgattserver.o (.data)
                  200028ea    00000002     StackWrapper.a : osal_cbtimer.o (.data)
                  200028ec    00000004     OneLib.a : ll_master_end_causes.o (.data)
                  200028f0    00000004              : ll_slave_end_causes.o (.data)
                  200028f4    00000004     StackWrapper.a : hal_assert.o (.data)
                  200028f8    00000004     ble_user_config_stack.obj (.data)
                  200028fc    00000004     rtsv7M4_T_le_v4SPD16_eabi.lib : stkdepth_vars.c.obj (.data)
                  20002900    00000004     multi_role_app_pem4f.oem4f (.data:ti_sysbios_family_arm_m3_Hwi_Module_State_0_excContext__A)
                  20002904    00000004     multi_role_app_pem4f.oem4f (.data:ti_sysbios_family_arm_m3_Hwi_Module_State_0_excStack__A)
                  20002908    00000004     multi_role_app_pem4f.oem4f (.data:ti_sysbios_knl_Task_Module_State_0_idleTask__A)
                  2000290c    00000002     drivers_cc26x2.a : CryptoResourceCC26XX.oem4f (.data)
                  2000290e    00000002                      : PKAResourceCC26XX.oem4f (.data)
                  20002910    00000002                      : TRNGCC26XX.oem4f (.data)
                  20002912    00000002     multi_role_app_pem4f.oem4f (.data:ti_sysbios_family_arm_m3_Hwi_Module_State_0_excActive__A)
                  20002914    00000001     OneLib.a : gapgattserver.o (.data)
                  20002915    00000001              : gapgattserver.o (.data)
                  20002916    00000001              : gapgattserver.o (.data)
                  20002917    00000001              : gattservapp.o (.data)
                  20002918    00000001              : gattservapp.o (.data)
                  20002919    00000001              : ll.o (.data)
                  2000291a    00000001              : ll_ae.o (.data)
                  2000291b    00000001              : ll_data.o (.data)
                  2000291c    00000001              : ll_scheduler.o (.data)
                  2000291d    00000001              : sm_task.o (.data)
                  2000291e    00000001     StackWrapper.a : gap.o (.data)
                  2000291f    00000001                    : gap.o (.data)
                  20002920    00000001                    : hal_assert.o (.data)
                  20002921    00000001     multi_role.obj (.data:argRpaRead)
                  20002922    00000001     drivers_cc26x2.a : AESCCMCC26XX.oem4f (.data)
                  20002923    00000001                      : AESCTRCC26XX.oem4f (.data)
                  20002924    00000001                      : AESCTRDRBGXX.oem4f (.data)
                  20002925    00000001                      : AESECBCC26XX.oem4f (.data)
                  20002926    00000001                      : ECDHCC26X2.oem4f (.data)
                  20002927    00000001                      : NVS.oem4f (.data)
                  20002928    00000001                      : UART.oem4f (.data)
                  20002929    00000001     multi_role.obj (.data:periodicUpdateData)
                  2000292a    00000001     rf_multiMode_cc26x2.a : rf_patch_cpe_bt5.c.cc26x2.ccs.o (.data)

.bss       0    20002930    000011fe     UNINITIALIZED
                  20002930    00000400     (.common:mrTaskStack)
                  20002d30    00000300     multi_role_app_pem4f.oem4f (.bss:taskStackSection)
                  20003030    000001bc     (.common:uartCC26XXObjects)
                  200031ec    000000d8     (.common:ti_sysbios_family_arm_m3_Hwi_dispatchTable)
                  200032c4    000000a0     OneLib.a : ll_ae.o (.bss)
                  20003364    00000084     (.common:trngCC26XXObjects)
                  200033e8    00000080     ti_drivers_config.obj (.bss:displayUARTBuffer)
                  20003468    0000007c     (.common:pinHandleTable)
                  200034e4    00000078     StackWrapper.a : osal_cbtimer.o (.bss)
                  2000355c    00000070     util.obj (.bss:$O7$$)
                  200035cc    00000058     (.common:aesctrdrbgXXObjects)
                  20003624    00000050     drivers_cc26x2.a : PINCC26XX.oem4f (.bss:pinSemaphore)
                  20003674    00000050     (.common:CryptoResourceCC26XX_accessSemaphore)
                  200036c4    00000050     (.common:CryptoResourceCC26XX_operationSemaphore)
                  20003714    00000050     (.common:PKAResourceCC26XX_accessSemaphore)
                  20003764    00000050     (.common:PKAResourceCC26XX_operationSemaphore)
                  200037b4    0000003c     StackWrapper.a : osal_snv_wrapper.o (.bss)
                  200037f0    0000003c     drivers_cc26x2.a : PINCC26XX.oem4f (.bss:pinSwi)
                  2000382c    00000024     OneLib.a : ll.o (.bss)
                  20003850    00000020              : gattservapp.o (.bss)
                  20003870    00000020     StackWrapper.a : gapbondmgr.o (.bss)
                  20003890    00000020                    : gapbondmgr.o (.bss)
                  200038b0    00000020     drivers_cc26x2.a : PINCC26XX.oem4f (.bss:pinGpioConfigTable)
                  200038d0    00000020     ti_drivers_config.obj (.bss:uartCC26XXRingBuffer0)
                  200038f0    00000020     (.common:ecdhCC26X2Objects)
                  20003910    0000001c     drivers_cc26x2.a : TRNGCC26XX.oem4f (.bss:TRNGCC26XX_hwi)
                  2000392c    0000001c                      : TRNGCC26XX.oem4f (.bss:entropyPool)
                  20003948    0000001c                      : PINCC26XX.oem4f (.bss:pinHwi)
                  20003964    0000001c     (.common:CryptoResourceCC26XX_hwi)
                  20003980    0000001c     (.common:PKAResourceCC26XX_hwi)
                  2000399c    00000018     OneLib.a : gapgattserver.o (.bss)
                  200039b4    00000018              : ll_common.o (.bss)
                  200039cc    00000018     (.common:aesccmCC26XXObjects)
                  200039e4    00000018     (.common:aesctrCC26XXObjects)
                  200039fc    00000018     (.common:aesecbCC26XXObjects)
                  20003a14    00000014     rf_multiMode_cc26x2.a : RFCC26X2_multiMode.c.cc26x2.ccs.o (.bss:RF_ratSyncCmd)
                  20003a28    00000014     drivers_cc26x2.a : Random.oem4f (.bss:state)
                  20003a3c    0000000c     OneLib.a : ll.o (.bss)
                  20003a48    0000000c              : ll.o (.bss)
                  20003a54    0000000c              : ll_scheduler.o (.bss)
                  20003a60    0000000c     drivers_cc26x2.a : NVSCC26XX.oem4f (.bss)
                  20003a6c    0000000c     (.common:displayUartObject)
                  20003a78    00000008     OneLib.a : ll.o (.bss)
                  20003a80    00000008              : ll_ae.o (.bss)
                  20003a88    00000004              : gapgattserver.o (.bss)
                  20003a8c    00000004              : gattservapp.o (.bss)
                  20003a90    00000004              : linkdb.o (.bss)
                  20003a94    00000004              : ll.o (.bss)
                  20003a98    00000004              : ll.o (.bss)
                  20003a9c    00000004              : ll.o (.bss)
                  20003aa0    00000004              : ll.o (.bss)
                  20003aa4    00000004              : ll.o (.bss)
                  20003aa8    00000004              : ll_ae.o (.bss)
                  20003aac    00000004              : ll_common.o (.bss)
                  20003ab0    00000004              : ll_enc.o (.bss)
                  20003ab4    00000004              : ll_privacy.o (.bss)
                  20003ab8    00000004     StackWrapper.a : gapbondmgr.o (.bss)
                  20003abc    00000004                    : gapbondmgr.o (.bss)
                  20003ac0    00000004                    : osal.o (.bss)
                  20003ac4    00000004                    : osal.o (.bss)
                  20003ac8    00000004                    : osal.o (.bss)
                  20003acc    00000004                    : osal.o (.bss)
                  20003ad0    00000004                    : osal.o (.bss)
                  20003ad4    00000004                    : osal.o (.bss)
                  20003ad8    00000004                    : osal_bufmgr.o (.bss)
                  20003adc    00000004                    : osal_clock.o (.bss)
                  20003ae0    00000004                    : osal_clock.o (.bss)
                  20003ae4    00000004                    : osal_timers.o (.bss)
                  20003ae8    00000004                    : osal_timers.o (.bss)
                  20003aec    00000004                    : osal_timers.o (.bss)
                  20003af0    00000004     drivers_cc26x2.a : ECDHCC26X2.oem4f (.bss)
                  20003af4    00000004                      : PINCC26XX.oem4f (.bss)
                  20003af8    00000004     (.common:PowerCC26XX_swiKey)
                  20003afc    00000004     (.common:PowerCC26XX_taskKey)
                  20003b00    00000004     (.common:nvsCC26XXObjects)
                  20003b04    00000004     (.common:tasksEvents)
                  20003b08    00000002     OneLib.a : gapgattserver.o (.bss)
                  20003b0a    00000002              : ll.o (.bss)
                  20003b0c    00000002              : ll_ae.o (.bss)
                  20003b0e    00000002              : ll_slave_end_causes.o (.bss)
                  20003b10    00000002     StackWrapper.a : osal_pwrmgr.o (.bss)
                  20003b12    00000001     OneLib.a : gapgattserver.o (.bss)
                  20003b13    00000001              : gattservapp.o (.bss)
                  20003b14    00000001              : hci_tl.o (.bss)
                  20003b15    00000001              : hci_tl.o (.bss)
                  20003b16    00000001              : hci_tl.o (.bss)
                  20003b17    00000001              : hci_tl.o (.bss)
                  20003b18    00000001              : hci_tl.o (.bss)
                  20003b19    00000001              : hci_tl.o (.bss)
                  20003b1a    00000001              : ll.o (.bss)
                  20003b1b    00000001              : ll.o (.bss)
                  20003b1c    00000001              : ll.o (.bss)
                  20003b1d    00000001              : ll.o (.bss)
                  20003b1e    00000001              : ll.o (.bss)
                  20003b1f    00000001              : ll.o (.bss)
                  20003b20    00000001              : ll_ae.o (.bss)
                  20003b21    00000001              : ll_config.o (.bss)
                  20003b22    00000001              : ll_config.o (.bss)
                  20003b23    00000001              : ll_enc.o (.bss)
                  20003b24    00000001              : ll_isr.o (.bss)
                  20003b25    00000001              : sm_task.o (.bss)
                  20003b26    00000001     StackWrapper.a : ble_dispatch_lite.o (.bss)
                  20003b27    00000001                    : gapbondmgr.o (.bss)
                  20003b28    00000001                    : gapbondmgr.o (.bss)
                  20003b29    00000001                    : hal_assert.o (.bss)
                  20003b2a    00000001                    : osal.o (.bss)
                  20003b2b    00000001                    : osal_pwrmgr.o (.bss)
                  20003b2c    00000001     rf_multiMode_cc26x2.a : RFCC26X2_multiMode.c.cc26x2.ccs.o (.bss)
                  20003b2d    00000001     (.common:driverlib_release_0_60278)

.vtable    0    20003b2e    00000000     UNINITIALIZED

.vtable_ram 
*          0    20003b2e    00000000     UNINITIALIZED

vtable_ram 
*          0    20003b2e    00000000     UNINITIALIZED

.sysmem    0    20003b2e    00000000     UNINITIALIZED

.nonretenvar 
*          0    20003b2e    00000000     UNINITIALIZED

.stack     0    20013c00    00000400     UNINITIALIZED
                  20013c00    00000400     --HOLE--

.bootVecs 
*          0    00000000    00000008     DSECT
                  00000000    00000008     boot.aem4f : boot.oem4f (.bootVecs)

.resetVecs 
*          0    00000000    0000003c     
                  00000000    0000003c     multi_role_app_pem4f.oem4f (.resetVecs)

.vecs      0    20000000    000000d8     NOLOAD SECTION
                  20000000    000000d8     multi_role_app_pem4f.oem4f (.vecs)

xdc.meta   0    00000000    0000011b     COPY SECTION
                  00000000    0000011b     multi_role_app_pem4f.oem4f (xdc.meta)

xdc.noload 
*          0    00000000    00000000     COPY SECTION

.TI.bound:flashBuf0 
*          0    00048000    00004000     UNINITIALIZED
                  00048000    00004000     ti_drivers_config.obj (.TI.bound:flashBuf0)

.text      0    0000003c    0001c314     
                  0000003c    00000b80     multi_role.obj (.text:multi_role_taskFxn$4)
                  00000bbc    00000b58     StackWrapper.a : gapbondmgr.o (.text)
                  00001714    0000075c     OneLib.a : ll_scheduler.o (.text)
                  00001e70    00000708     multi_role.obj (.text:multi_role_processGapMsg$4)
                  00002578    000006f8     OneLib.a : ll_adv_end_causes.o (.text)
                  00002c70    00000650     StackWrapper.a : gapbondmgr.o (.text)
                  000032c0    00000614     multi_role.obj (.text:multi_role_processAppMsg$4)
                  000038d4    000004f0     OneLib.a : ll_ae.o (.text)
                  00003dc4    000004b0     rf_multiMode_cc26x2.a : RFCC26X2_multiMode.c.cc26x2.ccs.o (.text:RF_fsmActiveState)
                  00004274    00000488     OneLib.a : ll_slave_end_causes.o (.text)
                  000046fc    00000470              : ll_isr.o (.text)
                  00004b6c    00000450              : ll.o (.text)
                  00004fbc    000003c4              : ble.o (.text)
                  00005380    000003c4              : ll_slave_end_causes.o (.text)
                  00005744    000003bc              : ll_ae.o (.text)
                  00005b00    000003a4              : ll_isr.o (.text)
                  00005ea4    000003a4              : ll_scheduler.o (.text)
                  00006248    00000330              : ll_ae.o (.text)
                  00006578    00000320              : ble.o (.text)
                  00006898    00000320              : ll.o (.text)
                  00006bb8    000002dc              : ll_master_end_causes.o (.text)
                  00006e94    000002c8              : ll_isr.o (.text)
                  0000715c    000002c4              : ll_ae.o (.text)
                  00007420    000002c0              : ll_isr.o (.text)
                  000076e0    000002b0     StackWrapper.a : gapbondmgr.o (.text)
                  00007990    00000298     rf_multiMode_cc26x2.a : RFCC26X2_multiMode.c.cc26x2.ccs.o (.text:RF_open)
                  00007c28    00000274     OneLib.a : ll_ae.o (.text)
                  00007e9c    0000025c     nvocmp.obj (.text:NVOCMP_addItem$9)
                  000080f8    0000025c     StackWrapper.a : gapbondmgr.o (.text)
                  00008354    00000248     OneLib.a : ll_data.o (.text)
                  0000859c    00000248              : ll_isr.o (.text)
                  000087e4    00000244              : ll_ae.o (.text)
                  00008a28    00000230     drivers_cc26x2.a : ECDHCC26X2.oem4f (.text:ECDHCC26X2_runFSM)
                  00008c58    00000224     OneLib.a : ll_common.o (.text)
                  00008e7c    00000218     nvocmp.obj (.text:NVOCMP_initNv$9)
                  00009094    00000210     rf_multiMode_cc26x2.a : RFCC26X2_multiMode.c.cc26x2.ccs.o (.text:RF_scheduleCmd)
                  000092a4    00000204     OneLib.a : gattservapp.o (.text)
                  000094a8    00000204              : ll_master_end_causes.o (.text)
                  000096ac    000001f4     drivers_cc26x2.a : PINCC26XX.oem4f (.text:PIN_init)
                  000098a0    000001e8     osal_icall_ble.obj (.text:stack_main)
                  00009a88    000001e0     StackWrapper.a : osal.o (.text)
                  00009c68    000001dc     rf_multiMode_cc26x2.a : RFCC26X2_multiMode.c.cc26x2.ccs.o (.text:RF_dispatchNextCmd)
                  00009e44    000001d8     OneLib.a : ll.o (.text)
                  0000a01c    000001d8              : ll_isr.o (.text)
                  0000a1f4    000001bc     main.obj (.text:AssertHandler)
                  0000a3b0    000001a8     OneLib.a : ll_scheduler.o (.text)
                  0000a558    00000198     drivers_cc26x2.a : PowerCC26X2.oem4f (.text:Power_sleep)
                  0000a6f0    00000196     OneLib.a : ll_common.o (.text)
                  0000a886    00000002     ti_drivers_config.obj (.text:Board_initHook)
                  0000a888    00000190     drivers_cc26x2.a : PowerCC26X2_calibrateRCOSC.oem4f (.text:calibrateRcoscHf1)
                  0000aa18    00000190     icall.obj (.text:icall_directAPI)
                  0000aba8    00000190     multi_role.obj (.text:multi_role_processPairState$4)
                  0000ad38    0000018c     drivers_cc26x2.a : PowerCC26X2_calibrateRCOSC.oem4f (.text:runCalibrateFsm)
                  0000aec4    00000188     nvocmp.obj (.text:NVOCMP_compact$9)
                  0000b04c    0000017c     OneLib.a : ll_isr.o (.text)
                  0000b1c8    0000017c              : sm_intpairing.o (.text)
                  0000b344    00000174              : gattservapp.o (.text)
                  0000b4b8    00000174     drivers_cc26x2.a : PowerCC26X2.oem4f (.text:Power_init)
                  0000b62c    0000016c     OneLib.a : ll.o (.text)
                  0000b798    00000168              : ll_common.o (.text)
                  0000b900    00000164              : ll_ae.o (.text)
                  0000ba64    00000164     drivers_cc26x2.a : UARTCC26XX.oem4f (.text:UARTCC26XX_open)
                  0000bbc8    00000162     StackWrapper.a : osal.o (.text)
                  0000bd2a    00000002     ble_user_config.obj (.text:DefaultAssertCback)
                  0000bd2c    00000158     driverlib.lib : sys_ctrl.obj (.text:NOROM_SysCtrlStandby)
                  0000be84    00000158     OneLib.a : ll_common.o (.text)
                  0000bfdc    00000154     rf_multiMode_cc26x2.a : RFCC26X2_multiMode.c.cc26x2.ccs.o (.text:RF_radioOpDoneCb)
                  0000c130    00000154     drivers_cc26x2.a : UARTCC26XX.oem4f (.text:UARTCC26XX_hwiIntFxn)
                  0000c284    00000150     OneLib.a : gap_task.o (.text)
                  0000c3d4    0000014c              : ll_isr.o (.text)
                  0000c520    00000148     rf_multiMode_cc26x2.a : RFCC26X2_multiMode.c.cc26x2.ccs.o (.text:RF_fsmSetupState)
                  0000c668    00000144     OneLib.a : ll_isr.o (.text)
                  0000c7ac    00000144     StackWrapper.a : gap.o (.text)
                  0000c8f0    00000140     OneLib.a : gattservapp.o (.text)
                  0000ca30    0000013c     drivers_cc26x2.a : AESCCMCC26XX.oem4f (.text:AESCCM_startOperation)
                  0000cb6c    0000013c     multi_role.obj (.text:multi_role_processGATTDiscEvent$4)
                  0000cca8    0000013a     drivers_cc26x2.a : UARTCC26XX.oem4f (.text:UARTCC26XX_read)
                  0000cde2    00000002     display.a : DisplayUart.oem4f (.text:DisplayUartAnsi_init)
                  0000cde4    00000138     drivers_cc26x2.a : ECDHCC26X2.oem4f (.text:ECDH_computeSharedSecret)
                  0000cf1c    00000138                      : NVSCC26XX.oem4f (.text:NVSCC26XX_write)
                  0000d054    00000138     rf_multiMode_cc26x2.a : RFCC26X2_multiMode.c.cc26x2.ccs.o (.text:RF_abortCmd)
                  0000d18c    00000138                           : RFCC26X2_multiMode.c.cc26x2.ccs.o (.text:RF_ratSetupChannel)
                  0000d2c4    00000128     multi_role.obj (.text:multi_role_menuSwitchCb$4)
                  0000d3ec    00000120     nvocmp.obj (.text:NVOCMP_compactPage$9)
                  0000d50c    00000120     OneLib.a : ll_common.o (.text)
                  0000d62c    00000120              : ll_data.o (.text)
                  0000d74c    00000120     drivers_cc26x2.a : PowerCC26X2.oem4f (.text:configureXOSCHF)
                  0000d86c    0000011c     OneLib.a : ll_isr.o (.text)
                  0000d988    00000114              : ll_common.o (.text)
                  0000da9c    00000114              : ll_isr.o (.text)
                  0000dbb0    00000114     drivers_cc26x2.a : PINCC26XX.oem4f (.text:PINCC26XX_setIoCfg)
                  0000dcc4    0000010c     OneLib.a : gatt_client.o (.text)
                  0000ddd0    00000108     drivers_cc26x2.a : AESECBCC26XX.oem4f (.text:AESECB_startOperation)
                  0000ded8    00000106     multi_role_app_pem4f.oem4f (.text:xdc_runtime_System_printfExtend__I)
                  0000dfde    00000002     rom_init.obj (.text:MAP_llClearPeriodicAdvSets)
                  0000dfe0    00000104     OneLib.a : ll_isr.o (.text)
                  0000e0e4    00000104     rf_multiMode_cc26x2.a : RFCC26X2_multiMode.c.cc26x2.ccs.o (.text:RF_hwiCpe0Active)
                  0000e1e8    00000100     nvocmp.obj (.text:NVOCMP_findItem$9)
                  0000e2e8    000000fe     OneLib.a : ll_scheduler.o (.text)
                  0000e3e6    00000002     rom_init.obj (.text:MAP_llClearPeriodicScanSets)
                  0000e3e8    000000fc     OneLib.a : ll_scheduler.o (.text)
                  0000e4e4    000000fc              : ll_scheduler.o (.text)
                  0000e5e0    000000fc     rf_multiMode_cc26x2.a : RFCC26X2_multiMode.c.cc26x2.ccs.o (.text:RF_decodeOverridePointers)
                  0000e6dc    000000f8     drivers_cc26x2.a : AESCTRCC26XX.oem4f (.text:AESCTR_startOperation)
                  0000e7d4    000000f8     OneLib.a : ll_isr.o (.text)
                  0000e8cc    000000f8              : sm_rsppairing.o (.text)
                  0000e9c4    000000f4              : ll_scheduler.o (.text)
                  0000eab8    000000f4     two_btn_menu.obj (.text:tbm_displayItemPage)
                  0000ebac    000000f0     OneLib.a : ll_ae.o (.text)
                  0000ec9c    000000f0     rf_multiMode_cc26x2.a : RFCC26X2_multiMode.c.cc26x2.ccs.o (.text:RF_fsmPowerUpState)
                  0000ed8c    000000ec     OneLib.a : gap_advertiser.o (.text)
                  0000ee78    000000ec              : ll_common.o (.text)
                  0000ef64    000000ec     multi_role.obj (.text:multi_role_doSetAdvPhy)
                  0000f050    000000e4     OneLib.a : gapgattserver.o (.text)
                  0000f134    000000e4              : ll_ae.o (.text)
                  0000f218    000000e4     multi_role.obj (.text:multi_role_doConnUpdate)
                  0000f2fc    000000e0     StackWrapper.a : osal_timers.o (.text)
                  0000f3dc    000000e0     drivers_cc26x2.a : UARTCC26XX.oem4f (.text:UARTCC26XX_write)
                  0000f4bc    000000dc     OneLib.a : ll_ae.o (.text)
                  0000f598    000000d8     driverlib.lib : aes.obj (.text:NOROM_AESWriteToKeyStore)
                  0000f670    000000d8                   : setup.obj (.text:NOROM_SetupTrimDevice)
                  0000f748    000000d8     rf_multiMode_cc26x2.a : RFCC26X2_multiMode.c.cc26x2.ccs.o (.text:RF_control)
                  0000f820    000000d8                           : RFCC26X2_multiMode.c.cc26x2.ccs.o (.text:RF_pendCmd)
                  0000f8f8    000000d8     driverlib.lib : setup.obj (.text:TrimAfterColdResetWakeupFromShutDown$29)
                  0000f9d0    000000d4     drivers_cc26x2.a : ECDHCC26X2.oem4f (.text:ECDH_generatePublicKey)
                  0000faa4    000000d2     rf_multiMode_cc26x2.a : RFCC26X2_multiMode.c.cc26x2.ccs.o (.text:RF_updatePaConfiguration)
                  0000fb76    00000002     rom_init.obj (.text:MAP_llDmmDynamicFree)
                  0000fb78    000000d0     main.obj (.text:main)
                  0000fc48    000000cc     OneLib.a : hci_event.o (.text)
                  0000fd14    000000cc     rf_multiMode_cc26x2.a : RFCC26X2_multiMode.c.cc26x2.ccs.o (.text:RF_swiHw)
                  0000fde0    000000cc     StackWrapper.a : osal.o (.text)
                  0000feac    000000c8     OneLib.a : gap_scanner.o (.text)
                  0000ff74    000000c8              : gapgattserver.o (.text)
                  0001003c    000000c8              : ll_ae.o (.text)
                  00010104    000000c8     dpl_cc26x2.a : PowerCC26X2_tirtos.oem4f (.text:PowerCC26XX_standbyPolicy)
                  000101cc    000000c0     nvocmp.obj (.text:NVOCMP_erase$9)
                  0001028c    000000c0     OneLib.a : ll.o (.text)
                  0001034c    000000c0     drivers_cc26x2.a : PowerCC26X2.oem4f (.text:Power_releaseDependency)
                  0001040c    000000c0     simple_gatt_profile.obj (.text:SimpleProfile_SetParameter)
                  000104cc    000000c0     drivers_cc26x2.a : TRNGCC26XX.oem4f (.text:TRNG_getRandom)
                  0001058c    000000c0                      : UARTCC26XX.oem4f (.text:UARTCC26XX_initIO)
                  0001064c    000000bc                      : AESCTRDRBGXX.oem4f (.text:AESCTRDRBG_construct)
                  00010708    000000bc                      : AESCTRDRBGXX.oem4f (.text:AESCTRDRBG_getRandomBytes)
                  000107c4    000000bc     OneLib.a : ble.o (.text)
                  00010880    000000bc              : ll_ecc.o (.text)
                  0001093c    000000bc              : ll_scheduler.o (.text)
                  000109f8    000000bc     rf_multiMode_cc26x2.a : RFCC26X2_multiMode.c.cc26x2.ccs.o (.text:RF_initRadioSetup)
                  00010ab4    000000b8     OneLib.a : ll.o (.text)
                  00010b6c    000000b8              : ll_slave_end_causes.o (.text)
                  00010c24    000000b8     drivers_cc26x2.a : PowerCC26X2.oem4f (.text:Power_setDependency)
                  00010cdc    000000b8     StackWrapper.a : gapbondmgr.o (.text)
                  00010d94    000000b8     drivers_cc26x2.a : UARTCC26XX.oem4f (.text:UARTCC26XX_initHw)
                  00010e4c    000000b4                      : AESCTRDRBGXX.oem4f (.text:AESCTRDRBG_reseed)
                  00010f00    000000b0     OneLib.a : ll.o (.text)
                  00010fb0    000000b0              : ll_enc.o (.text)
                  00011060    000000b0     devinfoservice.obj (.text:devInfo_ReadAttrCB$10)
                  00011110    000000ac     display.a : DisplayUart.oem4f (.text:DisplayUartAnsi_clearLines)
                  000111bc    000000ac     drivers_cc26x2.a : ECDHCC26X2.oem4f (.text:ECDHCC26X2_hwiFxn)
                  00011268    000000ac     OneLib.a : ll_ae.o (.text)
                  00011314    000000ac              : ll_scheduler.o (.text)
                  000113c0    000000ac     drivers_cc26x2.a : PINCC26XX.oem4f (.text:PIN_open)
                  0001146c    000000a8     nvocmp.obj (.text:NVOCMP_initNvApi$9)
                  00011514    000000a8     OneLib.a : hci_data.o (.text)
                  000115bc    000000a8              : ll.o (.text)
                  00011664    000000a8              : ll_common.o (.text)
                  0001170c    000000a8     StackWrapper.a : gapbondmgr.o (.text)
                  000117b4    000000a7     display.a : DisplayUart.oem4f (.text:DisplayUartAnsi_open)
                  0001185b    00000001     --HOLE-- [fill = 0]
                  0001185c    000000a4     OneLib.a : ll_ae.o (.text)
                  00011900    000000a4     rf_multiMode_cc26x2.a : RFCC26X2_multiMode.c.cc26x2.ccs.o (.text:RF_ratRestartChannels)
                  000119a4    000000a4     StackWrapper.a : gapbondmgr.o (.text)
                  00011a48    000000a4                    : osal_cbtimer.o (.text)
                  00011aec    000000a4     multi_role.obj (.text:multi_role_doConnect)
                  00011b90    000000a0     OneLib.a : gattservapp.o (.text)
                  00011c30    000000a0              : ll_common.o (.text)
                  00011cd0    000000a0              : ll_master_end_causes.o (.text)
                  00011d70    000000a0              : ll_scheduler.o (.text)
                  00011e10    000000a0     auto_init.aem4f : auto_init.oem4f (.text)
                  00011eb0    000000a0     rom_sysbios.aem4f : rom_sysbios.obj (.text:ti_sysbios_knl_Task_setPri__E)
                  00011f50    0000009f     display.a : DisplayUart.oem4f (.text:DisplayUartAnsi_vprintf)
                  00011fef    00000001     --HOLE-- [fill = 0]
                  00011ff0    0000009c     nvocmp.obj (.text:NVOCMP_readHeader$9)
                  0001208c    0000009c     OneLib.a : ll_common.o (.text)
                  00012128    0000009c              : ll_ecc.o (.text)
                  000121c4    0000009c     drivers_cc26x2.a : TRNGCC26XX.oem4f (.text:TRNG_construct)
                  00012260    0000009c     rtsv7M4_T_le_v4SPD16_eabi.lib : memcpy_t2.asm.obj (.text)
                  000122fc    00000098     OneLib.a : gap_advertiser.o (.text)
                  00012394    00000098              : gattservapp.o (.text)
                  0001242c    00000098              : hci_event.o (.text)
                  000124c4    00000098              : ll_ae.o (.text)
                  0001255c    00000098     rf_multiMode_cc26x2.a : RFCC26X2_multiMode.c.cc26x2.ccs.o (.text:RF_calculateDispatchTime)
                  000125f4    00000098     drivers_cc26x2.a : TRNGCC26XX.oem4f (.text:TRNGCC26XX_hwiFxn)
                  0001268c    00000098     multi_role.obj (.text:multi_role_doAdvertise)
                  00012724    00000098     multi_role.obj (.text:multi_role_processParamUpdate$4)
                  000127bc    00000098     drivers_cc26x2.a : UARTCC26XX.oem4f (.text:writeTxFifoFlush)
                  00012854    00000096     rtsv7M4_T_le_v4SPD16_eabi.lib : ull_div_t2.asm.obj (.text)
                  000128ea    00000002     rom_init.obj (.text:MAP_llDmmSetThreshold)
                  000128ec    00000094     icall.obj (.text:ICall_setTimer)
                  00012980    00000094     OneLib.a : gatt_server.o (.text)
                  00012a14    00000094              : ll.o (.text)
                  00012aa8    00000094              : ll_common.o (.text)
                  00012b3c    00000094              : ll_scheduler.o (.text)
                  00012bd0    00000092              : gap_task.o (.text)
                  00012c62    00000092     drivers_cc26x2.a : UARTCC26XX.oem4f (.text:UARTCC26XX_writeCancel)
                  00012cf4    00000090     OneLib.a : ll.o (.text)
                  00012d84    00000090              : ll_ae.o (.text)
                  00012e14    00000090              : ll_common.o (.text)
                  00012ea4    00000090     rf_multiMode_cc26x2.a : RFCC26X2_multiMode.c.cc26x2.ccs.o (.text:RF_discardPendCmd)
                  00012f34    00000090                           : RFCC26X2_multiMode.c.cc26x2.ccs.o (.text:RF_getInfo)
                  00012fc4    00000090     multi_role.obj (.text:multi_role_doGattWrite)
                  00013054    00000090     osal_icall_ble.obj (.text:osalInitTasks)
                  000130e4    00000090     simple_gatt_profile.obj (.text:simpleProfile_WriteAttrCB)
                  00013174    0000008e     drivers_cc26x2.a : CryptoUtils.oem4f (.text:CryptoUtils_reverseCopyPad)
                  00013202    00000002     rom_init.obj (.text:MAP_llEndPeriodicScanTask)
                  00013204    0000008c     icall.obj (.text:ICall_heapMalloc)
                  00013290    0000008c     rom_sysbios.aem4f : rom_sysbios.obj (.text:ti_sysbios_gates_GateMutexPri_enter__E)
                  0001331c    0000008a     drivers_cc26x2.a : AESCTRDRBGXX.oem4f (.text:AESCTRDRBGXX_updateState)
                  000133a6    00000002     rom_init.obj (.text:MAP_llPeriodicAdv_PostProcess)
                  000133a8    00000088     driverlib.lib : osc.obj (.text:NOROM_OSCHF_AttemptToSwitchToXosc)
                  00013430    00000088     OneLib.a : hci_event.o (.text)
                  000134b8    00000088              : ll_isr.o (.text)
                  00013540    00000088     rf_multiMode_cc26x2.a : RFCC26X2_multiMode.c.cc26x2.ccs.o (.text:RF_cmdDispatchTime)
                  000135c8    00000088     StackWrapper.a : osal_cbtimer.o (.text)
                  00013650    00000088     drivers_cc26x2.a : PowerCC26X2_calibrateRCOSC.oem4f (.text:calibrateRcoscHf2)
                  000136d8    00000088                      : PowerCC26X2.oem4f (.text:disableLFClockQualifiers)
                  00013760    00000088     gattservapp_util.obj (.text:gattServApp_SendNotiInd$12)
                  000137e8    00000088     drivers_cc26x2.a : PowerCC26X2_calibrateRCOSC.oem4f (.text:updateSubSecInc)
                  00013870    00000084     OneLib.a : ll_ae.o (.text)
                  000138f4    00000084     rf_multiMode_cc26x2.a : RFCC26X2_multiMode.c.cc26x2.ccs.o (.text:RF_issueRadioFreeCb)
                  00013978    00000084                           : RFCC26X2_multiMode.c.cc26x2.ccs.o (.text:RF_verifyGap)
                  000139fc    00000084     drivers_cc26x2.a : UARTCC26XX.oem4f (.text:UARTCC26XX_close)
                  00013a80    00000080     driverlib.lib : chipinfo.obj (.text:NOROM_ChipInfo_GetChipType)
                  00013b00    00000080     drivers_cc26x2.a : NVSCC26XX.oem4f (.text:NVSCC26XX_open)
                  00013b80    00000080     OneLib.a : ll_enc.o (.text)
                  00013c00    00000080     rom_sysbios.aem4f : rom_sysbios.obj (.text:ti_sysbios_family_arm_cc26xx_Timer_start__E)
                  00013c80    0000007e     OneLib.a : gap_task.o (.text)
                  00013cfe    00000002     rom_init.obj (.text:MAP_llPeriodicScan_PostProcess)
                  00013d00    0000007c     nvocmp.obj (.text:NVOCMP_readItemApi$9)
                  00013d7c    0000007c     OneLib.a : ll_common.o (.text)
                  00013df8    0000007c     rf_multiMode_cc26x2.a : RFCC26X2_multiMode.c.cc26x2.ccs.o (.text:RF_ratFreeChannel)
                  00013e74    0000007c     StackWrapper.a : gapbondmgr.o (.text)
                  00013ef0    0000007a     OneLib.a : gattservapp.o (.text)
                  00013f6a    0000007a     rtsv7M4_T_le_v4SPD16_eabi.lib : memset_t2.asm.obj (.text)
                  00013fe4    00000078     icall.obj (.text:ICall_heapInit)
                  0001405c    00000078     nvocmp.obj (.text:NVOCMP_checkItem$9)
                  000140d4    00000078     OneLib.a : ll_common.o (.text)
                  0001414c    00000078     StackWrapper.a : osal_cbtimer.o (.text)
                  000141c4    00000078     multi_role.obj (.text:multi_role_doConnPhy)
                  0001423c    00000078     rom_sysbios.aem4f : rom_sysbios.obj (.text:ti_sysbios_heaps_HeapMem_allocUnprotected__E)
                  000142b4    00000076     OneLib.a : ll_common.o (.text)
                  0001432a    00000076     StackWrapper.a : gap.o (.text)
                  000143a0    00000074     nvocmp.obj (.text:NVOCMP_writeItemApi$9)
                  00014414    00000074     OneLib.a : ll_enc.o (.text)
                  00014488    00000074     drivers_cc26x2.a : PowerCC26X2_calibrateRCOSC.oem4f (.text:PowerCC26X2_auxISR)
                  000144fc    00000074     rf_multiMode_cc26x2.a : RFCC26X2_multiMode.c.cc26x2.ccs.o (.text:RF_ratDisableChannel)
                  00014570    00000074     rom_sysbios.aem4f : rom_sysbios.obj (.text:ti_sysbios_gates_GateMutexPri_leave__E)
                  000145e4    00000072     rf_multiMode_cc26x2.a : RFCC26X2_multiMode.c.cc26x2.ccs.o (.text:RF_detachOverrides)
                  00014656    00000002     rom_init.obj (.text:MAP_llProcessPeriodicScanRxFIFO)
                  00014658    00000070     drivers_cc26x2.a : AESCCMCC26XX.oem4f (.text:AESCCM_cleanup)
                  000146c8    00000070     icall.obj (.text:ICall_heapGetStats)
                  00014738    00000070     rf_multiMode_cc26x2.a : rfc.c.cc26x2.ccs.o (.text:NOROM_RFCAnaDivTxOverride)
                  000147a8    00000070     nvocmp.obj (.text:NVOCMP_eraseNvApi$9)
                  00014818    00000070     OneLib.a : gatt_server.o (.text)
                  00014888    00000070              : ll_ae.o (.text)
                  000148f8    00000070              : ll_common.o (.text)
                  00014968    00000070              : ll_enc.o (.text)
                  000149d8    00000070     rf_multiMode_cc26x2.a : RFCC26X2_multiMode.c.cc26x2.ccs.o (.text:RF_getCurrentTime)
                  00014a48    00000070     drivers_cc26x2.a : Random.oem4f (.text:Random_seedAutomatic)
                  00014ab8    00000070     StackWrapper.a : osal.o (.text)
                  00014b28    00000070     multi_role.obj (.text:multi_role_doSelectConn)
                  00014b98    0000006e     OneLib.a : gatt_server.o (.text)
                  00014c06    0000006e     rf_multiMode_cc26x2.a : RFCC26X2_multiMode.c.cc26x2.ccs.o (.text:RF_attachOverrides)
                  00014c74    0000006e                           : RFCC26X2_multiMode.c.cc26x2.ccs.o (.text:RF_howToSchedule)
                  00014ce2    00000002     rom_init.obj (.text:MAP_llSetPeriodicSyncInfo)
                  00014ce4    0000006d     rom_sysbios.aem4f : rom_sysbios.obj (.text:xdc_runtime_System_formatNum__I)
                  00014d51    00000001     --HOLE-- [fill = 0]
                  00014d52    00000002     rom_init.obj (.text:MAP_llUpdateCteState)
                  00014d54    0000006c     nvocmp.obj (.text:NVOCMP_getDstPage$9)
                  00014dc0    0000006c     OneLib.a : ll_isr.o (.text)
                  00014e2c    0000006c              : ll_scheduler.o (.text)
                  00014e98    0000006c     rf_multiMode_cc26x2.a : RFCC26X2_multiMode.c.cc26x2.ccs.o (.text:RF_dispatchNextEvent)
                  00014f04    0000006c     StackWrapper.a : osal_cbtimer.o (.text)
                  00014f70    00000068     drivers_cc26x2.a : CryptoUtils.oem4f (.text:CryptoUtils_copyPad)
                  00014fd8    00000068     icall.obj (.text:ICall_send)
                  00015040    00000068     icall.obj (.text:ICall_sendServiceComplete)
                  000150a8    00000068     driverlib.lib : osc.obj (.text:NOROM_OSCHF_SwitchToRcOscTurnOffXosc)
                  00015110    00000068     OneLib.a : gap_task.o (.text)
                  00015178    00000068              : gattservapp.o (.text)
                  000151e0    00000068              : ll.o (.text)
                  00015248    00000068              : ll_ae.o (.text)
                  000152b0    00000068     rf_multiMode_cc26x2.a : RFCC26X2_multiMode.c.cc26x2.ccs.o (.text:RF_hwiHw)
                  00015318    00000068     StackWrapper.a : osal_timers.o (.text)
                  00015380    00000068     util.obj (.text:Util_convertBytes2Str)
                  000153e8    00000068     rtsv7M4_T_le_v4SPD16_eabi.lib : copy_decompress_lzss.c.obj (.text:decompress:lzss:__TI_decompress_lzss)
                  00015450    00000066     OneLib.a : ll_common.o (.text)
                  000154b6    00000066     StackWrapper.a : icall_lite_translation.o (.text)
                  0001551c    00000064     drivers_cc26x2.a : AESCCMCC26XX.oem4f (.text:AESCCM_waitForResult)
                  00015580    00000064                      : AESCTRCC26XX.oem4f (.text:AESCTR_waitForResult)
                  000155e4    00000064                      : AESECBCC26XX.oem4f (.text:AESECB_waitForResult)
                  00015648    00000064     nvocmp.obj (.text:NVOCMP_findSignature$9)
                  000156ac    00000064     OneLib.a : gapgattserver.o (.text)
                  00015710    00000064              : gattservapp.o (.text)
                  00015774    00000064              : ll_scheduler.o (.text)
                  000157d8    00000064     drivers_cc26x2.a : UARTCC26XX.oem4f (.text:UARTCC26XX_control)
                  0001583c    00000064     multi_role.obj (.text:multi_role_doDiscoverDevices)
                  000158a0    00000064     multi_role.obj (.text:multi_role_doSetScanPhy)
                  00015904    00000062     ti_drivers_config.obj (.text:Board_sendExtFlashByte)
                  00015966    00000062     gattservapp_util.obj (.text:GATTServApp_ProcessCCCWriteReq)
                  000159c8    00000062     rf_multiMode_cc26x2.a : RFCC26X2_multiMode.c.cc26x2.ccs.o (.text:RF_syncCb)
                  00015a2a    00000062     drivers_cc26x2.a : UARTCC26XX.oem4f (.text:UARTCC26XX_swiIntFxn)
                  00015a8c    00000060                      : AESCCMCC26XX.oem4f (.text:AESCCM_hwiFxn)
                  00015aec    00000060                      : AESCTRCC26XX.oem4f (.text:AESCTR_hwiFxn)
                  00015b4c    00000060                      : AESECBCC26XX.oem4f (.text:AESECB_hwiFxn)
                  00015bac    00000060                      : CryptoResourceCC26XX.oem4f (.text:CryptoResourceCC26XX_constructRTOSObjects)
                  00015c0c    00000060     icall.obj (.text:ICall_createRemoteTasksAtRuntime)
                  00015c6c    00000060     icall.obj (.text:ICall_enrollService)
                  00015ccc    00000060     OneLib.a : ll_common.o (.text)
                  00015d2c    00000060              : sm_pairing.o (.text)
                  00015d8c    00000060     drivers_cc26x2.a : PKAResourceCC26XX.oem4f (.text:PKAResourceCC26XX_constructRTOSObjects)
                  00015dec    00000060     rf_multiMode_cc26x2.a : RFCC26X2_multiMode.c.cc26x2.ccs.o (.text:RF_applyRfCorePatch)
                  00015e4c    00000060     StackWrapper.a : gapbondmgr.o (.text)
                  00015eac    00000060     drivers_cc26x2.a : TRNGCC26XX.oem4f (.text:TRNGCC26XX_startTrng)
                  00015f0c    00000060     multi_role.obj (.text:multi_role_doSetInitPhy)
                  00015f6c    0000005e     icall.obj (.text:ICall_fetchMsg)
                  00015fca    0000005e     OneLib.a : ll_common.o (.text)
                  00016028    0000005c     display.a : Display.oem4f (.text:Display_doOpen)
                  00016084    0000005c     icall.obj (.text:ICall_pwrUpdActivityCounter)
                  000160e0    0000005c     nvocmp.obj (.text:NVOCMP_readItem$9)
                  0001613c    0000005c     OneLib.a : gap_perilinkmgr.o (.text)
                  00016198    0000005c              : ll_isr.o (.text)
                  000161f4    0000005c              : ll_scheduler.o (.text)
                  00016250    0000005c              : sm_intpairing.o (.text)
                  000162ac    0000005c              : sm_rsppairing.o (.text)
                  00016308    0000005c     drivers_cc26x2.a : PINCC26XX.oem4f (.text:PIN_remove)
                  00016364    0000005c     rf_multiMode_cc26x2.a : RFCC26X2_multiMode.c.cc26x2.ccs.o (.text:RF_hwiCpe0PowerFsm)
                  000163c0    0000005c     drivers_cc26x2.a : NVSCC26XX.oem4f (.text:doErase)
                  0001641c    0000005c     simple_gatt_profile.obj (.text:simpleProfile_ReadAttrCB)
                  00016478    0000005c     drivers_cc26x2.a : UARTCC26XX.oem4f (.text:startTxFifoEmptyClk)
                  000164d4    0000005c     multi_role_app_pem4f.oem4f (.text:xdc_runtime_Startup_getState__I)
                  00016530    00000058     drivers_cc26x2.a : ECDHCC26X2.oem4f (.text:ECDH_construct)
                  00016588    00000058     icall.obj (.text:ICall_wait)
                  000165e0    00000058     OneLib.a : ll_ae.o (.text)
                  00016638    00000058              : ll_common.o (.text)
                  00016690    00000058              : ll_enc.o (.text)
                  000166e8    00000058              : ll_isr.o (.text)
                  00016740    00000058              : sm_pairing.o (.text)
                  00016798    00000058     drivers_cc26x2.a : PowerCC26X2_calibrateRCOSC.oem4f (.text:PowerCC26X2_initiateCalibration)
                  000167f0    00000058     StackWrapper.a : sm_ecc.o (.text)
                  00016848    00000058     drivers_cc26x2.a : TRNGCC26XX.oem4f (.text:TRNG_init)
                  000168a0    00000058     util.obj (.text:Util_convertBdAddr2Str)
                  000168f8    00000058     boot.aem4f : boot.oem4f (.text)
                  00016950    00000058     multi_role.obj (.text:multi_role_enqueueMsg$4)
                  000169a8    00000058     multi_role.obj (.text:multi_role_updateRPA$4)
                  00016a00    00000058     rom_sysbios.aem4f : rom_sysbios.obj (.text:ti_sysbios_heaps_HeapMem_alloc__E)
                  00016a58    00000056     rf_multiMode_cc26x2.a : RFCC26X2_multiMode.c.cc26x2.ccs.o (.text:RF_defaultSubmitPolicy)
                  00016aae    00000002     rom_init.obj (.text:MAP_llUpdateExtScanAcceptSyncInfo)
                  00016ab0    00000054     drivers_cc26x2.a : AESCCMCC26XX.oem4f (.text:AESCCM_construct)
                  00016b04    00000054                      : AESCTRCC26XX.oem4f (.text:AESCTR_construct)
                  00016b58    00000054                      : AESECBCC26XX.oem4f (.text:AESECB_construct)
                  00016bac    00000054     driverlib.lib : prcm.obj (.text:NOROM_PRCMPowerDomainsAllOff)
                  00016c00    00000054     nvocmp.obj (.text:NVOCMP_doNVCRC$9)
                  00016c54    00000054     drivers_cc26x2.a : NVSCC26XX.oem4f (.text:NVSCC26XX_init)
                  00016ca8    00000054     OneLib.a : gattservapp.o (.text)
                  00016cfc    00000054              : hci_event.o (.text)
                  00016d50    00000054              : ll.o (.text)
                  00016da4    00000054              : ll_ae.o (.text)
                  00016df8    00000054              : ll_ae.o (.text)
                  00016e4c    00000054              : ll_ae.o (.text)
                  00016ea0    00000054     rf_multiMode_cc26x2.a : RFCC26X2_multiMode.c.cc26x2.ccs.o (.text:RF_fsmXOSCState)
                  00016ef4    00000054     StackWrapper.a : osal_bufmgr.o (.text)
                  00016f48    00000054     drivers_cc26x2.a : StructRingBuf.oem4f (.text:StructRingBuf_put)
                  00016f9c    00000054     dpl_cc26x2.a : SwiP_tirtos.oem4f (.text:SwiP_construct)
                  00016ff0    00000054     rf_multiMode_cc26x2.a : rf_patch_cpe_bt5.c.cc26x2.ccs.o (.text:configureBt5Patch)
                  00017044    00000052     OneLib.a : gap_centlinkmgr.o (.text)
                  00017096    00000050     drivers_cc26x2.a : AESCTRDRBGXX.oem4f (.text:AESCTRDRBGXX_addBigendCounter)
                  000170e6    00000002     rom_init.obj (.text:MAP_llUpdatePeriodicAdvChainPacket)
                  000170e8    00000050     nvocmp.obj (.text:NVOCMP_compactNvApi$9)
                  00017138    00000050     OneLib.a : gap_perilinkmgr.o (.text)
                  00017188    00000050              : hci_tl.o (.text)
                  000171d8    00000050              : ll_common.o (.text)
                  00017228    00000050              : ll_enc.o (.text)
                  00017278    00000050     StackWrapper.a : osal.o (.text)
                  000172c8    00000050                    : osal_clock.o (.text)
                  00017318    00000050     drivers_cc26x2.a : TRNGCC26XX.oem4f (.text:TRNGCC26XX_waitForResult)
                  00017368    0000004e     StackWrapper.a : gap.o (.text)
                  000173b6    00000002     rom_init.obj (.text:MAP_rf_patch_mce)
                  000173b8    0000004c     icall.obj (.text:ICall_newTask$18)
                  00017404    0000004c     driverlib.lib : prcm.obj (.text:NOROM_PRCMPowerDomainsAllOn)
                  00017450    0000004c     nvocmp.obj (.text:NVOCMP_loadApiPtrsMin)
                  0001749c    0000004c     nvocmp.obj (.text:NVOCMP_setItemInactive$9)
                  000174e8    0000004c     OneLib.a : ble.o (.text)
                  00017534    0000004c              : gap_scanner.o (.text)
                  00017580    0000004c              : ll_scheduler.o (.text)
                  000175cc    0000004c              : ll_scheduler.o (.text)
                  00017618    0000004c     rf_multiMode_cc26x2.a : RFCC26X2_multiMode.c.cc26x2.ccs.o (.text:RF_wakeupNotification)
                  00017664    0000004c     drivers_cc26x2.a : StructRingBuf.oem4f (.text:StructRingBuf_get)
                  000176b0    0000004c                      : UARTCC26XX.oem4f (.text:UARTCC26XX_readCancel)
                  000176fc    0000004c     util.obj (.text:Util_constructClock)
                  00017748    0000004c     rtsv7M4_T_le_v4SPD16_eabi.lib : cpy_tbl.c.obj (.text:copy_in)
                  00017794    0000004c     multi_role.obj (.text:multi_role_doGattRead)
                  000177e0    00000048     ti_drivers_config.obj (.text:Board_wakeUpExtFlash)
                  00017828    00000048     rf_multiMode_cc26x2.a : rfc.c.cc26x2.ccs.o (.text:NOROM_RFCSynthPowerDown)
                  00017870    00000048     nvocmp.obj (.text:NVOCMP_write$9)
                  000178b8    00000048     drivers_cc26x2.a : NVS.oem4f (.text:NVS_open)
                  00017900    00000048     OneLib.a : att_util.o (.text)
                  00017948    00000048              : gattservapp.o (.text)
                  00017990    00000048              : ll.o (.text)
                  000179d8    00000048              : ll.o (.text)
                  00017a20    00000048              : ll_common.o (.text)
                  00017a68    00000048              : ll_isr.o (.text)
                  00017ab0    00000048              : ll_isr.o (.text)
                  00017af8    00000048     drivers_cc26x2.a : PINCC26XX.oem4f (.text:PIN_setOutputEnable)
                  00017b40    00000048                      : PowerCC26X2_calibrateRCOSC.oem4f (.text:PowerCC26X2_RCOSC_clockFunc)
                  00017b88    00000048                      : PowerCC26X2.oem4f (.text:PowerCC26XX_switchXOSC_HF)
                  00017bd0    00000048                      : NVSCC26XX.oem4f (.text:disableFlashCache)
                  00017c18    00000048                      : PowerCC26X2.oem4f (.text:switchXOSCHF)
                  00017c60    00000048                      : UARTCC26XX.oem4f (.text:writeFinishedDoCallback)
                  00017ca8    00000046                      : RingBuf.oem4f (.text:RingBuf_put)
                  00017cee    00000002     rom_init.obj (.text:MAP_rf_patch_rfe)
                  00017cf0    00000044     drivers_cc26x2.a : ECDHCC26X2.oem4f (.text:ECDHCC26X2_waitForResult)
                  00017d34    00000044     nvocmp.obj (.text:NVOCMP_getFreeNvApi$9)
                  00017d78    00000044     drivers_cc26x2.a : NVSCC26XX.oem4f (.text:NVSCC26XX_read)
                  00017dbc    00000044     OneLib.a : ll.o (.text)
                  00017e00    00000044              : ll.o (.text)
                  00017e44    00000044              : ll_ae.o (.text)
                  00017e88    00000044              : ll_ae.o (.text)
                  00017ecc    00000044              : ll_common.o (.text)
                  00017f10    00000044     drivers_cc26x2.a : PINCC26XX.oem4f (.text:PIN_swi)
                  00017f54    00000044     simple_gatt_profile.obj (.text:SimpleProfile_GetParameter)
                  00017f98    00000044     StackWrapper.a : osal.o (.text)
                  00017fdc    00000044                    : osal_timers.o (.text)
                  00018020    00000044     drivers_cc26x2.a : UART.oem4f (.text:UART_init)
                  00018064    00000044     multi_role.obj (.text:multi_role_clearConnListEntry$4)
                  000180a8    00000042     OneLib.a : ll.o (.text)
                  000180ea    00000042              : ll_common.o (.text)
                  0001812c    00000040     dpl_cc26x2.a : ClockP_tirtos.oem4f (.text:ClockP_construct)
                  0001816c    00000040     drivers_cc26x2.a : ECDHCC26X2.oem4f (.text:ECDHCC26X2_convertReturnValue)
                  000181ac    00000040                      : ECDHCC26X2.oem4f (.text:ECDHCC26X2_getPublicKeyResult)
                  000181ec    00000040     driverlib.lib : osc.obj (.text:NOROM_OSC_HPOSCRelativeFrequencyOffsetGet)
                  0001822c    00000040     OneLib.a : gap_configmgr.o (.text)
                  0001826c    00000040              : gattservapp.o (.text)
                  000182ac    00000040              : linkdb.o (.text)
                  000182ec    00000040              : ll_common.o (.text)
                  0001832c    00000040              : ll_common.o (.text)
                  0001836c    00000040              : sm_intpairing.o (.text)
                  000183ac    00000040     drivers_cc26x2.a : PowerCC26X2.oem4f (.text:PowerCC26XX_isStableXOSC_HF)
                  000183ec    00000040                      : Random.oem4f (.text:Random_getNumber)
                  0001842c    00000040                      : RingBuf.oem4f (.text:RingBuf_get)
                  0001846c    00000040     StackWrapper.a : osal.o (.text)
                  000184ac    00000040                    : osal_bufmgr.o (.text)
                  000184ec    00000040                    : osal_bufmgr.o (.text)
                  0001852c    00000040                    : osal_timers.o (.text)
                  0001856c    00000040     drivers_cc26x2.a : TRNGCC26XX.oem4f (.text:TRNGCC26XX_copyToClient)
                  000185ac    00000040                      : UART.oem4f (.text:UART_open)
                  000185ec    00000040     rtsv7M4_T_le_v4SPD16_eabi.lib : u_divt2.asm.obj (.text)
                  0001862c    00000040     rom_sysbios.aem4f : rom_sysbios.obj (.text:ti_sysbios_family_arm_cc26xx_Timer_setThreshold__I)
                  0001866c    00000040                       : rom_sysbios.obj (.text:ti_sysbios_heaps_HeapCallback_Module_startup__E)
                  000186ac    0000003e     dpl_cc26x2.a : HwiP_tirtos.oem4f (.text:HwiP_construct)
                  000186ea    0000003e     OneLib.a : ll_common.o (.text)
                  00018728    0000003e              : ll_isr.o (.text)
                  00018766    0000003e     drivers_cc26x2.a : TRNGCC26XX.oem4f (.text:TRNGCC26XX_serviceJob)
                  000187a4    0000003e     multi_role.obj (.text:multi_role_passcodeCB$4)
                  000187e2    00000002     rf_multiMode_cc26x2.a : rfc.c.cc26x2.ccs.o (.text:NOROM_RFCCpePatchReset)
                  000187e4    0000003c     nvocmp.obj (.text:NVOCMP_disableCache$9)
                  00018820    0000003c     OneLib.a : gap_linkmgr.o (.text)
                  0001885c    0000003c              : gattservapp.o (.text)
                  00018898    0000003c              : gattservapp.o (.text)
                  000188d4    0000003c              : gattservapp.o (.text)
                  00018910    0000003c              : linkdb.o (.text)
                  0001894c    0000003c              : ll_ae.o (.text)
                  00018988    0000003c     drivers_cc26x2.a : PINCC26XX.oem4f (.text:PIN_setOutputValue)
                  000189c4    0000003c     rf_multiMode_cc26x2.a : RFCC26X2_multiMode.c.cc26x2.ccs.o (.text:RF_cmdGet)
                  00018a00    0000003c                           : RFCC26X2_multiMode.c.cc26x2.ccs.o (.text:RF_cmdStoreEvents)
                  00018a3c    0000003c     StackWrapper.a : osal.o (.text)
                  00018a78    0000003c                    : osal.o (.text)
                  00018ab4    0000003c                    : osal.o (.text)
                  00018af0    0000003c                    : osal_timers.o (.text)
                  00018b2c    0000003c                    : sm_ecc.o (.text)
                  00018b68    0000003c     drivers_cc26x2.a : NVSCC26XX.oem4f (.text:checkEraseRange)
                  00018ba4    0000003c     multi_role.obj (.text:multi_role_createTask)
                  00018be0    0000003c     rom_sysbios.aem4f : rom_sysbios.obj (.text:ti_sysbios_family_arm_m3_Hwi_construct2__E)
                  00018c1c    0000003a     StackWrapper.a : osal.o (.text)
                  00018c56    00000002     rf_multiMode_cc26x2.a : RFCC26X2_multiMode.c.cc26x2.ccs.o (.text:RF_defaultCallback)
                  00018c58    00000038     board_key.obj (.text:Board_keyCallback$3)
                  00018c90    00000038     ti_drivers_config.obj (.text:Board_shutDownExtFlash)
                  00018cc8    00000038     OneLib.a : hci.o (.text)
                  00018d00    00000038              : linkdb.o (.text)
                  00018d38    00000038              : ll_ae.o (.text)
                  00018d70    00000038              : ll_ae.o (.text)
                  00018da8    00000038              : ll_common.o (.text)
                  00018de0    00000038              : ll_enc.o (.text)
                  00018e18    00000038              : ll_scheduler.o (.text)
                  00018e50    00000038              : sm_rsppairing.o (.text)
                  00018e88    00000038     drivers_cc26x2.a : PINCC26XX.oem4f (.text:PIN_setConfig)
                  00018ec0    00000038     rf_multiMode_cc26x2.a : RFCC26X2_multiMode.c.cc26x2.ccs.o (.text:RF_checkCmdFsError)
                  00018ef8    00000038     StackWrapper.a : osal_timers.o (.text)
                  00018f30    00000038     drivers_cc26x2.a : PowerCC26X2.oem4f (.text:notify)
                  00018f68    00000038                      : UARTCC26XX.oem4f (.text:readData)
                  00018fa0    00000038     two_btn_menu.obj (.text:tbm_findActiveItem)
                  00018fd8    00000038     two_btn_menu.obj (.text:tbm_goTo)
                  00019010    00000038     rom_sysbios.aem4f : rom_sysbios.obj (.text:ti_sysbios_family_arm_cc26xx_Timer_getCurrentTick__E)
                  00019048    00000038     drivers_cc26x2.a : UARTCC26XX.oem4f (.text:writeData)
                  00019080    00000036     StackWrapper.a : ble_dispatch_lite.o (.text)
                  000190b6    00000036     rom_sysbios.aem4f : rom_sysbios.obj (.text:ti_sysbios_family_arm_cc26xx_Timer_setNextTick__E)
                  000190ec    00000034     gattservapp_util.obj (.text:GATTServApp_InitCharCfg)
                  00019120    00000034     icall.obj (.text:ICall_heapFree)
                  00019154    00000034     icall.obj (.text:ICall_searchServiceEntity)
                  00019188    00000034     driverlib.lib : aes.obj (.text:NOROM_AESStartDMAOperation)
                  000191bc    00000034                   : sys_ctrl.obj (.text:NOROM_SysCtrlIdle)
                  000191f0    00000034     nvocmp.obj (.text:NVOCMP_verifyCRC$9)
                  00019224    00000034     OneLib.a : hci.o (.text)
                  00019258    00000034              : hci_tl.o (.text)
                  0001928c    00000034              : ll_ae.o (.text)
                  000192c0    00000034              : ll_scheduler.o (.text)
                  000192f4    00000034              : ll_scheduler.o (.text)
                  00019328    00000034     rf_multiMode_cc26x2.a : RFCC26X2_multiMode.c.cc26x2.ccs.o (.text:RF_powerConstraintRelease)
                  0001935c    00000034                           : RFCC26X2_multiMode.c.cc26x2.ccs.o (.text:RF_runDirectImmediateCmd)
                  00019390    00000034     StackWrapper.a : gapbondmgr.o (.text)
                  000193c4    00000034                    : icall_startup.o (.text)
                  000193f8    00000034     multi_role.obj (.text:multi_role_clockHandler$4)
                  0001942c    00000034     drivers_cc26x2.a : UARTCC26XX.oem4f (.text:readData2RingBuf)
                  00019460    00000034     rom_sysbios.aem4f : rom_sysbios.obj (.text:ti_sysbios_knl_Swi_setPri__E)
                  00019494    00000032     multi_role.obj (.text:multi_role_scanCB$4)
                  000194c6    00000032     rom_sysbios.aem4f : rom_sysbios.obj (.text:ti_sysbios_gates_GateMutexPri_insertPri__I)
                  000194f8    00000030     drivers_cc26x2.a : AESECBCC26XX.oem4f (.text:AESECB_cleanup)
                  00019528    00000030     icall.obj (.text:ICall_dispatch$18)
                  00019558    00000030     icall.obj (.text:ICall_msecs2Ticks$18)
                  00019588    00000030     icall.obj (.text:ICall_primEntityId2ServiceId$18)
                  000195b8    00000030     icall.obj (.text:ICall_searchTask$18)
                  000195e8    00000030     nvocmp.obj (.text:NVOCMP_changePageState$9)
                  00019618    00000030     drivers_cc26x2.a : NVSCC26XX.oem4f (.text:NVSCC26XX_erase)
                  00019648    00000030     OneLib.a : gap_scanner.o (.text)
                  00019678    00000030              : gattservapp.o (.text)
                  000196a8    00000030              : ll_ae.o (.text)
                  000196d8    00000030              : ll_scheduler.o (.text)
                  00019708    00000030     drivers_cc26x2.a : PINCC26XX.oem4f (.text:PINCC26XX_setMux)
                  00019738    00000030                      : PowerCC26X2.oem4f (.text:Power_releaseConstraint)
                  00019768    00000030                      : PowerCC26X2.oem4f (.text:Power_setConstraint)
                  00019798    00000030     StackWrapper.a : osal_timers.o (.text)
                  000197c8    00000030     drivers_cc26x2.a : TRNGCC26XX.oem4f (.text:TRNGCC26XX_fillEntropyPool)
                  000197f8    00000030                      : TRNGCC26XX.oem4f (.text:TRNG_generateKey)
                  00019828    00000030     rf_multiMode_cc26x2.a : rf_patch_cpe_bt5.c.cc26x2.ccs.o (.text:applyBt5Patch)
                  00019858    00000030     multi_role_app_pem4f.oem4f (.text:ti_sysbios_BIOS_atExitFunc__I)
                  00019888    00000030     multi_role_app_pem4f.oem4f (.text:ti_sysbios_BIOS_startFunc__I)
                  000198b8    00000030     rom_sysbios.aem4f : rom_sysbios.obj (.text:ti_sysbios_family_arm_cc26xx_Timer_initDevice__I)
                  000198e8    00000030     multi_role_app_pem4f.oem4f (.text:ti_sysbios_gates_GateMutexPri_Object__create__S)
                  00019918    00000030     multi_role_app_pem4f.oem4f (.text:ti_sysbios_gates_GateMutexPri_create)
                  00019948    00000030     multi_role_app_pem4f.oem4f (.text:ti_sysbios_heaps_HeapCallback_Object__create__S)
                  00019978    00000030     rom_sysbios.aem4f : rom_sysbios.obj (.text:ti_sysbios_knl_Clock_getTimeout__E)
                  000199a8    0000002e     icall_cc2650.obj (.text:ICallPlatform_pwrDispenseImpl$19)
                  000199d6    0000002e     icall_cc2650.obj (.text:ICallPlatform_pwrRequireImpl$19)
                  00019a04    0000002e     OneLib.a : gattservapp.o (.text)
                  00019a32    00000002     StackWrapper.a : common_rom_init.o (.text)
                  00019a34    0000002c     icall.obj (.text:ICall_getLocalMsgEntityId)
                  00019a60    0000002c     icall.obj (.text:ICall_msgEnqueue$18)
                  00019a8c    0000002c     drivers_cc26x2.a : NVS.oem4f (.text:NVS_init)
                  00019ab8    0000002c     OneLib.a : gatt_task.o (.text)
                  00019ae4    0000002c              : gattservapp.o (.text)
                  00019b10    0000002c     rf_multiMode_cc26x2.a : RFCC26X2_multiMode.c.cc26x2.ccs.o (.text:RF_executeDirectImmediateCmd)
                  00019b3c    0000002c     rom_init.obj (.text:ROM_Init)
                  00019b68    0000002c     dpl_cc26x2.a : SemaphoreP_tirtos.oem4f (.text:SemaphoreP_constructBinary)
                  00019b94    0000002c                  : SemaphoreP_tirtos.oem4f (.text:SemaphoreP_createBinary)
                  00019bc0    0000002c     StackWrapper.a : hal_assert.o (.text)
                  00019bec    0000002c                    : osal_bufmgr.o (.text)
                  00019c18    0000002c     drivers_cc26x2.a : TRNGCC26XX.oem4f (.text:TRNGCC26XX_stopTrng)
                  00019c44    0000002c     multi_role_app_pem4f.oem4f (.text:ti_sysbios_gates_GateMutexPri_Handle__label__S)
                  00019c70    0000002c     multi_role_app_pem4f.oem4f (.text:ti_sysbios_heaps_HeapCallback_Handle__label__S)
                  00019c9c    0000002c     rom_sysbios.aem4f : rom_sysbios.obj (.text:ti_sysbios_knl_Clock_getTicksUntilInterrupt__E)
                  00019cc8    0000002a     display.a : DisplayUart.oem4f (.text:DisplayUartAnsi_clear)
                  00019cf2    0000002a               : Display.oem4f (.text:Display_doPrintf)
                  00019d1c    0000002a     drivers_cc26x2.a : List.oem4f (.text:List_insert)
                  00019d46    0000002a     rf_multiMode_cc26x2.a : RFCC26X2_multiMode.c.cc26x2.ccs.o (.text:RF_searchAndReplacePAOverride)
                  00019d70    0000002a     multi_role.obj (.text:multi_role_pairStateCB$4)
                  00019d9a    00000002     StackWrapper.a : hal_assert.o (.text)
                  00019d9c    00000028     drivers_cc26x2.a : AESCTRCC26XX.oem4f (.text:AESCTR_cleanup)
                  00019dc4    00000028     rf_multiMode_cc26x2.a : rfc.c.cc26x2.ccs.o (.text:NOROM_RFCOverrideSearch)
                  00019dec    00000028     nvocmp.obj (.text:NVOCMP_setCompactHdr$9)
                  00019e14    00000028     OneLib.a : gattservapp.o (.text)
                  00019e3c    00000028              : ll_common.o (.text)
                  00019e64    00000028     drivers_cc26x2.a : PowerCC26X2.oem4f (.text:Power_registerNotify)
                  00019e8c    00000028     rf_multiMode_cc26x2.a : RFCC26X2_multiMode.c.cc26x2.ccs.o (.text:RF_calculateDeltaTimeUs)
                  00019eb4    00000028                           : RFCC26X2_multiMode.c.cc26x2.ccs.o (.text:RF_runScheduleCmd)
                  00019edc    00000028     StackWrapper.a : osal.o (.text)
                  00019f04    00000028                    : osal_snv_wrapper.o (.text)
                  00019f2c    00000028                    : osal_snv_wrapper.o (.text)
                  00019f54    00000028                    : osal_snv_wrapper.o (.text)
                  00019f7c    00000028     drivers_cc26x2.a : PowerCC26X2.oem4f (.text:oscillatorISR)
                  00019fa4    00000028                      : NVSCC26XX.oem4f (.text:restoreFlashCache)
                  00019fcc    00000028     two_btn_menu.obj (.text:tbm_setItemStatus)
                  00019ff4    00000026     drivers_cc26x2.a : List.oem4f (.text:List_put)
                  0001a01a    00000026                      : List.oem4f (.text:List_putHead)
                  0001a040    00000026                      : List.oem4f (.text:List_remove)
                  0001a066    00000026     multi_role.obj (.text:multi_role_advCB$4)
                  0001a08c    00000024     drivers_cc26x2.a : AESCTRDRBGXX.oem4f (.text:AESCTRDRBG_uninstantiate)
                  0001a0b0    00000024     driverlib.lib : osc.obj (.text:NOROM_OSCHF_TurnOnXosc)
                  0001a0d4    00000024     rf_multiMode_cc26x2.a : rfc.c.cc26x2.ccs.o (.text:NOROM_RFCDoorbellSendTo)
                  0001a0f8    00000024     OneLib.a : gapgattserver.o (.text)
                  0001a11c    00000024              : gatt_server.o (.text)
                  0001a140    00000024              : ll_ae.o (.text)
                  0001a164    00000024     rf_multiMode_cc26x2.a : RFCC26X2_multiMode.c.cc26x2.ccs.o (.text:RF_cmdAlloc)
                  0001a188    00000024                           : RFCC26X2_multiMode.c.cc26x2.ccs.o (.text:RF_invokeGlobalCallback)
                  0001a1ac    00000024     StackWrapper.a : ble_dispatch_lite.o (.text)
                  0001a1d0    00000024                    : gapbondmgr.o (.text)
                  0001a1f4    00000024                    : osal.o (.text)
                  0001a218    00000024                    : osal.o (.text)
                  0001a23c    00000024                    : osal_timers.o (.text)
                  0001a260    00000024                    : osal_timers.o (.text)
                  0001a284    00000024     drivers_cc26x2.a : PowerCC26X2_calibrateRCOSC.oem4f (.text:getTdcSemaphore)
                  0001a2a8    00000024     rtsv7M4_T_le_v4SPD16_eabi.lib : memcmp.c.obj (.text:memcmp)
[...]
20000fd4  maxNumConns                                                     
20000fd5  aeCurHandle                                                     
20000fd6  aeCurAdvEnableHandle                                            
20000fd7  aeCurConnHandle                                                 
20000fd8  extScanIndex                                                    
20000fd9  extInitIndex                                                    
20000fda  scanState                                                       
20000fdb  lastPrimPhy                                                     
20000fdc  lastScanRsp                                                     
20000fdd  smTaskID                                                        
20000fde  SM_appExpectingKey                                              
200014e8  mrMenuMain                                                      
200014fc  mrMenuConnect                                                   
20001510  mrMenuSelectConn                                                
20001524  mrMenuPerConn                                                   
20001538  mrMenuAdvPhy                                                    
2000154c  mrMenuScanPhy                                                   
20001560  mrMenuInitPhy                                                   
20001574  mrMenuConnPhy                                                   
20001588  mrMenuGattWrite                                                 
2000159c  mrMenuPhy                                                       
200015b0  MRMenu_scanPhy                                                  
2000161c  MRMenu_advPhy                                                   
20001688  MRMenu_connPhy                                                  
2000173c  MRMenu_initPhy                                                  
200019fc  dispHandle                                                      
20001aa0  mrTask                                                          
20001bb0  PowerCC26X2_module                                              
20001e44  ROM_stateStruct                                                 
20001e44  ti_sysbios_knl_Clock_Module__state__V                           
20001e70  ti_sysbios_family_arm_cc26xx_TimestampProvider_Module__state__V 
20001e74  xdc_runtime_Startup_Module__state__V                            
20001e7c  xdc_runtime_Registry_Module__state__V                           
20001e84  ti_sysbios_BIOS_Module__state__V                                
20001ea8  ti_sysbios_knl_Swi_Module__state__V                             
20001ec4  ti_sysbios_knl_Task_Module__state__V                            
20001f08  xdc_runtime_Memory_Module__state__V                             
20001f0c  xdc_runtime_System_Module__state__V                             
20001f14  ti_sysbios_family_arm_m3_Hwi_Module__state__V                   
20001f48  ti_sysbios_family_arm_cc26xx_Timer_Module__state__V             
20002048  gapAttrTbl                                                      
200020fc  ICall_enterCriticalSection                                      
20002100  ICall_leaveCriticalSection                                      
20002104  ICall_dispatcher                                                
20002118  heapmgrMemFreeTotal                                             
20002124  HEAPMGR_SIZE                                                    
20002194  pairMode                                                        
20002195  mitm                                                            
20002196  ioCap                                                           
20002197  bonding                                                         
20002198  secureConnection                                                
20002199  authenPairingOnly                                               
2000219a  autoSyncWL                                                      
2000219b  eccReGenPolicy                                                  
2000219c  KeySize                                                         
2000219d  removeLRUBond                                                   
2000219e  bondFailAction                                                  
2000219f  KeyDistList                                                     
200021a0  eccDebugKeys                                                    
200021a1  allowDebugKeys                                                  
200021a2  eraseBondWhileInConn                                            
200021a4  pRandomAddress                                                  
200021a8  advData1                                                        
200021af  advData2                                                        
200021ba  attDeviceName                                                   
200021cf  scanResData1                                                    
200021e4  advParams1                                                      
20002200  advParams2                                                      
2000221c  ti_sysbios_knl_Task_Module_State_0_readyQ__A                    
2000229c  llUserConfig                                                    
20002302  gAction                                                         
20002303  NVOCMP_size                                                     
20002330  NVOCMP_nvHandle                                                 
20002360  pOverrides_bleCommon                                            
200023b4  txPowerTable_2400_pa5                                           
20002404  ti_sysbios_knl_Task_Object__table__V                            
20002454  appKeyChangeHandler                                             
20002458  hKeyPins                                                        
2000245c  keyPinsCfg                                                      
20002468  keyPins                                                         
20002498  ti_sysbios_family_arm_cc26xx_Timer_Object__table__V             
200024e0  gattAttrTbl                                                     
20002520  sm_eccKeys_sc_host_debug                                        
20002560  eccParams_NISTP256                                              
200025a0  nvintfFncStruct                                                 
200025dc  ti_sysbios_gates_GateMutex_Object__table__V                     
20002614  ti_sysbios_knl_Swi_Module_State_0_readyQ__A                     
20002644  ti_sysbios_knl_Swi_Object__table__V                             
20002674  _hposcCoeffs                                                    
200026b8  ti_sysbios_knl_Clock_Object__table__V                           
200026d8  xdc_runtime_Error_IgnoreBlock                                   
200026f8  ti_sysbios_family_arm_m3_Hwi_Object__table__V                   
20002710  tbmRowItemLast                                                  
2000278d  deviceNameCharProps                                             
2000278e  disconnectImmedConnId                                           
20002790  gattAttrTbl_gatt_no_service_changed                             
200027a0  rfMode                                                          
200027b0  sizeInfo                                                        
200027c0  bleAppServiceInfoTable                                          
200027d0  pfnBMAlloc                                                      
200027d4  pfnBMFree                                                       
200027d8  pRfErrCb                                                        
200027dc  lastAppOpcodeIdxSent                                            
200027e0  pOverrides_ble2Mbps                                             
200027f0  pOverrides_bleCoded                                             
20002800  user0Cfg                                                        
20002810  pOverrides_ble1Mbps                                             
2000281c  ti_sysbios_heaps_HeapCallback_Object__table__V                  
20002831  appearanceCharProps                                             
20002832  llUserConfig_maxPduSize                                         
2000283c  bleUserCfg_maxPduSize                                           
20002840  appAssertCback                                                  
20002844  _lock                                                           
20002848  _unlock                                                         
2000284c  periConnParameters                                              
20002854  RFCC26XX_schedulerPolicy                                        
2000285c  pinUpperBound                                                   
20002860  pinLowerBound                                                   
2000286c  ti_sysbios_family_arm_m3_Hwi_Module__root__V                    
20002874  ti_sysbios_gates_GateHwi_Module__root__V                        
2000287c  ti_sysbios_gates_GateMutexPri_Module__root__V                   
20002884  ti_sysbios_gates_GateMutex_Module__root__V                      
2000288c  ti_sysbios_hal_Hwi_Module__root__V                              
20002894  ti_sysbios_heaps_HeapCallback_Module__root__V                   
2000289c  ti_sysbios_heaps_HeapMem_Module__root__V                        
200028a4  ti_sysbios_knl_Clock_Module__root__V                            
200028ac  ti_sysbios_knl_Event_Module__root__V                            
200028b4  ti_sysbios_knl_Mailbox_Module__root__V                          
200028bc  ti_sysbios_knl_Queue_Module__root__V                            
200028c4  ti_sysbios_knl_Semaphore_Module__root__V                        
200028cc  ti_sysbios_knl_Swi_Module__root__V                              
200028d4  ti_sysbios_knl_Task_Module__root__V                             
200028dc  xdc_runtime_System_Module_State_0_atexitHandlers__A             
200028e9  periConnParamCharProps                                          
200028ea  baseTaskID                                                      
200028ec  patchedMasterCtrlPktList                                        
200028f0  patchedSlaveCtrlPktList                                         
200028f4  halAssertCback                                                  
200028f8  icallServiceTblPtr                                              
200028fc  main_func_sp                                                    
20002900  ti_sysbios_family_arm_m3_Hwi_Module_State_0_excContext__A       
20002904  ti_sysbios_family_arm_m3_Hwi_Module_State_0_excStack__A         
20002908  ti_sysbios_knl_Task_Module_State_0_idleTask__A                  
2000290c  CryptoResourceCC26XX_pollingFlag                                
2000290e  PKAResourceCC26XX_pollingFlag                                   
20002912  ti_sysbios_family_arm_m3_Hwi_Module_State_0_excActive__A        
20002914  centAddrResCharProps                                            
20002915  centAddrRes                                                     
20002916  resolvablePrivateAddressOnlyCharProps                           
20002917  GATTServApp_gatt_no_service_changed                             
20002919  qosDefaultPriorityConnParameter                                 
2000291a  extScanChanMap                                                  
2000291b  sizeOfAllExtConnParam                                           
2000291c  rfRatHandle                                                     
2000291d  smAllowDebugKeysMode                                            
2000291e  gapEndAppTaskID                                                 
2000291f  gapAppTaskID                                                    
20002920  legacyMode                                                      
20002921  argRpaRead                                                      
20002929  periodicUpdateData                                              
20002930  mrTaskStack                                                     
20002d30  ti_sysbios_knl_Task_Instance_State_0_stack__A                   
20003030  uartCC26XXObjects                                               
200031ec  ti_sysbios_family_arm_m3_Hwi_dispatchTable                      
200032c4  extScanReportState                                              
20003364  trngCC26XXObjects                                               
20003468  pinHandleTable                                                  
200034e4  cbTimers                                                        
200035cc  aesctrdrbgXXObjects                                             
20003674  CryptoResourceCC26XX_accessSemaphore                            
200036c4  CryptoResourceCC26XX_operationSemaphore                         
20003714  PKAResourceCC26XX_accessSemaphore                               
20003764  PKAResourceCC26XX_operationSemaphore                            
200037b4  nvFptrs                                                         
2000382c  llCteSamples                                                    
20003850  req                                                             
20003870  gapBond_remoteOobData                                           
20003890  gapBond_localOobData                                            
200038f0  ecdhCC26X2Objects                                               
20003964  CryptoResourceCC26XX_hwi                                        
20003980  PKAResourceCC26XX_hwi                                           
2000399c  deviceName                                                      
200039b4  llCoex                                                          
200039cc  aesccmCC26XXObjects                                             
200039e4  aesctrCC26XXObjects                                             
200039fc  aesecbCC26XXObjects                                             
20003a3c  llCteTest                                                       
20003a48  cteAntennaProp                                                  
20003a54  llTaskList                                                      
20003a6c  displayUartObject                                               
20003a78  secondaryAdvChannelMap                                          
20003a80  llRfCmdPreemption                                               
20003a88  ggs_AppCBs                                                      
20003a90  BDAddrPerConnHandle                                             
20003a94  llCte                                                           
20003a98  extStackSettings                                                
20003a9c  llConnExtParam                                                  
20003aa0  trngHandle                                                      
20003aa4  LSTORecoveryArr                                                 
20003aa8  pNextAdvSet                                                     
20003aac  llCurrentMappedChan                                             
20003ab0  drbgHandle                                                      
20003ab4  pRpaCfg                                                         
20003ab8  gapBond_lruBondList                                             
20003abc  gapBondStateNodeHead                                            
20003ac0  osal_syncHandle                                                 
20003ac4  osal_tickperiod                                                 
20003ac8  osal_max_msecs                                                  
20003acc  osal_icallMsg_hook                                              
20003ad0  osal_qHead                                                      
20003ad4  osal_eventloop_hook                                             
20003ae0  OSAL_timeSeconds                                                
20003ae4  timerHead                                                       
20003aec  osal_last_timestamp                                             
20003af8  PowerCC26XX_swiKey                                              
20003afc  PowerCC26XX_taskKey                                             
20003b00  nvsCC26XXObjects                                                
20003b04  tasksEvents                                                     
20003b08  appearance                                                      
20003b0a  maximumPduSize                                                  
20003b0c  extScanNumMissed                                                
20003b10  pwrmgr_attribute                                                
20003b12  resolvablePrivateAddressOnly                                    
20003b13  GATTServApp_att_delayed_req                                     
20003b14  hciTaskID                                                       
20003b15  hciL2capTaskID                                                  
20003b16  hciGapTaskID                                                    
20003b17  hciSmpTaskID                                                    
20003b18  hciTestTaskID                                                   
20003b19  hciVsEvtMask                                                    
20003b1a  scanReqRpt                                                      
20003b1b  secondaryAdvChannelMapPopCount                                  
20003b1c  qosDefaultPriorityAdvParameter                                  
20003b1d  qosDefaultPriorityScnParameter                                  
20003b1e  qosDefaultPriorityInitParameter                                 
20003b1f  maxNumCteDataBufs                                               
20003b20  numActiveAdvSets                                                
20003b21  wlSize                                                          
20003b22  rlSize                                                          
20003b23  decryptResult                                                   
20003b24  llUnhandleNextIntFlag                                           
20003b25  smAuthenPairingOnlyMode                                         
20003b26  icall_liteTaskId                                                
20003b27  gapBond_removeLRUBond                                           
20003b28  gapBond_syncRL                                                  
20003b29  assertSubcause                                                  
20003b2a  osal_entity                                                     
20003b2b  pwrmgr_initialized                                              
20003b2d  driverlib_release_0_60278                                       
20003b2e  heapStart                                                       
20013c00  __stack                                                         
20013c00  heapEnd                                                         
20014000  __STACK_END                                                     
20014000  __STACK_TOP                                                     
20014000  __UNUSED_SRAM_end__                                             
e000e000  ti_sysbios_family_arm_m3_Hwi_nvic                               
ffffffff  __TI_pprof_out_hndl                                             
ffffffff  __TI_prof_data_size                                             
ffffffff  __TI_prof_data_start                                            
ffffffff  __binit__                                                       
ffffffff  __c_args__                                                      
ffffffff  binit                                                           
UNDEFED   ITM_flush                                                       
UNDEFED   ITM_restore                                                     
UNDEFED   SHT$$INIT_ARRAY$$Base                                           
UNDEFED   SHT$$INIT_ARRAY$$Limit                                          

[3064 symbols]
